Archive member included to satisfy reference by file (symbol)

../../bibliotheque pour TPs\libRobot.a(robot.o)
                              src/main.o (initRobot)
../../bibliotheque pour TPs\libTPsIUT.a(libTPIUT.o)
                              src/main.o (initCarte)
c:/program files (x86)/atmel/studio/7.0/toolchain/arm/arm-gnu-toolchain/bin/../lib/gcc/arm-none-eabi/6.3.1/../../../../arm-none-eabi/lib/thumb/v7-m\libc_nano.a(lib_a-exit.o)
                              c:/program files (x86)/atmel/studio/7.0/toolchain/arm/arm-gnu-toolchain/bin/../lib/gcc/arm-none-eabi/6.3.1/../../../../arm-none-eabi/lib/thumb/v7-m/crt0.o (exit)
c:/program files (x86)/atmel/studio/7.0/toolchain/arm/arm-gnu-toolchain/bin/../lib/gcc/arm-none-eabi/6.3.1/../../../../arm-none-eabi/lib/thumb/v7-m\libc_nano.a(lib_a-impure.o)
                              c:/program files (x86)/atmel/studio/7.0/toolchain/arm/arm-gnu-toolchain/bin/../lib/gcc/arm-none-eabi/6.3.1/../../../../arm-none-eabi/lib/thumb/v7-m\libc_nano.a(lib_a-exit.o) (_global_impure_ptr)
c:/program files (x86)/atmel/studio/7.0/toolchain/arm/arm-gnu-toolchain/bin/../lib/gcc/arm-none-eabi/6.3.1/../../../../arm-none-eabi/lib/thumb/v7-m\libc_nano.a(lib_a-init.o)
                              c:/program files (x86)/atmel/studio/7.0/toolchain/arm/arm-gnu-toolchain/bin/../lib/gcc/arm-none-eabi/6.3.1/../../../../arm-none-eabi/lib/thumb/v7-m/crt0.o (__libc_init_array)
c:/program files (x86)/atmel/studio/7.0/toolchain/arm/arm-gnu-toolchain/bin/../lib/gcc/arm-none-eabi/6.3.1/../../../../arm-none-eabi/lib/thumb/v7-m\libc_nano.a(lib_a-memset.o)
                              c:/program files (x86)/atmel/studio/7.0/toolchain/arm/arm-gnu-toolchain/bin/../lib/gcc/arm-none-eabi/6.3.1/../../../../arm-none-eabi/lib/thumb/v7-m/crt0.o (memset)
c:/program files (x86)/atmel/studio/7.0/toolchain/arm/arm-gnu-toolchain/bin/../lib/gcc/arm-none-eabi/6.3.1/../../../../arm-none-eabi/lib/thumb/v7-m\libc_nano.a(lib_a-nano-vfprintf_float.o)
                              (_printf_float)
c:/program files (x86)/atmel/studio/7.0/toolchain/arm/arm-gnu-toolchain/bin/../lib/gcc/arm-none-eabi/6.3.1/../../../../arm-none-eabi/lib/thumb/v7-m\libc_nano.a(lib_a-nano-vfprintf_i.o)
                              c:/program files (x86)/atmel/studio/7.0/toolchain/arm/arm-gnu-toolchain/bin/../lib/gcc/arm-none-eabi/6.3.1/../../../../arm-none-eabi/lib/thumb/v7-m\libc_nano.a(lib_a-nano-vfprintf_float.o) (_printf_common)
c:/program files (x86)/atmel/studio/7.0/toolchain/arm/arm-gnu-toolchain/bin/../lib/gcc/arm-none-eabi/6.3.1/../../../../arm-none-eabi/lib/thumb/v7-m\libc_nano.a(lib_a-printf.o)
                              src/ASF/sam/utils/syscalls/gcc/syscalls.o (iprintf)
c:/program files (x86)/atmel/studio/7.0/toolchain/arm/arm-gnu-toolchain/bin/../lib/gcc/arm-none-eabi/6.3.1/../../../../arm-none-eabi/lib/thumb/v7-m\libc_nano.a(lib_a-puts.o)
                              ../../bibliotheque pour TPs\libRobot.a(robot.o) (puts)
c:/program files (x86)/atmel/studio/7.0/toolchain/arm/arm-gnu-toolchain/bin/../lib/gcc/arm-none-eabi/6.3.1/../../../../arm-none-eabi/lib/thumb/v7-m\libc_nano.a(lib_a-setbuf.o)
                              ../../bibliotheque pour TPs\libTPsIUT.a(libTPIUT.o) (setbuf)
c:/program files (x86)/atmel/studio/7.0/toolchain/arm/arm-gnu-toolchain/bin/../lib/gcc/arm-none-eabi/6.3.1/../../../../arm-none-eabi/lib/thumb/v7-m\libc_nano.a(lib_a-setvbuf.o)
                              c:/program files (x86)/atmel/studio/7.0/toolchain/arm/arm-gnu-toolchain/bin/../lib/gcc/arm-none-eabi/6.3.1/../../../../arm-none-eabi/lib/thumb/v7-m\libc_nano.a(lib_a-setbuf.o) (setvbuf)
c:/program files (x86)/atmel/studio/7.0/toolchain/arm/arm-gnu-toolchain/bin/../lib/gcc/arm-none-eabi/6.3.1/../../../../arm-none-eabi/lib/thumb/v7-m\libc_nano.a(lib_a-strlen.o)
                              c:/program files (x86)/atmel/studio/7.0/toolchain/arm/arm-gnu-toolchain/bin/../lib/gcc/arm-none-eabi/6.3.1/../../../../arm-none-eabi/lib/thumb/v7-m\libc_nano.a(lib_a-nano-vfprintf_float.o) (strlen)
c:/program files (x86)/atmel/studio/7.0/toolchain/arm/arm-gnu-toolchain/bin/../lib/gcc/arm-none-eabi/6.3.1/../../../../arm-none-eabi/lib/thumb/v7-m\libc_nano.a(lib_a-wbuf.o)
                              c:/program files (x86)/atmel/studio/7.0/toolchain/arm/arm-gnu-toolchain/bin/../lib/gcc/arm-none-eabi/6.3.1/../../../../arm-none-eabi/lib/thumb/v7-m\libc_nano.a(lib_a-puts.o) (__swbuf_r)
c:/program files (x86)/atmel/studio/7.0/toolchain/arm/arm-gnu-toolchain/bin/../lib/gcc/arm-none-eabi/6.3.1/../../../../arm-none-eabi/lib/thumb/v7-m\libc_nano.a(lib_a-wsetup.o)
                              c:/program files (x86)/atmel/studio/7.0/toolchain/arm/arm-gnu-toolchain/bin/../lib/gcc/arm-none-eabi/6.3.1/../../../../arm-none-eabi/lib/thumb/v7-m\libc_nano.a(lib_a-puts.o) (__swsetup_r)
c:/program files (x86)/atmel/studio/7.0/toolchain/arm/arm-gnu-toolchain/bin/../lib/gcc/arm-none-eabi/6.3.1/../../../../arm-none-eabi/lib/thumb/v7-m\libc_nano.a(lib_a-dtoa.o)
[...]
Memory Configuration

Name             Origin             Length             Attributes
rom              0x00080000         0x00080000         xr
sram0            0x20000000         0x00010000         xrw
sram1            0x20080000         0x00008000         xrw
ram              0x20070000         0x00018000         xrw
*default*        0x00000000         0xffffffff

Linker script and memory map

LOAD c:/program files (x86)/atmel/studio/7.0/toolchain/arm/arm-gnu-toolchain/bin/../lib/gcc/arm-none-eabi/6.3.1/thumb/v7-m/crti.o
LOAD c:/program files (x86)/atmel/studio/7.0/toolchain/arm/arm-gnu-toolchain/bin/../lib/gcc/arm-none-eabi/6.3.1/thumb/v7-m/crtbegin.o
LOAD c:/program files (x86)/atmel/studio/7.0/toolchain/arm/arm-gnu-toolchain/bin/../lib/gcc/arm-none-eabi/6.3.1/../../../../arm-none-eabi/lib/thumb/v7-m/crt0.o
LOAD src/ASF/common/utils/interrupt/interrupt_sam_nvic.o
LOAD src/ASF/sam/utils/cmsis/sam3x/source/templates/exceptions.o
LOAD src/ASF/sam/utils/cmsis/sam3x/source/templates/gcc/startup_sam3x.o
LOAD src/ASF/sam/utils/cmsis/sam3x/source/templates/system_sam3x.o
LOAD src/ASF/sam/utils/syscalls/gcc/syscalls.o
LOAD src/main.o
START GROUP
LOAD ../src/ASF/thirdparty/CMSIS/Lib/GCC\libarm_cortexM3l_math.a
LOAD c:/program files (x86)/atmel/studio/7.0/toolchain/arm/arm-gnu-toolchain/bin/../lib/gcc/arm-none-eabi/6.3.1/../../../../arm-none-eabi/lib/thumb/v7-m\libm.a
LOAD ../../bibliotheque pour TPs\libRobot.a
LOAD ../../bibliotheque pour TPs\libTPsIUT.a
END GROUP
LOAD c:/program files (x86)/atmel/studio/7.0/toolchain/arm/arm-gnu-toolchain/bin/../lib/gcc/arm-none-eabi/6.3.1/../../../../arm-none-eabi/lib/thumb/v7-m\libc_nano.a
START GROUP
LOAD c:/program files (x86)/atmel/studio/7.0/toolchain/arm/arm-gnu-toolchain/bin/../lib/gcc/arm-none-eabi/6.3.1/thumb/v7-m\libgcc.a
LOAD c:/program files (x86)/atmel/studio/7.0/toolchain/arm/arm-gnu-toolchain/bin/../lib/gcc/arm-none-eabi/6.3.1/../../../../arm-none-eabi/lib/thumb/v7-m\libc_nano.a
END GROUP
START GROUP
LOAD c:/program files (x86)/atmel/studio/7.0/toolchain/arm/arm-gnu-toolchain/bin/../lib/gcc/arm-none-eabi/6.3.1/thumb/v7-m\libgcc.a
LOAD c:/program files (x86)/atmel/studio/7.0/toolchain/arm/arm-gnu-toolchain/bin/../lib/gcc/arm-none-eabi/6.3.1/../../../../arm-none-eabi/lib/thumb/v7-m\libc_nano.a
END GROUP
LOAD c:/program files (x86)/atmel/studio/7.0/toolchain/arm/arm-gnu-toolchain/bin/../lib/gcc/arm-none-eabi/6.3.1/thumb/v7-m/crtend.o
LOAD c:/program files (x86)/atmel/studio/7.0/toolchain/arm/arm-gnu-toolchain/bin/../lib/gcc/arm-none-eabi/6.3.1/thumb/v7-m/crtn.o
                0x00002000                __stack_size__ = DEFINED (__stack_size__)?__stack_size__:0x2000
                0x20087ffc                __ram_end__ = ((ORIGIN (ram) + LENGTH (ram)) - 0x4)

.text           0x00080000     0x5c40
                0x00080000                . = ALIGN (0x4)
                0x00080000                _sfixed = .
 *(.vectors .vectors.*)
 .vectors       0x00080000       0xf4 src/ASF/sam/utils/cmsis/sam3x/source/templates/gcc/startup_sam3x.o
                0x00080000                exception_table
 *(.text .text.* .gnu.linkonce.t.*)
 .text          0x000800f4       0x6c c:/program files (x86)/atmel/studio/7.0/toolchain/arm/arm-gnu-toolchain/bin/../lib/gcc/arm-none-eabi/6.3.1/thumb/v7-m/crtbegin.o
 .text.Dummy_Handler
                0x00080160        0x2 src/ASF/sam/utils/cmsis/sam3x/source/templates/exceptions.o
                0x00080160                DACC_Handler
                0x00080160                DebugMon_Handler
                0x00080160                DMAC_Handler
                0x00080160                TRNG_Handler
                0x00080160                HardFault_Handler
                0x00080160                SysTick_Handler
                0x00080160                USART3_Handler
                0x00080160                TWI1_Handler
                0x00080160                PendSV_Handler
                0x00080160                NMI_Handler
                0x00080160                SMC_Handler
                0x00080160                USART0_Handler
                0x00080160                RTT_Handler
                0x00080160                EFC1_Handler
                0x00080160                RTC_Handler
                0x00080160                UsageFault_Handler
                0x00080160                WDT_Handler
                0x00080160                CAN0_Handler
                0x00080160                HSMCI_Handler
                0x00080160                Dummy_Handler
                0x00080160                TWI0_Handler
                0x00080160                USART1_Handler
                0x00080160                SSC_Handler
                0x00080160                EFC0_Handler
                0x00080160                PMC_Handler
                0x00080160                CAN1_Handler
                0x00080160                MemManage_Handler
                0x00080160                SUPC_Handler
                0x00080160                SVC_Handler
                0x00080160                USART2_Handler
                0x00080160                EMAC_Handler
                0x00080160                UART_Handler
                0x00080160                BusFault_Handler
                0x00080160                RSTC_Handler
                0x00080160                UOTGHS_Handler
                0x00080160                SPI0_Handler
 *fill*         0x00080162        0x2 
 .text.Reset_Handler
                0x00080164       0x98 src/ASF/sam/utils/cmsis/sam3x/source/templates/gcc/startup_sam3x.o
                0x00080164                Reset_Handler
 .text._sbrk    0x000801fc       0x38 src/ASF/sam/utils/syscalls/gcc/syscalls.o
                0x000801fc                _sbrk
 .text._close   0x00080234        0x6 src/ASF/sam/utils/syscalls/gcc/syscalls.o
                0x00080234                _close
 .text._fstat   0x0008023a        0xa src/ASF/sam/utils/syscalls/gcc/syscalls.o
                0x0008023a                _fstat
 .text._isatty  0x00080244        0x4 src/ASF/sam/utils/syscalls/gcc/syscalls.o
                0x00080244                _isatty
 .text._lseek   0x00080248        0x4 src/ASF/sam/utils/syscalls/gcc/syscalls.o
                0x00080248                _lseek
 .text.resetMoteurLent
                0x0008024c       0xc8 src/main.o
                0x0008024c                resetMoteurLent
 .text.init     0x00080314      0x118 src/main.o
                0x00080314                init
 .text.positionnerMoteurLent
                0x0008042c      0x114 src/main.o
                0x0008042c                positionnerMoteurLent
 .text.main     0x00080540      0x1e0 src/main.o
                0x00080540                main
 .text.initMoteur
                0x00080720       0x60 ../../bibliotheque pour TPs\libRobot.a(robot.o)
                0x00080720                initMoteur
 .text.initRobot
                0x00080780       0x24 ../../bibliotheque pour TPs\libRobot.a(robot.o)
                0x00080780                initRobot
 .text.positionnerMoteur
                0x000807a4       0xd4 ../../bibliotheque pour TPs\libRobot.a(robot.o)
                0x000807a4                positionnerMoteur
 .text._additif
                0x00080878       0xd4 ../../bibliotheque pour TPs\libRobot.a(robot.o)
                0x00080878                _additif
 .text._ignorer_IT
                0x0008094c        0x4 ../../bibliotheque pour TPs\libTPsIUT.a(libTPIUT.o)
                0x0008094c                _ignorer_IT
 .text.pwm_clocks_generate
                0x00080950       0x90 ../../bibliotheque pour TPs\libTPsIUT.a(libTPIUT.o)
 .text.initCarte
                0x000809e0       0xd4 ../../bibliotheque pour TPs\libTPsIUT.a(libTPIUT.o)
                0x000809e0                initCarte
 .text.uart_init
                0x00080ab4       0x48 ../../bibliotheque pour TPs\libTPsIUT.a(libTPIUT.o)
                0x00080ab4                uart_init
 .text.uart_read
                0x00080afc       0x14 ../../bibliotheque pour TPs\libTPsIUT.a(libTPIUT.o)
                0x00080afc                uart_read
 .text.uart_write
                0x00080b10       0x10 ../../bibliotheque pour TPs\libTPsIUT.a(libTPIUT.o)
                0x00080b10                uart_write
 .text.pio_set_peripheral
                0x00080b20       0x40 ../../bibliotheque pour TPs\libTPsIUT.a(libTPIUT.o)
                0x00080b20                pio_set_peripheral
 .text.pio_set_input
                0x00080b60       0x34 ../../bibliotheque pour TPs\libTPsIUT.a(libTPIUT.o)
                0x00080b60                pio_set_input
 .text.pio_configure_interrupt
                0x00080b94       0x30 ../../bibliotheque pour TPs\libTPsIUT.a(libTPIUT.o)
                0x00080b94                pio_configure_interrupt
 .text.pio_set_output
                0x00080bc4       0x28 ../../bibliotheque pour TPs\libTPsIUT.a(libTPIUT.o)
                0x00080bc4                pio_set_output
 .text.pio_configure
                0x00080bec       0x88 ../../bibliotheque pour TPs\libTPsIUT.a(libTPIUT.o)
                0x00080bec                pio_configure
 .text.configureConsole
                0x00080c74       0x74 ../../bibliotheque pour TPs\libTPsIUT.a(libTPIUT.o)
                0x00080c74                configureConsole
 .text._read    0x00080ce8       0x38 ../../bibliotheque pour TPs\libTPsIUT.a(libTPIUT.o)
                0x00080ce8                _read
 .text._write   0x00080d20       0x38 ../../bibliotheque pour TPs\libTPsIUT.a(libTPIUT.o)
                0x00080d20                _write
 .text.allumerPeriph
                0x00080d58       0xcc ../../bibliotheque pour TPs\libTPsIUT.a(libTPIUT.o)
                0x00080d58                allumerPeriph
 .text.eteindrePeriph
                0x00080e24       0xb8 ../../bibliotheque pour TPs\libTPsIUT.a(libTPIUT.o)
                0x00080e24                eteindrePeriph
 .text._renvoieLigne
                0x00080edc       0x44 ../../bibliotheque pour TPs\libTPsIUT.a(libTPIUT.o)
                0x00080edc                _renvoieLigne
 .text.programmerLigne
                0x00080f20       0x6c ../../bibliotheque pour TPs\libTPsIUT.a(libTPIUT.o)
                0x00080f20                programmerLigne
 .text.activerFiltrageLigne
                0x00080f8c       0x60 ../../bibliotheque pour TPs\libTPsIUT.a(libTPIUT.o)
                0x00080f8c                activerFiltrageLigne
 .text.ecrireLigne
                0x00080fec       0x64 ../../bibliotheque pour TPs\libTPsIUT.a(libTPIUT.o)
                0x00080fec                ecrireLigne
 .text.lireLigne
                0x00081050       0x54 ../../bibliotheque pour TPs\libTPsIUT.a(libTPIUT.o)
                0x00081050                lireLigne
 .text._chercheITLibre
                0x000810a4       0x30 ../../bibliotheque pour TPs\libTPsIUT.a(libTPIUT.o)
                0x000810a4                _chercheITLibre
 .text.PIOA_Handler
                0x000810d4       0x54 ../../bibliotheque pour TPs\libTPsIUT.a(libTPIUT.o)
                0x000810d4                PIOA_Handler
 .text.PIOB_Handler
                0x00081128       0x54 ../../bibliotheque pour TPs\libTPsIUT.a(libTPIUT.o)
                0x00081128                PIOB_Handler
 .text.PIOC_Handler
                0x0008117c       0x54 ../../bibliotheque pour TPs\libTPsIUT.a(libTPIUT.o)
                0x0008117c                PIOC_Handler
 .text.PIOD_Handler
                0x000811d0       0x54 ../../bibliotheque pour TPs\libTPsIUT.a(libTPIUT.o)
                0x000811d0                PIOD_Handler
 .text.timerModeDelai
                0x00081224       0x94 ../../bibliotheque pour TPs\libTPsIUT.a(libTPIUT.o)
                0x00081224                timerModeDelai
 .text.timerModeDeclenchement
                0x000812b8       0x94 ../../bibliotheque pour TPs\libTPsIUT.a(libTPIUT.o)
                0x000812b8                timerModeDeclenchement
 .text.lancerTimer
                0x0008134c       0x3c ../../bibliotheque pour TPs\libTPsIUT.a(libTPIUT.o)
                0x0008134c                lancerTimer
 .text.arreterTimer
                0x00081388       0x3c ../../bibliotheque pour TPs\libTPsIUT.a(libTPIUT.o)
                0x00081388                arreterTimer
 .text.testerEtatTimer
                0x000813c4       0x6c ../../bibliotheque pour TPs\libTPsIUT.a(libTPIUT.o)
                0x000813c4                testerEtatTimer
 .text.autoriserITTimer
                0x00081430       0xe8 ../../bibliotheque pour TPs\libTPsIUT.a(libTPIUT.o)
                0x00081430                autoriserITTimer
 .text.TC0_Handler
                0x00081518       0x60 ../../bibliotheque pour TPs\libTPsIUT.a(libTPIUT.o)
                0x00081518                TC0_Handler
 .text.TC1_Handler
                0x00081578       0x60 ../../bibliotheque pour TPs\libTPsIUT.a(libTPIUT.o)
                0x00081578                TC1_Handler
 .text.TC2_Handler
                0x000815d8       0x60 ../../bibliotheque pour TPs\libTPsIUT.a(libTPIUT.o)
                0x000815d8                TC2_Handler
 .text.TC3_Handler
                0x00081638       0x64 ../../bibliotheque pour TPs\libTPsIUT.a(libTPIUT.o)
                0x00081638                TC3_Handler
 .text.TC4_Handler
                0x0008169c       0x64 ../../bibliotheque pour TPs\libTPsIUT.a(libTPIUT.o)
                0x0008169c                TC4_Handler
 .text.TC5_Handler
                0x00081700       0x64 ../../bibliotheque pour TPs\libTPsIUT.a(libTPIUT.o)
                0x00081700                TC5_Handler
 .text.TC6_Handler
                0x00081764       0x64 ../../bibliotheque pour TPs\libTPsIUT.a(libTPIUT.o)
                0x00081764                TC6_Handler
 .text.TC7_Handler
                0x000817c8       0x64 ../../bibliotheque pour TPs\libTPsIUT.a(libTPIUT.o)
                0x000817c8                TC7_Handler
 .text.TC8_Handler
                0x0008182c       0x64 ../../bibliotheque pour TPs\libTPsIUT.a(libTPIUT.o)
                0x0008182c                TC8_Handler
 .text.initConvAN
                0x00081890       0x94 ../../bibliotheque pour TPs\libTPsIUT.a(libTPIUT.o)
                0x00081890                initConvAN
 .text.declenchementConvAN
                0x00081924       0x50 ../../bibliotheque pour TPs\libTPsIUT.a(libTPIUT.o)
                0x00081924                declenchementConvAN
 .text.choisirEntreeConvAN
                0x00081974       0x44 ../../bibliotheque pour TPs\libTPsIUT.a(libTPIUT.o)
                0x00081974                choisirEntreeConvAN
 .text.lancerConversionAN
                0x000819b8        0xc ../../bibliotheque pour TPs\libTPsIUT.a(libTPIUT.o)
                0x000819b8                lancerConversionAN
 .text.lireValeurConvAN
                0x000819c4       0x30 ../../bibliotheque pour TPs\libTPsIUT.a(libTPIUT.o)
                0x000819c4                lireValeurConvAN
 .text.lireTensionConvAN
                0x000819f4       0x80 ../../bibliotheque pour TPs\libTPsIUT.a(libTPIUT.o)
                0x000819f4                lireTensionConvAN
 .text.testerEtatConvAN
                0x00081a74       0x94 ../../bibliotheque pour TPs\libTPsIUT.a(libTPIUT.o)
                0x00081a74                testerEtatConvAN
 .text.ADC_Handler
                0x00081b08       0x58 ../../bibliotheque pour TPs\libTPsIUT.a(libTPIUT.o)
                0x00081b08                ADC_Handler
 .text.pwm_channel_init
                0x00081b60      0x10c ../../bibliotheque pour TPs\libTPsIUT.a(libTPIUT.o)
                0x00081b60                pwm_channel_init
 .text.initGeneSignal
                0x00081c6c       0xc4 ../../bibliotheque pour TPs\libTPsIUT.a(libTPIUT.o)
                0x00081c6c                initGeneSignal
 .text.definirHorlogeA
                0x00081d30       0x8c ../../bibliotheque pour TPs\libTPsIUT.a(libTPIUT.o)
                0x00081d30                definirHorlogeA
 .text.modifierSeuilGeneSignal
                0x00081dbc       0x7c ../../bibliotheque pour TPs\libTPsIUT.a(libTPIUT.o)
                0x00081dbc                modifierSeuilGeneSignal
 .text._freq_horloge
                0x00081e38       0x30 ../../bibliotheque pour TPs\libTPsIUT.a(libTPIUT.o)
                0x00081e38                _freq_horloge
 .text.freqGeneSignal
                0x00081e68       0x64 ../../bibliotheque pour TPs\libTPsIUT.a(libTPIUT.o)
                0x00081e68                freqGeneSignal
 .text.relais_IT_pwm
                0x00081ecc       0x58 ../../bibliotheque pour TPs\libTPsIUT.a(libTPIUT.o)
                0x00081ecc                relais_IT_pwm
 .text.PWM_Handler
                0x00081f24       0x10 ../../bibliotheque pour TPs\libTPsIUT.a(libTPIUT.o)
                0x00081f24                PWM_Handler
 .text.__libc_init_array
                0x00081f34       0x48 c:/program files (x86)/atmel/studio/7.0/toolchain/arm/arm-gnu-toolchain/bin/../lib/gcc/arm-none-eabi/6.3.1/../../../../arm-none-eabi/lib/thumb/v7-m\libc_nano.a(lib_a-init.o)
                0x00081f34                __libc_init_array
 .text.memset   0x00081f7c       0x10 c:/program files (x86)/atmel/studio/7.0/toolchain/arm/arm-gnu-toolchain/bin/../lib/gcc/arm-none-eabi/6.3.1/../../../../arm-none-eabi/lib/thumb/v7-m\libc_nano.a(lib_a-memset.o)
                0x00081f7c                memset
 .text.__cvt    0x00081f8c       0xb8 c:/program files (x86)/atmel/studio/7.0/toolchain/arm/arm-gnu-toolchain/bin/../lib/gcc/arm-none-eabi/6.3.1/../../../../arm-none-eabi/lib/thumb/v7-m\libc_nano.a(lib_a-nano-vfprintf_float.o)
                0x00081f8c                __cvt
 .text.__exponent
                0x00082044       0x6a c:/program files (x86)/atmel/studio/7.0/toolchain/arm/arm-gnu-toolchain/bin/../lib/gcc/arm-none-eabi/6.3.1/../../../../arm-none-eabi/lib/thumb/v7-m\libc_nano.a(lib_a-nano-vfprintf_float.o)
                0x00082044                __exponent
 *fill*         0x000820ae        0x2 
 .text._printf_float
                0x000820b0      0x470 c:/program files (x86)/atmel/studio/7.0/toolchain/arm/arm-gnu-toolchain/bin/../lib/gcc/arm-none-eabi/6.3.1/../../../../arm-none-eabi/lib/thumb/v7-m\libc_nano.a(lib_a-nano-vfprintf_float.o)
                0x000820b0                _printf_float
 .text._printf_common
                0x00082520       0xee c:/program files (x86)/atmel/studio/7.0/toolchain/arm/arm-gnu-toolchain/bin/../lib/gcc/arm-none-eabi/6.3.1/../../../../arm-none-eabi/lib/thumb/v7-m\libc_nano.a(lib_a-nano-vfprintf_i.o)
                0x00082520                _printf_common
 *fill*         0x0008260e        0x2 
 .text._printf_i
                0x00082610      0x240 c:/program files (x86)/atmel/studio/7.0/toolchain/arm/arm-gnu-toolchain/bin/../lib/gcc/arm-none-eabi/6.3.1/../../../../arm-none-eabi/lib/thumb/v7-m\libc_nano.a(lib_a-nano-vfprintf_i.o)
                0x00082610                _printf_i
 .text.printf   0x00082850       0x30 c:/program files (x86)/atmel/studio/7.0/toolchain/arm/arm-gnu-toolchain/bin/../lib/gcc/arm-none-eabi/6.3.1/../../../../arm-none-eabi/lib/thumb/v7-m\libc_nano.a(lib_a-printf.o)
                0x00082850                iprintf
                0x00082850                printf
 .text._puts_r  0x00082880       0xb8 c:/program files (x86)/atmel/studio/7.0/toolchain/arm/arm-gnu-toolchain/bin/../lib/gcc/arm-none-eabi/6.3.1/../../../../arm-none-eabi/lib/thumb/v7-m\libc_nano.a(lib_a-puts.o)
                0x00082880                _puts_r
 .text.puts     0x00082938       0x10 c:/program files (x86)/atmel/studio/7.0/toolchain/arm/arm-gnu-toolchain/bin/../lib/gcc/arm-none-eabi/6.3.1/../../../../arm-none-eabi/lib/thumb/v7-m\libc_nano.a(lib_a-puts.o)
                0x00082938                puts
 .text.setbuf   0x00082948       0x10 c:/program files (x86)/atmel/studio/7.0/toolchain/arm/arm-gnu-toolchain/bin/../lib/gcc/arm-none-eabi/6.3.1/../../../../arm-none-eabi/lib/thumb/v7-m\libc_nano.a(lib_a-setbuf.o)
                0x00082948                setbuf
 .text.setvbuf  0x00082958      0x15c c:/program files (x86)/atmel/studio/7.0/toolchain/arm/arm-gnu-toolchain/bin/../lib/gcc/arm-none-eabi/6.3.1/../../../../arm-none-eabi/lib/thumb/v7-m\libc_nano.a(lib_a-setvbuf.o)
                0x00082958                setvbuf
 .text          0x00082ab4       0x10 c:/program files (x86)/atmel/studio/7.0/toolchain/arm/arm-gnu-toolchain/bin/../lib/gcc/arm-none-eabi/6.3.1/../../../../arm-none-eabi/lib/thumb/v7-m\libc_nano.a(lib_a-strlen.o)
                0x00082ab4                strlen
 .text.__swbuf_r
                0x00082ac4       0xa4 c:/program files (x86)/atmel/studio/7.0/toolchain/arm/arm-gnu-toolchain/bin/../lib/gcc/arm-none-eabi/6.3.1/../../../../arm-none-eabi/lib/thumb/v7-m\libc_nano.a(lib_a-wbuf.o)
                0x00082ac4                __swbuf_r
 .text.__swsetup_r
                0x00082b68       0xdc c:/program files (x86)/atmel/studio/7.0/toolchain/arm/arm-gnu-toolchain/bin/../lib/gcc/arm-none-eabi/6.3.1/../../../../arm-none-eabi/lib/thumb/v7-m\libc_nano.a(lib_a-wsetup.o)
                0x00082b68                __swsetup_r
 .text.quorem   0x00082c44      0x118 c:/program files (x86)/atmel/studio/7.0/toolchain/arm/arm-gnu-toolchain/bin/../lib/gcc/arm-none-eabi/6.3.1/../../../../arm-none-eabi/lib/thumb/v7-m\libc_nano.a(lib_a-dtoa.o)
 *fill*         0x00082d5c        0x4 
 .text._dtoa_r  0x00082d60      0xba8 c:/program files (x86)/atmel/studio/7.0/toolchain/arm/arm-gnu-toolchain/bin/../lib/gcc/arm-none-eabi/6.3.1/../../../../arm-none-eabi/lib/thumb/v7-m\libc_nano.a(lib_a-dtoa.o)
                0x00082d60                _dtoa_r
 .text.__sflush_r
                0x00083908      0x110 c:/program files (x86)/atmel/studio/7.0/toolchain/arm/arm-gnu-toolchain/bin/../lib/gcc/arm-none-eabi/6.3.1/../../../../arm-none-eabi/lib/thumb/v7-m\libc_nano.a(lib_a-fflush.o)
                0x00083908                __sflush_r
 .text._fflush_r
                0x00083a18       0x54 c:/program files (x86)/atmel/studio/7.0/toolchain/arm/arm-gnu-toolchain/bin/../lib/gcc/arm-none-eabi/6.3.1/../../../../arm-none-eabi/lib/thumb/v7-m\libc_nano.a(lib_a-fflush.o)
                0x00083a18                _fflush_r
 .text._cleanup_r
                0x00083a6c        0xc c:/program files (x86)/atmel/studio/7.0/toolchain/arm/arm-gnu-toolchain/bin/../lib/gcc/arm-none-eabi/6.3.1/../../../../arm-none-eabi/lib/thumb/v7-m\libc_nano.a(lib_a-findfp.o)
                0x00083a6c                _cleanup_r
 .text.std.isra.0
                0x00083a78       0x48 c:/program files (x86)/atmel/studio/7.0/toolchain/arm/arm-gnu-toolchain/bin/../lib/gcc/arm-none-eabi/6.3.1/../../../../arm-none-eabi/lib/thumb/v7-m\libc_nano.a(lib_a-findfp.o)
 .text.__sfmoreglue
                0x00083ac0       0x2c c:/program files (x86)/atmel/studio/7.0/toolchain/arm/arm-gnu-toolchain/bin/../lib/gcc/arm-none-eabi/6.3.1/../../../../arm-none-eabi/lib/thumb/v7-m\libc_nano.a(lib_a-findfp.o)
                0x00083ac0                __sfmoreglue
 .text.__sinit  0x00083aec       0x60 c:/program files (x86)/atmel/studio/7.0/toolchain/arm/arm-gnu-toolchain/bin/../lib/gcc/arm-none-eabi/6.3.1/../../../../arm-none-eabi/lib/thumb/v7-m\libc_nano.a(lib_a-findfp.o)
                0x00083aec                __sinit
 .text.__sfp    0x00083b4c       0x78 c:/program files (x86)/atmel/studio/7.0/toolchain/arm/arm-gnu-toolchain/bin/../lib/gcc/arm-none-eabi/6.3.1/../../../../arm-none-eabi/lib/thumb/v7-m\libc_nano.a(lib_a-findfp.o)
                0x00083b4c                __sfp
 .text._fwalk_reent
                0x00083bc4       0x3c c:/program files (x86)/atmel/studio/7.0/toolchain/arm/arm-gnu-toolchain/bin/../lib/gcc/arm-none-eabi/6.3.1/../../../../arm-none-eabi/lib/thumb/v7-m\libc_nano.a(lib_a-fwalk.o)
                0x00083bc4                _fwalk_reent
 .text._localeconv_r
                0x00083c00       0x1c c:/program files (x86)/atmel/studio/7.0/toolchain/arm/arm-gnu-toolchain/bin/../lib/gcc/arm-none-eabi/6.3.1/../../../../arm-none-eabi/lib/thumb/v7-m\libc_nano.a(lib_a-localeconv.o)
                0x00083c00                _localeconv_r
 .text.__swhatbuf_r
                0x00083c1c       0x48 c:/program files (x86)/atmel/studio/7.0/toolchain/arm/arm-gnu-toolchain/bin/../lib/gcc/arm-none-eabi/6.3.1/../../../../arm-none-eabi/lib/thumb/v7-m\libc_nano.a(lib_a-makebuf.o)
                0x00083c1c                __swhatbuf_r
 .text.__smakebuf_r
                0x00083c64       0x80 c:/program files (x86)/atmel/studio/7.0/toolchain/arm/arm-gnu-toolchain/bin/../lib/gcc/arm-none-eabi/6.3.1/../../../../arm-none-eabi/lib/thumb/v7-m\libc_nano.a(lib_a-makebuf.o)
                0x00083c64                __smakebuf_r
 .text.malloc   0x00083ce4       0x10 c:/program files (x86)/atmel/studio/7.0/toolchain/arm/arm-gnu-toolchain/bin/../lib/gcc/arm-none-eabi/6.3.1/../../../../arm-none-eabi/lib/thumb/v7-m\libc_nano.a(lib_a-malloc.o)
                0x00083ce4                malloc
 .text.memchr   0x00083cf4       0x1c c:/program files (x86)/atmel/studio/7.0/toolchain/arm/arm-gnu-toolchain/bin/../lib/gcc/arm-none-eabi/6.3.1/../../../../arm-none-eabi/lib/thumb/v7-m\libc_nano.a(lib_a-memchr-stub.o)
                0x00083cf4                memchr
 .text.memcpy   0x00083d10       0x16 c:/program files (x86)/atmel/studio/7.0/toolchain/arm/arm-gnu-toolchain/bin/../lib/gcc/arm-none-eabi/6.3.1/../../../../arm-none-eabi/lib/thumb/v7-m\libc_nano.a(lib_a-memcpy-stub.o)
                0x00083d10                memcpy
 .text._Balloc  0x00083d26       0x68 c:/program files (x86)/atmel/studio/7.0/toolchain/arm/arm-gnu-toolchain/bin/../lib/gcc/arm-none-eabi/6.3.1/../../../../arm-none-eabi/lib/thumb/v7-m\libc_nano.a(lib_a-mprec.o)
                0x00083d26                _Balloc
 .text._Bfree   0x00083d8e       0x2e c:/program files (x86)/atmel/studio/7.0/toolchain/arm/arm-gnu-toolchain/bin/../lib/gcc/arm-none-eabi/6.3.1/../../../../arm-none-eabi/lib/thumb/v7-m\libc_nano.a(lib_a-mprec.o)
                0x00083d8e                _Bfree
 .text.__multadd
                0x00083dbc       0x76 c:/program files (x86)/atmel/studio/7.0/toolchain/arm/arm-gnu-toolchain/bin/../lib/gcc/arm-none-eabi/6.3.1/../../../../arm-none-eabi/lib/thumb/v7-m\libc_nano.a(lib_a-mprec.o)
                0x00083dbc                __multadd
 .text.__hi0bits
                0x00083e32       0x3e c:/program files (x86)/atmel/studio/7.0/toolchain/arm/arm-gnu-toolchain/bin/../lib/gcc/arm-none-eabi/6.3.1/../../../../arm-none-eabi/lib/thumb/v7-m\libc_nano.a(lib_a-mprec.o)
                0x00083e32                __hi0bits
 .text.__lo0bits
                0x00083e70       0x5e c:/program files (x86)/atmel/studio/7.0/toolchain/arm/arm-gnu-toolchain/bin/../lib/gcc/arm-none-eabi/6.3.1/../../../../arm-none-eabi/lib/thumb/v7-m\libc_nano.a(lib_a-mprec.o)
                0x00083e70                __lo0bits
 .text.__i2b    0x00083ece       0x12 c:/program files (x86)/atmel/studio/7.0/toolchain/arm/arm-gnu-toolchain/bin/../lib/gcc/arm-none-eabi/6.3.1/../../../../arm-none-eabi/lib/thumb/v7-m\libc_nano.a(lib_a-mprec.o)
                0x00083ece                __i2b
 .text.__multiply
                0x00083ee0      0x118 c:/program files (x86)/atmel/studio/7.0/toolchain/arm/arm-gnu-toolchain/bin/../lib/gcc/arm-none-eabi/6.3.1/../../../../arm-none-eabi/lib/thumb/v7-m\libc_nano.a(lib_a-mprec.o)
                0x00083ee0                __multiply
 .text.__pow5mult
                0x00083ff8       0x9c c:/program files (x86)/atmel/studio/7.0/toolchain/arm/arm-gnu-toolchain/bin/../lib/gcc/arm-none-eabi/6.3.1/../../../../arm-none-eabi/lib/thumb/v7-m\libc_nano.a(lib_a-mprec.o)
                0x00083ff8                __pow5mult
 .text.__lshift
                0x00084094       0xa2 c:/program files (x86)/atmel/studio/7.0/toolchain/arm/arm-gnu-toolchain/bin/../lib/gcc/arm-none-eabi/6.3.1/../../../../arm-none-eabi/lib/thumb/v7-m\libc_nano.a(lib_a-mprec.o)
                0x00084094                __lshift
 .text.__mcmp   0x00084136       0x34 c:/program files (x86)/atmel/studio/7.0/toolchain/arm/arm-gnu-toolchain/bin/../lib/gcc/arm-none-eabi/6.3.1/../../../../arm-none-eabi/lib/thumb/v7-m\libc_nano.a(lib_a-mprec.o)
                0x00084136                __mcmp
 .text.__mdiff  0x0008416a       0xbe c:/program files (x86)/atmel/studio/7.0/toolchain/arm/arm-gnu-toolchain/bin/../lib/gcc/arm-none-eabi/6.3.1/../../../../arm-none-eabi/lib/thumb/v7-m\libc_nano.a(lib_a-mprec.o)
                0x0008416a                __mdiff
 .text.__d2b    0x00084228       0x9e c:/program files (x86)/atmel/studio/7.0/toolchain/arm/arm-gnu-toolchain/bin/../lib/gcc/arm-none-eabi/6.3.1/../../../../arm-none-eabi/lib/thumb/v7-m\libc_nano.a(lib_a-mprec.o)
                0x00084228                __d2b
 .text._calloc_r
                0x000842c6       0x1c c:/program files (x86)/atmel/studio/7.0/toolchain/arm/arm-gnu-toolchain/bin/../lib/gcc/arm-none-eabi/6.3.1/../../../../arm-none-eabi/lib/thumb/v7-m\libc_nano.a(lib_a-nano-callocr.o)
                0x000842c6                _calloc_r
 *fill*         0x000842e2        0x2 
 .text._free_r  0x000842e4       0x98 c:/program files (x86)/atmel/studio/7.0/toolchain/arm/arm-gnu-toolchain/bin/../lib/gcc/arm-none-eabi/6.3.1/../../../../arm-none-eabi/lib/thumb/v7-m\libc_nano.a(lib_a-nano-freer.o)
                0x000842e4                _free_r
 .text._malloc_r
                0x0008437c       0xbc c:/program files (x86)/atmel/studio/7.0/toolchain/arm/arm-gnu-toolchain/bin/../lib/gcc/arm-none-eabi/6.3.1/../../../../arm-none-eabi/lib/thumb/v7-m\libc_nano.a(lib_a-nano-mallocr.o)
                0x0008437c                _malloc_r
 .text.__sfputc_r
                0x00084438       0x2c c:/program files (x86)/atmel/studio/7.0/toolchain/arm/arm-gnu-toolchain/bin/../lib/gcc/arm-none-eabi/6.3.1/../../../../arm-none-eabi/lib/thumb/v7-m\libc_nano.a(lib_a-nano-vfprintf.o)
 .text.__sfputs_r
                0x00084464       0x24 c:/program files (x86)/atmel/studio/7.0/toolchain/arm/arm-gnu-toolchain/bin/../lib/gcc/arm-none-eabi/6.3.1/../../../../arm-none-eabi/lib/thumb/v7-m\libc_nano.a(lib_a-nano-vfprintf.o)
                0x00084464                __sfputs_r
 .text._vfprintf_r
                0x00084488      0x22c c:/program files (x86)/atmel/studio/7.0/toolchain/arm/arm-gnu-toolchain/bin/../lib/gcc/arm-none-eabi/6.3.1/../../../../arm-none-eabi/lib/thumb/v7-m\libc_nano.a(lib_a-nano-vfprintf.o)
                0x00084488                _vfprintf_r
                0x00084488                _vfiprintf_r
 .text._sbrk_r  0x000846b4       0x20 c:/program files (x86)/atmel/studio/7.0/toolchain/arm/arm-gnu-toolchain/bin/../lib/gcc/arm-none-eabi/6.3.1/../../../../arm-none-eabi/lib/thumb/v7-m\libc_nano.a(lib_a-sbrkr.o)
                0x000846b4                _sbrk_r
 .text.__sread  0x000846d4       0x22 c:/program files (x86)/atmel/studio/7.0/toolchain/arm/arm-gnu-toolchain/bin/../lib/gcc/arm-none-eabi/6.3.1/../../../../arm-none-eabi/lib/thumb/v7-m\libc_nano.a(lib_a-stdio.o)
                0x000846d4                __sread
 .text.__swrite
                0x000846f6       0x38 c:/program files (x86)/atmel/studio/7.0/toolchain/arm/arm-gnu-toolchain/bin/../lib/gcc/arm-none-eabi/6.3.1/../../../../arm-none-eabi/lib/thumb/v7-m\libc_nano.a(lib_a-stdio.o)
                0x000846f6                __swrite
 .text.__sseek  0x0008472e       0x24 c:/program files (x86)/atmel/studio/7.0/toolchain/arm/arm-gnu-toolchain/bin/../lib/gcc/arm-none-eabi/6.3.1/../../../../arm-none-eabi/lib/thumb/v7-m\libc_nano.a(lib_a-stdio.o)
                0x0008472e                __sseek
 .text.__sclose
                0x00084752        0x8 c:/program files (x86)/atmel/studio/7.0/toolchain/arm/arm-gnu-toolchain/bin/../lib/gcc/arm-none-eabi/6.3.1/../../../../arm-none-eabi/lib/thumb/v7-m\libc_nano.a(lib_a-stdio.o)
                0x00084752                __sclose
 *fill*         0x0008475a        0x2 
 .text._write_r
                0x0008475c       0x24 c:/program files (x86)/atmel/studio/7.0/toolchain/arm/arm-gnu-toolchain/bin/../lib/gcc/arm-none-eabi/6.3.1/../../../../arm-none-eabi/lib/thumb/v7-m\libc_nano.a(lib_a-writer.o)
                0x0008475c                _write_r
 .text._close_r
                0x00084780       0x20 c:/program files (x86)/atmel/studio/7.0/toolchain/arm/arm-gnu-toolchain/bin/../lib/gcc/arm-none-eabi/6.3.1/../../../../arm-none-eabi/lib/thumb/v7-m\libc_nano.a(lib_a-closer.o)
                0x00084780                _close_r
 .text._fstat_r
                0x000847a0       0x24 c:/program files (x86)/atmel/studio/7.0/toolchain/arm/arm-gnu-toolchain/bin/../lib/gcc/arm-none-eabi/6.3.1/../../../../arm-none-eabi/lib/thumb/v7-m\libc_nano.a(lib_a-fstatr.o)
                0x000847a0                _fstat_r
 .text._isatty_r
                0x000847c4       0x20 c:/program files (x86)/atmel/studio/7.0/toolchain/arm/arm-gnu-toolchain/bin/../lib/gcc/arm-none-eabi/6.3.1/../../../../arm-none-eabi/lib/thumb/v7-m\libc_nano.a(lib_a-isattyr.o)
                0x000847c4                _isatty_r
 .text._lseek_r
                0x000847e4       0x24 c:/program files (x86)/atmel/studio/7.0/toolchain/arm/arm-gnu-toolchain/bin/../lib/gcc/arm-none-eabi/6.3.1/../../../../arm-none-eabi/lib/thumb/v7-m\libc_nano.a(lib_a-lseekr.o)
                0x000847e4                _lseek_r
 .text.__ascii_mbtowc
                0x00084808       0x24 c:/program files (x86)/atmel/studio/7.0/toolchain/arm/arm-gnu-toolchain/bin/../lib/gcc/arm-none-eabi/6.3.1/../../../../arm-none-eabi/lib/thumb/v7-m\libc_nano.a(lib_a-mbtowc_r.o)
                0x00084808                __ascii_mbtowc
 .text.__malloc_lock
                0x0008482c        0x2 c:/program files (x86)/atmel/studio/7.0/toolchain/arm/arm-gnu-toolchain/bin/../lib/gcc/arm-none-eabi/6.3.1/../../../../arm-none-eabi/lib/thumb/v7-m\libc_nano.a(lib_a-mlock.o)
                0x0008482c                __malloc_lock
 .text.__malloc_unlock
                0x0008482e        0x2 c:/program files (x86)/atmel/studio/7.0/toolchain/arm/arm-gnu-toolchain/bin/../lib/gcc/arm-none-eabi/6.3.1/../../../../arm-none-eabi/lib/thumb/v7-m\libc_nano.a(lib_a-mlock.o)
                0x0008482e                __malloc_unlock
 .text._read_r  0x00084830       0x24 c:/program files (x86)/atmel/studio/7.0/toolchain/arm/arm-gnu-toolchain/bin/../lib/gcc/arm-none-eabi/6.3.1/../../../../arm-none-eabi/lib/thumb/v7-m\libc_nano.a(lib_a-readr.o)
                0x00084830                _read_r
 .text.__ascii_wctomb
                0x00084854       0x1a c:/program files (x86)/atmel/studio/7.0/toolchain/arm/arm-gnu-toolchain/bin/../lib/gcc/arm-none-eabi/6.3.1/../../../../arm-none-eabi/lib/thumb/v7-m\libc_nano.a(lib_a-wctomb_r.o)
                0x00084854                __ascii_wctomb
 *fill*         0x0008486e        0x2 
 .text          0x00084870      0x370 c:/program files (x86)/atmel/studio/7.0/toolchain/arm/arm-gnu-toolchain/bin/../lib/gcc/arm-none-eabi/6.3.1/thumb/v7-m\libgcc.a(_arm_addsubdf3.o)
                0x00084870                __aeabi_drsub
                0x00084878                __aeabi_dsub
                0x00084878                __subdf3
                0x0008487c                __aeabi_dadd
                0x0008487c                __adddf3
                0x00084af4                __floatunsidf
                0x00084af4                __aeabi_ui2d
                0x00084b14                __floatsidf
                0x00084b14                __aeabi_i2d
                0x00084b38                __aeabi_f2d
                0x00084b38                __extendsfdf2
                0x00084b74                __floatundidf
                0x00084b74                __aeabi_ul2d
                0x00084b84                __floatdidf
                0x00084b84                __aeabi_l2d
 .text          0x00084be0      0x424 c:/program files (x86)/atmel/studio/7.0/toolchain/arm/arm-gnu-toolchain/bin/../lib/gcc/arm-none-eabi/6.3.1/thumb/v7-m\libgcc.a(_arm_muldivdf3.o)
                0x00084be0                __aeabi_dmul
                0x00084be0                __muldf3
                0x00084e34                __divdf3
                0x00084e34                __aeabi_ddiv
 .text          0x00085004      0x110 c:/program files (x86)/atmel/studio/7.0/toolchain/arm/arm-gnu-toolchain/bin/../lib/gcc/arm-none-eabi/6.3.1/thumb/v7-m\libgcc.a(_arm_cmpdf2.o)
                0x00085004                __gtdf2
                0x00085004                __gedf2
                0x0008500c                __ltdf2
                0x0008500c                __ledf2
                0x00085014                __nedf2
                0x00085014                __eqdf2
                0x00085014                __cmpdf2
                0x00085090                __aeabi_cdrcmple
                0x000850a0                __aeabi_cdcmpeq
                0x000850a0                __aeabi_cdcmple
                0x000850b0                __aeabi_dcmpeq
                0x000850c4                __aeabi_dcmplt
                0x000850d8                __aeabi_dcmple
                0x000850ec                __aeabi_dcmpge
                0x00085100                __aeabi_dcmpgt
 .text          0x00085114       0x2c c:/program files (x86)/atmel/studio/7.0/toolchain/arm/arm-gnu-toolchain/bin/../lib/gcc/arm-none-eabi/6.3.1/thumb/v7-m\libgcc.a(_arm_unorddf2.o)
                0x00085114                __unorddf2
                0x00085114                __aeabi_dcmpun
 .text          0x00085140       0x50 c:/program files (x86)/atmel/studio/7.0/toolchain/arm/arm-gnu-toolchain/bin/../lib/gcc/arm-none-eabi/6.3.1/thumb/v7-m\libgcc.a(_arm_fixdfsi.o)
                0x00085140                __aeabi_d2iz
                0x00085140                __fixdfsi
 .text          0x00085190      0x21c c:/program files (x86)/atmel/studio/7.0/toolchain/arm/arm-gnu-toolchain/bin/../lib/gcc/arm-none-eabi/6.3.1/thumb/v7-m\libgcc.a(_arm_addsubsf3.o)
                0x00085190                __aeabi_frsub
                0x00085198                __subsf3
                0x00085198                __aeabi_fsub
                0x0008519c                __aeabi_fadd
                0x0008519c                __addsf3
                0x000852fc                __aeabi_ui2f
                0x000852fc                __floatunsisf
                0x00085304                __aeabi_i2f
                0x00085304                __floatsisf
                0x00085320                __aeabi_ul2f
                0x00085320                __floatundisf
                0x00085330                __aeabi_l2f
                0x00085330                __floatdisf
 .text          0x000853ac      0x2a0 c:/program files (x86)/atmel/studio/7.0/toolchain/arm/arm-gnu-toolchain/bin/../lib/gcc/arm-none-eabi/6.3.1/thumb/v7-m\libgcc.a(_arm_muldivsf3.o)
                0x000853ac                __mulsf3
                0x000853ac                __aeabi_fmul
                0x00085514                __aeabi_fdiv
                0x00085514                __divsf3
 .text          0x0008564c       0xec c:/program files (x86)/atmel/studio/7.0/toolchain/arm/arm-gnu-toolchain/bin/../lib/gcc/arm-none-eabi/6.3.1/thumb/v7-m\libgcc.a(_arm_cmpsf2.o)
                0x0008564c                __gesf2
                0x0008564c                __gtsf2
                0x00085654                __lesf2
                0x00085654                __ltsf2
                0x0008565c                __nesf2
                0x0008565c                __eqsf2
                0x0008565c                __cmpsf2
                0x000856bc                __aeabi_cfrcmple
                0x000856c4                __aeabi_cfcmpeq
                0x000856c4                __aeabi_cfcmple
                0x000856d4                __aeabi_fcmpeq
                0x000856e8                __aeabi_fcmplt
                0x000856fc                __aeabi_fcmple
                0x00085710                __aeabi_fcmpge
                0x00085724                __aeabi_fcmpgt
 .text          0x00085738       0x4c c:/program files (x86)/atmel/studio/7.0/toolchain/arm/arm-gnu-toolchain/bin/../lib/gcc/arm-none-eabi/6.3.1/thumb/v7-m\libgcc.a(_arm_fixsfsi.o)
                0x00085738                __aeabi_f2iz
                0x00085738                __fixsfsi
 .text          0x00085784       0x40 c:/program files (x86)/atmel/studio/7.0/toolchain/arm/arm-gnu-toolchain/bin/../lib/gcc/arm-none-eabi/6.3.1/thumb/v7-m\libgcc.a(_arm_fixunssfsi.o)
                0x00085784                __fixunssfsi
                0x00085784                __aeabi_f2uiz
 *(.glue_7t)
 .glue_7t       0x000857c4        0x0 linker stubs
 *(.glue_7)
 .glue_7        0x000857c4        0x0 linker stubs
 *(.rodata .rodata* .gnu.linkonce.r.*)
 .rodata        0x000857c4       0x28 src/main.o
 .rodata.main.str1.4
                0x000857ec       0x1b src/main.o
                                 0x1e (size before relaxing)
 *fill*         0x00085807        0x1 
 .rodata.positionnerMoteurLent.str1.4
                0x00085808        0x6 src/main.o
 *fill*         0x0008580e        0x2 
 .rodata.str1.4
                0x00085810       0x30 ../../bibliotheque pour TPs\libRobot.a(robot.o)
                                 0x2e (size before relaxing)
 .rodata        0x00085840      0x120 ../../bibliotheque pour TPs\libTPsIUT.a(libTPIUT.o)
 .rodata._global_impure_ptr
                0x00085960        0x4 c:/program files (x86)/atmel/studio/7.0/toolchain/arm/arm-gnu-toolchain/bin/../lib/gcc/arm-none-eabi/6.3.1/../../../../arm-none-eabi/lib/thumb/v7-m\libc_nano.a(lib_a-impure.o)
                0x00085960                _global_impure_ptr
 .rodata._printf_float.str1.1
                0x00085964       0x12 c:/program files (x86)/atmel/studio/7.0/toolchain/arm/arm-gnu-toolchain/bin/../lib/gcc/arm-none-eabi/6.3.1/../../../../arm-none-eabi/lib/thumb/v7-m\libc_nano.a(lib_a-nano-vfprintf_float.o)
 .rodata._printf_i.str1.1
                0x00085976       0x22 c:/program files (x86)/atmel/studio/7.0/toolchain/arm/arm-gnu-toolchain/bin/../lib/gcc/arm-none-eabi/6.3.1/../../../../arm-none-eabi/lib/thumb/v7-m\libc_nano.a(lib_a-nano-vfprintf_i.o)
 .rodata._dtoa_r.str1.1
                0x00085998        0xd c:/program files (x86)/atmel/studio/7.0/toolchain/arm/arm-gnu-toolchain/bin/../lib/gcc/arm-none-eabi/6.3.1/../../../../arm-none-eabi/lib/thumb/v7-m\libc_nano.a(lib_a-dtoa.o)
                                  0xf (size before relaxing)
 *fill*         0x000859a5        0x3 
 .rodata.__sf_fake_stderr
                0x000859a8       0x20 c:/program files (x86)/atmel/studio/7.0/toolchain/arm/arm-gnu-toolchain/bin/../lib/gcc/arm-none-eabi/6.3.1/../../../../arm-none-eabi/lib/thumb/v7-m\libc_nano.a(lib_a-findfp.o)
                0x000859a8                __sf_fake_stderr
 .rodata.__sf_fake_stdin
                0x000859c8       0x20 c:/program files (x86)/atmel/studio/7.0/toolchain/arm/arm-gnu-toolchain/bin/../lib/gcc/arm-none-eabi/6.3.1/../../../../arm-none-eabi/lib/thumb/v7-m\libc_nano.a(lib_a-findfp.o)
                0x000859c8                __sf_fake_stdin
 .rodata.__sf_fake_stdout
                0x000859e8       0x20 c:/program files (x86)/atmel/studio/7.0/toolchain/arm/arm-gnu-toolchain/bin/../lib/gcc/arm-none-eabi/6.3.1/../../../../arm-none-eabi/lib/thumb/v7-m\libc_nano.a(lib_a-findfp.o)
                0x000859e8                __sf_fake_stdout
 .rodata.__mprec_bigtens
                0x00085a08       0x28 c:/program files (x86)/atmel/studio/7.0/toolchain/arm/arm-gnu-toolchain/bin/../lib/gcc/arm-none-eabi/6.3.1/../../../../arm-none-eabi/lib/thumb/v7-m\libc_nano.a(lib_a-mprec.o)
                0x00085a08                __mprec_bigtens
 .rodata.__mprec_tens
                0x00085a30       0xc8 c:/program files (x86)/atmel/studio/7.0/toolchain/arm/arm-gnu-toolchain/bin/../lib/gcc/arm-none-eabi/6.3.1/../../../../arm-none-eabi/lib/thumb/v7-m\libc_nano.a(lib_a-mprec.o)
                0x00085a30                __mprec_tens
 .rodata.p05.6047
                0x00085af8        0xc c:/program files (x86)/atmel/studio/7.0/toolchain/arm/arm-gnu-toolchain/bin/../lib/gcc/arm-none-eabi/6.3.1/../../../../arm-none-eabi/lib/thumb/v7-m\libc_nano.a(lib_a-mprec.o)
 .rodata._vfprintf_r.str1.1
                0x00085b04       0x11 c:/program files (x86)/atmel/studio/7.0/toolchain/arm/arm-gnu-toolchain/bin/../lib/gcc/arm-none-eabi/6.3.1/../../../../arm-none-eabi/lib/thumb/v7-m\libc_nano.a(lib_a-nano-vfprintf.o)
 .rodata._setlocale_r.str1.1
                0x00085b15        0x8 c:/program files (x86)/atmel/studio/7.0/toolchain/arm/arm-gnu-toolchain/bin/../lib/gcc/arm-none-eabi/6.3.1/../../../../arm-none-eabi/lib/thumb/v7-m\libc_nano.a(lib_a-locale.o)
                                  0x9 (size before relaxing)
 .rodata.str1.1
                0x00085b1d        0x2 c:/program files (x86)/atmel/studio/7.0/toolchain/arm/arm-gnu-toolchain/bin/../lib/gcc/arm-none-eabi/6.3.1/../../../../arm-none-eabi/lib/thumb/v7-m\libc_nano.a(lib_a-locale.o)
 .rodata._ctype_
                0x00085b1f      0x101 c:/program files (x86)/atmel/studio/7.0/toolchain/arm/arm-gnu-toolchain/bin/../lib/gcc/arm-none-eabi/6.3.1/../../../../arm-none-eabi/lib/thumb/v7-m\libc_nano.a(lib_a-ctype_.o)
                0x00085b1f                _ctype_
 *(.ARM.extab* .gnu.linkonce.armextab.*)
                0x00085c20                . = ALIGN (0x4)
 *(.init)
 .init          0x00085c20        0x4 c:/program files (x86)/atmel/studio/7.0/toolchain/arm/arm-gnu-toolchain/bin/../lib/gcc/arm-none-eabi/6.3.1/thumb/v7-m/crti.o
                0x00085c20                _init
 .init          0x00085c24        0x8 c:/program files (x86)/atmel/studio/7.0/toolchain/arm/arm-gnu-toolchain/bin/../lib/gcc/arm-none-eabi/6.3.1/thumb/v7-m/crtn.o
                0x00085c2c                . = ALIGN (0x4)
                0x00085c2c                __preinit_array_start = .
 *(.preinit_array)
                0x00085c2c                __preinit_array_end = .
                0x00085c2c                . = ALIGN (0x4)
                0x00085c2c                __init_array_start = .
 *(SORT(.init_array.*))
 *(.init_array)
 .init_array    0x00085c2c        0x4 c:/program files (x86)/atmel/studio/7.0/toolchain/arm/arm-gnu-toolchain/bin/../lib/gcc/arm-none-eabi/6.3.1/thumb/v7-m/crtbegin.o
                0x00085c30                __init_array_end = .
                0x00085c30                . = ALIGN (0x4)
 *crtbegin.o(.ctors)
 *(EXCLUDE_FILE(*crtend.o) .ctors)
 *(SORT(.ctors.*))
 *crtend.o(.ctors)
                0x00085c30                . = ALIGN (0x4)
 *(.fini)
 .fini          0x00085c30        0x4 c:/program files (x86)/atmel/studio/7.0/toolchain/arm/arm-gnu-toolchain/bin/../lib/gcc/arm-none-eabi/6.3.1/thumb/v7-m/crti.o
                0x00085c30                _fini
 .fini          0x00085c34        0x8 c:/program files (x86)/atmel/studio/7.0/toolchain/arm/arm-gnu-toolchain/bin/../lib/gcc/arm-none-eabi/6.3.1/thumb/v7-m/crtn.o
                0x00085c3c                . = ALIGN (0x4)
                0x00085c3c                __fini_array_start = .
 *(.fini_array)
 .fini_array    0x00085c3c        0x4 c:/program files (x86)/atmel/studio/7.0/toolchain/arm/arm-gnu-toolchain/bin/../lib/gcc/arm-none-eabi/6.3.1/thumb/v7-m/crtbegin.o
 *(SORT(.fini_array.*))
                0x00085c40                __fini_array_end = .
 *crtbegin.o(.dtors)
 *(EXCLUDE_FILE(*crtend.o) .dtors)
 *(SORT(.dtors.*))
 *crtend.o(.dtors)
                0x00085c40                . = ALIGN (0x4)
                0x00085c40                _efixed = .
                [!provide]                PROVIDE (__exidx_start, .)

.vfp11_veneer   0x00085c40        0x0
 .vfp11_veneer  0x00085c40        0x0 linker stubs

.v4_bx          0x00085c40        0x0
 .v4_bx         0x00085c40        0x0 linker stubs

.iplt           0x00085c40        0x0
 .iplt          0x00085c40        0x0 c:/program files (x86)/atmel/studio/7.0/toolchain/arm/arm-gnu-toolchain/bin/../lib/gcc/arm-none-eabi/6.3.1/thumb/v7-m/crtbegin.o

.eh_frame       0x00085c40        0x0
 .eh_frame      0x00085c40        0x0 c:/program files (x86)/atmel/studio/7.0/toolchain/arm/arm-gnu-toolchain/bin/../lib/gcc/arm-none-eabi/6.3.1/thumb/v7-m/crtbegin.o

.rel.dyn        0x00085c40        0x0
 .rel.iplt      0x00085c40        0x0 c:/program files (x86)/atmel/studio/7.0/toolchain/arm/arm-gnu-toolchain/bin/../lib/gcc/arm-none-eabi/6.3.1/thumb/v7-m/crtbegin.o

.jcr            0x00085c40        0x0
 .jcr           0x00085c40        0x0 c:/program files (x86)/atmel/studio/7.0/toolchain/arm/arm-gnu-toolchain/bin/../lib/gcc/arm-none-eabi/6.3.1/thumb/v7-m/crtbegin.o

.igot.plt       0x00085c40        0x0
 .igot.plt      0x00085c40        0x0 c:/program files (x86)/atmel/studio/7.0/toolchain/arm/arm-gnu-toolchain/bin/../lib/gcc/arm-none-eabi/6.3.1/thumb/v7-m/crtbegin.o

.ARM.exidx
 *(.ARM.exidx* .gnu.linkonce.armexidx.*)
                [!provide]                PROVIDE (__exidx_end, .)
                0x00085c40                . = ALIGN (0x4)
                0x00085c40                _etext = .

.relocate       0x20070000      0x38c load address 0x00085c40
                0x20070000                . = ALIGN (0x4)
                0x20070000                _srelocate = .
 *(.ramfunc .ramfunc.*)
 .ramfunc       0x20070000      0x12c src/ASF/sam/utils/cmsis/sam3x/source/templates/system_sam3x.o
                0x20070000                SystemInit
                0x200700a4                system_init_flash
 *(.data .data.*)
 .data.g_interrupt_enabled
                0x2007012c        0x1 src/ASF/common/utils/interrupt/interrupt_sam_nvic.o
                0x2007012c                g_interrupt_enabled
 *fill*         0x2007012d        0x3 
 .data.SystemCoreClock
                0x20070130        0x4 src/ASF/sam/utils/cmsis/sam3x/source/templates/system_sam3x.o
                0x20070130                SystemCoreClock
 .data          0x20070134       0x64 ../../bibliotheque pour TPs\libRobot.a(robot.o)
                0x20070134                _ports
                0x20070148                _lignes
                0x2007015c                _genes
                0x20070170                _angles_min
                0x20070184                _angles_max
 .data          0x20070198       0x24 ../../bibliotheque pour TPs\libTPsIUT.a(libTPIUT.o)
                0x20070198                canauxTimers
 .data._impure_ptr
                0x200701bc        0x4 c:/program files (x86)/atmel/studio/7.0/toolchain/arm/arm-gnu-toolchain/bin/../lib/gcc/arm-none-eabi/6.3.1/../../../../arm-none-eabi/lib/thumb/v7-m\libc_nano.a(lib_a-impure.o)
                0x200701bc                _impure_ptr
 .data.impure_data
                0x200701c0       0x60 c:/program files (x86)/atmel/studio/7.0/toolchain/arm/arm-gnu-toolchain/bin/../lib/gcc/arm-none-eabi/6.3.1/../../../../arm-none-eabi/lib/thumb/v7-m\libc_nano.a(lib_a-impure.o)
 .data.__global_locale
                0x20070220      0x16c c:/program files (x86)/atmel/studio/7.0/toolchain/arm/arm-gnu-toolchain/bin/../lib/gcc/arm-none-eabi/6.3.1/../../../../arm-none-eabi/lib/thumb/v7-m\libc_nano.a(lib_a-locale.o)
                0x20070220                __global_locale
                0x2007038c                . = ALIGN (0x4)
                0x2007038c                _erelocate = .

.bss            0x2007038c      0x2c4 load address 0x00085fcc
                0x2007038c                . = ALIGN (0x4)
                0x2007038c                _sbss = .
                0x2007038c                _szero = .
 *(.bss .bss.*)
 .bss           0x2007038c       0x1c c:/program files (x86)/atmel/studio/7.0/toolchain/arm/arm-gnu-toolchain/bin/../lib/gcc/arm-none-eabi/6.3.1/thumb/v7-m/crtbegin.o
 .bss.heap.5297
                0x200703a8        0x4 src/ASF/sam/utils/syscalls/gcc/syscalls.o
 .bss.indicePos
                0x200703ac       0x14 src/main.o
                0x200703ac                indicePos
 .bss.isInterrompu
                0x200703c0        0x4 src/main.o
                0x200703c0                isInterrompu
 .bss.prevAngle
                0x200703c4       0x14 src/main.o
                0x200703c4                prevAngle
 .bss           0x200703d8      0x258 ../../bibliotheque pour TPs\libTPsIUT.a(libTPIUT.o)
 .bss.__malloc_free_list
                0x20070630        0x4 c:/program files (x86)/atmel/studio/7.0/toolchain/arm/arm-gnu-toolchain/bin/../lib/gcc/arm-none-eabi/6.3.1/../../../../arm-none-eabi/lib/thumb/v7-m\libc_nano.a(lib_a-nano-mallocr.o)
                0x20070630                __malloc_free_list
 .bss.__malloc_sbrk_start
                0x20070634        0x4 c:/program files (x86)/atmel/studio/7.0/toolchain/arm/arm-gnu-toolchain/bin/../lib/gcc/arm-none-eabi/6.3.1/../../../../arm-none-eabi/lib/thumb/v7-m\libc_nano.a(lib_a-nano-mallocr.o)
                0x20070634                __malloc_sbrk_start
 *(COMMON)
 COMMON         0x20070638       0x14 ../../bibliotheque pour TPs\libRobot.a(robot.o)
                0x20070638                _positions_moteurs
 COMMON         0x2007064c        0x4 c:/program files (x86)/atmel/studio/7.0/toolchain/arm/arm-gnu-toolchain/bin/../lib/gcc/arm-none-eabi/6.3.1/../../../../arm-none-eabi/lib/thumb/v7-m\libc_nano.a(lib_a-reent.o)
                0x2007064c                errno
                0x20070650                . = ALIGN (0x4)
                0x20070650                _ebss = .
                0x20070650                _ezero = .

.stack          0x20070650     0x2000 load address 0x00086290
                0x20070650                . = ALIGN (0x8)
                0x20070650                _sstack = .
                0x20072650                . = (. + __stack_size__)
 *fill*         0x20070650     0x2000 
                0x20072650                . = ALIGN (0x8)
                0x20072650                _estack = .
                0x20072650                . = ALIGN (0x4)
                0x20072650                _end = .
OUTPUT(ModeleTP.elf elf32-littlearm)

.ARM.attributes
                0x00000000       0x29
 .ARM.attributes
                0x00000000       0x1d c:/program files (x86)/atmel/studio/7.0/toolchain/arm/arm-gnu-toolchain/bin/../lib/gcc/arm-none-eabi/6.3.1/thumb/v7-m/crti.o
 .ARM.attributes
                0x0000001d       0x2d c:/program files (x86)/atmel/studio/7.0/toolchain/arm/arm-gnu-toolchain/bin/../lib/gcc/arm-none-eabi/6.3.1/thumb/v7-m/crtbegin.o
 .ARM.attributes
                0x0000004a       0x33 src/ASF/common/utils/interrupt/interrupt_sam_nvic.o
 .ARM.attributes
                0x0000007d       0x33 src/ASF/sam/utils/cmsis/sam3x/source/templates/exceptions.o
 .ARM.attributes
                0x000000b0       0x33 src/ASF/sam/utils/cmsis/sam3x/source/templates/gcc/startup_sam3x.o
 .ARM.attributes
                0x000000e3       0x33 src/ASF/sam/utils/cmsis/sam3x/source/templates/system_sam3x.o
 .ARM.attributes
                0x00000116       0x33 src/ASF/sam/utils/syscalls/gcc/syscalls.o
 .ARM.attributes
                0x00000149       0x33 src/main.o
 .ARM.attributes
                0x0000017c       0x33 ../../bibliotheque pour TPs\libRobot.a(robot.o)
 .ARM.attributes
                0x000001af       0x33 ../../bibliotheque pour TPs\libTPsIUT.a(libTPIUT.o)
 .ARM.attributes
                0x000001e2       0x2d c:/program files (x86)/atmel/studio/7.0/toolchain/arm/arm-gnu-toolchain/bin/../lib/gcc/arm-none-eabi/6.3.1/../../../../arm-none-eabi/lib/thumb/v7-m\libc_nano.a(lib_a-impure.o)
 .ARM.attributes
                0x0000020f       0x2d c:/program files (x86)/atmel/studio/7.0/toolchain/arm/arm-gnu-toolchain/bin/../lib/gcc/arm-none-eabi/6.3.1/../../../../arm-none-eabi/lib/thumb/v7-m\libc_nano.a(lib_a-init.o)
 .ARM.attributes
                0x0000023c       0x2d c:/program files (x86)/atmel/studio/7.0/toolchain/arm/arm-gnu-toolchain/bin/../lib/gcc/arm-none-eabi/6.3.1/../../../../arm-none-eabi/lib/thumb/v7-m\libc_nano.a(lib_a-memset.o)
 .ARM.attributes
                0x00000269       0x2d c:/program files (x86)/atmel/studio/7.0/toolchain/arm/arm-gnu-toolchain/bin/../lib/gcc/arm-none-eabi/6.3.1/../../../../arm-none-eabi/lib/thumb/v7-m\libc_nano.a(lib_a-nano-vfprintf_float.o)
 .ARM.attributes
                0x00000296       0x2d c:/program files (x86)/atmel/studio/7.0/toolchain/arm/arm-gnu-toolchain/bin/../lib/gcc/arm-none-eabi/6.3.1/../../../../arm-none-eabi/lib/thumb/v7-m\libc_nano.a(lib_a-nano-vfprintf_i.o)
 .ARM.attributes
                0x000002c3       0x2d c:/program files (x86)/atmel/studio/7.0/toolchain/arm/arm-gnu-toolchain/bin/../lib/gcc/arm-none-eabi/6.3.1/../../../../arm-none-eabi/lib/thumb/v7-m\libc_nano.a(lib_a-printf.o)
 .ARM.attributes
                0x000002f0       0x2d c:/program files (x86)/atmel/studio/7.0/toolchain/arm/arm-gnu-toolchain/bin/../lib/gcc/arm-none-eabi/6.3.1/../../../../arm-none-eabi/lib/thumb/v7-m\libc_nano.a(lib_a-puts.o)
 .ARM.attributes
                0x0000031d       0x2d c:/program files (x86)/atmel/studio/7.0/toolchain/arm/arm-gnu-toolchain/bin/../lib/gcc/arm-none-eabi/6.3.1/../../../../arm-none-eabi/lib/thumb/v7-m\libc_nano.a(lib_a-setbuf.o)
 .ARM.attributes
                0x0000034a       0x2d c:/program files (x86)/atmel/studio/7.0/toolchain/arm/arm-gnu-toolchain/bin/../lib/gcc/arm-none-eabi/6.3.1/../../../../arm-none-eabi/lib/thumb/v7-m\libc_nano.a(lib_a-setvbuf.o)
 .ARM.attributes
                0x00000377       0x17 c:/program files (x86)/atmel/studio/7.0/toolchain/arm/arm-gnu-toolchain/bin/../lib/gcc/arm-none-eabi/6.3.1/../../../../arm-none-eabi/lib/thumb/v7-m\libc_nano.a(lib_a-strlen.o)
 .ARM.attributes
                0x0000038e       0x2d c:/program files (x86)/atmel/studio/7.0/toolchain/arm/arm-gnu-toolchain/bin/../lib/gcc/arm-none-eabi/6.3.1/../../../../arm-none-eabi/lib/thumb/v7-m\libc_nano.a(lib_a-wbuf.o)
 .ARM.attributes
                0x000003bb       0x2d c:/program files (x86)/atmel/studio/7.0/toolchain/arm/arm-gnu-toolchain/bin/../lib/gcc/arm-none-eabi/6.3.1/../../../../arm-none-eabi/lib/thumb/v7-m\libc_nano.a(lib_a-wsetup.o)
 .ARM.attributes
                0x000003e8       0x2d c:/program files (x86)/atmel/studio/7.0/toolchain/arm/arm-gnu-toolchain/bin/../lib/gcc/arm-none-eabi/6.3.1/../../../../arm-none-eabi/lib/thumb/v7-m\libc_nano.a(lib_a-dtoa.o)
 .ARM.attributes
                0x00000415       0x2d c:/program files (x86)/atmel/studio/7.0/toolchain/arm/arm-gnu-toolchain/bin/../lib/gcc/arm-none-eabi/6.3.1/../../../../arm-none-eabi/lib/thumb/v7-m\libc_nano.a(lib_a-fflush.o)
 .ARM.attributes
                0x00000442       0x2d c:/program files (x86)/atmel/studio/7.0/toolchain/arm/arm-gnu-toolchain/bin/../lib/gcc/arm-none-eabi/6.3.1/../../../../arm-none-eabi/lib/thumb/v7-m\libc_nano.a(lib_a-findfp.o)
 .ARM.attributes
                0x0000046f       0x2d c:/program files (x86)/atmel/studio/7.0/toolchain/arm/arm-gnu-toolchain/bin/../lib/gcc/arm-none-eabi/6.3.1/../../../../arm-none-eabi/lib/thumb/v7-m\libc_nano.a(lib_a-fwalk.o)
 .ARM.attributes
                0x0000049c       0x2d c:/program files (x86)/atmel/studio/7.0/toolchain/arm/arm-gnu-toolchain/bin/../lib/gcc/arm-none-eabi/6.3.1/../../../../arm-none-eabi/lib/thumb/v7-m\libc_nano.a(lib_a-localeconv.o)
 .ARM.attributes
                0x000004c9       0x2d c:/program files (x86)/atmel/studio/7.0/toolchain/arm/arm-gnu-toolchain/bin/../lib/gcc/arm-none-eabi/6.3.1/../../../../arm-none-eabi/lib/thumb/v7-m\libc_nano.a(lib_a-makebuf.o)
 .ARM.attributes
                0x000004f6       0x2d c:/program files (x86)/atmel/studio/7.0/toolchain/arm/arm-gnu-toolchain/bin/../lib/gcc/arm-none-eabi/6.3.1/../../../../arm-none-eabi/lib/thumb/v7-m\libc_nano.a(lib_a-malloc.o)
 .ARM.attributes
                0x00000523       0x2d c:/program files (x86)/atmel/studio/7.0/toolchain/arm/arm-gnu-toolchain/bin/../lib/gcc/arm-none-eabi/6.3.1/../../../../arm-none-eabi/lib/thumb/v7-m\libc_nano.a(lib_a-memchr-stub.o)
 .ARM.attributes
                0x00000550       0x2d c:/program files (x86)/atmel/studio/7.0/toolchain/arm/arm-gnu-toolchain/bin/../lib/gcc/arm-none-eabi/6.3.1/../../../../arm-none-eabi/lib/thumb/v7-m\libc_nano.a(lib_a-memcpy-stub.o)
 .ARM.attributes
                0x0000057d       0x2d c:/program files (x86)/atmel/studio/7.0/toolchain/arm/arm-gnu-toolchain/bin/../lib/gcc/arm-none-eabi/6.3.1/../../../../arm-none-eabi/lib/thumb/v7-m\libc_nano.a(lib_a-mprec.o)
 .ARM.attributes
                0x000005aa       0x2d c:/program files (x86)/atmel/studio/7.0/toolchain/arm/arm-gnu-toolchain/bin/../lib/gcc/arm-none-eabi/6.3.1/../../../../arm-none-eabi/lib/thumb/v7-m\libc_nano.a(lib_a-nano-callocr.o)
 .ARM.attributes
                0x000005d7       0x2d c:/program files (x86)/atmel/studio/7.0/toolchain/arm/arm-gnu-toolchain/bin/../lib/gcc/arm-none-eabi/6.3.1/../../../../arm-none-eabi/lib/thumb/v7-m\libc_nano.a(lib_a-nano-freer.o)
 .ARM.attributes
                0x00000604       0x2d c:/program files (x86)/atmel/studio/7.0/toolchain/arm/arm-gnu-toolchain/bin/../lib/gcc/arm-none-eabi/6.3.1/../../../../arm-none-eabi/lib/thumb/v7-m\libc_nano.a(lib_a-nano-mallocr.o)
 .ARM.attributes
                0x00000631       0x2d c:/program files (x86)/atmel/studio/7.0/toolchain/arm/arm-gnu-toolchain/bin/../lib/gcc/arm-none-eabi/6.3.1/../../../../arm-none-eabi/lib/thumb/v7-m\libc_nano.a(lib_a-nano-vfprintf.o)
 .ARM.attributes
                0x0000065e       0x2d c:/program files (x86)/atmel/studio/7.0/toolchain/arm/arm-gnu-toolchain/bin/../lib/gcc/arm-none-eabi/6.3.1/../../../../arm-none-eabi/lib/thumb/v7-m\libc_nano.a(lib_a-sbrkr.o)
 .ARM.attributes
                0x0000068b       0x2d c:/program files (x86)/atmel/studio/7.0/toolchain/arm/arm-gnu-toolchain/bin/../lib/gcc/arm-none-eabi/6.3.1/../../../../arm-none-eabi/lib/thumb/v7-m\libc_nano.a(lib_a-stdio.o)
 .ARM.attributes
                0x000006b8       0x2d c:/program files (x86)/atmel/studio/7.0/toolchain/arm/arm-gnu-toolchain/bin/../lib/gcc/arm-none-eabi/6.3.1/../../../../arm-none-eabi/lib/thumb/v7-m\libc_nano.a(lib_a-writer.o)
 .ARM.attributes
                0x000006e5       0x2d c:/program files (x86)/atmel/studio/7.0/toolchain/arm/arm-gnu-toolchain/bin/../lib/gcc/arm-none-eabi/6.3.1/../../../../arm-none-eabi/lib/thumb/v7-m\libc_nano.a(lib_a-closer.o)
 .ARM.attributes
                0x00000712       0x2d c:/program files (x86)/atmel/studio/7.0/toolchain/arm/arm-gnu-toolchain/bin/../lib/gcc/arm-none-eabi/6.3.1/../../../../arm-none-eabi/lib/thumb/v7-m\libc_nano.a(lib_a-fstatr.o)
 .ARM.attributes
                0x0000073f       0x2d c:/program files (x86)/atmel/studio/7.0/toolchain/arm/arm-gnu-toolchain/bin/../lib/gcc/arm-none-eabi/6.3.1/../../../../arm-none-eabi/lib/thumb/v7-m\libc_nano.a(lib_a-isattyr.o)
 .ARM.attributes
                0x0000076c       0x2d c:/program files (x86)/atmel/studio/7.0/toolchain/arm/arm-gnu-toolchain/bin/../lib/gcc/arm-none-eabi/6.3.1/../../../../arm-none-eabi/lib/thumb/v7-m\libc_nano.a(lib_a-locale.o)
 .ARM.attributes
                0x00000799       0x2d c:/program files (x86)/atmel/studio/7.0/toolchain/arm/arm-gnu-toolchain/bin/../lib/gcc/arm-none-eabi/6.3.1/../../../../arm-none-eabi/lib/thumb/v7-m\libc_nano.a(lib_a-lseekr.o)
 .ARM.attributes
                0x000007c6       0x2d c:/program files (x86)/atmel/studio/7.0/toolchain/arm/arm-gnu-toolchain/bin/../lib/gcc/arm-none-eabi/6.3.1/../../../../arm-none-eabi/lib/thumb/v7-m\libc_nano.a(lib_a-mbtowc_r.o)
 .ARM.attributes
                0x000007f3       0x2d c:/program files (x86)/atmel/studio/7.0/toolchain/arm/arm-gnu-toolchain/bin/../lib/gcc/arm-none-eabi/6.3.1/../../../../arm-none-eabi/lib/thumb/v7-m\libc_nano.a(lib_a-mlock.o)
 .ARM.attributes
                0x00000820       0x2d c:/program files (x86)/atmel/studio/7.0/toolchain/arm/arm-gnu-toolchain/bin/../lib/gcc/arm-none-eabi/6.3.1/../../../../arm-none-eabi/lib/thumb/v7-m\libc_nano.a(lib_a-readr.o)
 .ARM.attributes
                0x0000084d       0x2d c:/program files (x86)/atmel/studio/7.0/toolchain/arm/arm-gnu-toolchain/bin/../lib/gcc/arm-none-eabi/6.3.1/../../../../arm-none-eabi/lib/thumb/v7-m\libc_nano.a(lib_a-reent.o)
 .ARM.attributes
                0x0000087a       0x2d c:/program files (x86)/atmel/studio/7.0/toolchain/arm/arm-gnu-toolchain/bin/../lib/gcc/arm-none-eabi/6.3.1/../../../../arm-none-eabi/lib/thumb/v7-m\libc_nano.a(lib_a-wctomb_r.o)
 .ARM.attributes
                0x000008a7       0x2d c:/program files (x86)/atmel/studio/7.0/toolchain/arm/arm-gnu-toolchain/bin/../lib/gcc/arm-none-eabi/6.3.1/../../../../arm-none-eabi/lib/thumb/v7-m\libc_nano.a(lib_a-ctype_.o)
 .ARM.attributes
                0x000008d4       0x1d c:/program files (x86)/atmel/studio/7.0/toolchain/arm/arm-gnu-toolchain/bin/../lib/gcc/arm-none-eabi/6.3.1/thumb/v7-m\libgcc.a(_arm_addsubdf3.o)
 .ARM.attributes
                0x000008f1       0x1d c:/program files (x86)/atmel/studio/7.0/toolchain/arm/arm-gnu-toolchain/bin/../lib/gcc/arm-none-eabi/6.3.1/thumb/v7-m\libgcc.a(_arm_muldivdf3.o)
 .ARM.attributes
                0x0000090e       0x1d c:/program files (x86)/atmel/studio/7.0/toolchain/arm/arm-gnu-toolchain/bin/../lib/gcc/arm-none-eabi/6.3.1/thumb/v7-m\libgcc.a(_arm_cmpdf2.o)
 .ARM.attributes
                0x0000092b       0x1d c:/program files (x86)/atmel/studio/7.0/toolchain/arm/arm-gnu-toolchain/bin/../lib/gcc/arm-none-eabi/6.3.1/thumb/v7-m\libgcc.a(_arm_unorddf2.o)
 .ARM.attributes
                0x00000948       0x1d c:/program files (x86)/atmel/studio/7.0/toolchain/arm/arm-gnu-toolchain/bin/../lib/gcc/arm-none-eabi/6.3.1/thumb/v7-m\libgcc.a(_arm_fixdfsi.o)
 .ARM.attributes
                0x00000965       0x1d c:/program files (x86)/atmel/studio/7.0/toolchain/arm/arm-gnu-toolchain/bin/../lib/gcc/arm-none-eabi/6.3.1/thumb/v7-m\libgcc.a(_arm_addsubsf3.o)
 .ARM.attributes
                0x00000982       0x1d c:/program files (x86)/atmel/studio/7.0/toolchain/arm/arm-gnu-toolchain/bin/../lib/gcc/arm-none-eabi/6.3.1/thumb/v7-m\libgcc.a(_arm_muldivsf3.o)
 .ARM.attributes
                0x0000099f       0x1d c:/program files (x86)/atmel/studio/7.0/toolchain/arm/arm-gnu-toolchain/bin/../lib/gcc/arm-none-eabi/6.3.1/thumb/v7-m\libgcc.a(_arm_cmpsf2.o)
 .ARM.attributes
                0x000009bc       0x1d c:/program files (x86)/atmel/studio/7.0/toolchain/arm/arm-gnu-toolchain/bin/../lib/gcc/arm-none-eabi/6.3.1/thumb/v7-m\libgcc.a(_arm_fixsfsi.o)
 .ARM.attributes
                0x000009d9       0x1d c:/program files (x86)/atmel/studio/7.0/toolchain/arm/arm-gnu-toolchain/bin/../lib/gcc/arm-none-eabi/6.3.1/thumb/v7-m\libgcc.a(_arm_fixunssfsi.o)
 .ARM.attributes
                0x000009f6       0x1d c:/program files (x86)/atmel/studio/7.0/toolchain/arm/arm-gnu-toolchain/bin/../lib/gcc/arm-none-eabi/6.3.1/thumb/v7-m/crtn.o

.comment        0x00000000       0xb4
 .comment       0x00000000       0x59 src/ASF/common/utils/interrupt/interrupt_sam_nvic.o
                                 0x5a (size before relaxing)
 .comment       0x00000059       0x5a src/ASF/sam/utils/cmsis/sam3x/source/templates/exceptions.o
 .comment       0x00000059       0x5a src/ASF/sam/utils/cmsis/sam3x/source/templates/gcc/startup_sam3x.o
 .comment       0x00000059       0x5a src/ASF/sam/utils/cmsis/sam3x/source/templates/system_sam3x.o
 .comment       0x00000059       0x5a src/ASF/sam/utils/syscalls/gcc/syscalls.o
 .comment       0x00000059       0x5a src/main.o
 .comment       0x00000059       0x5b ../../bibliotheque pour TPs\libRobot.a(robot.o)
                                 0x5c (size before relaxing)
 .comment       0x000000b4       0x5c ../../bibliotheque pour TPs\libTPsIUT.a(libTPIUT.o)

.debug_info     0x00000000     0xb602
 .debug_info    0x00000000      0xb01 src/ASF/common/utils/interrupt/interrupt_sam_nvic.o
 .debug_info    0x00000b01      0xa39 src/ASF/sam/utils/cmsis/sam3x/source/templates/exceptions.o
 .debug_info    0x0000153a      0xd1b src/ASF/sam/utils/cmsis/sam3x/source/templates/gcc/startup_sam3x.o
 .debug_info    0x00002255      0xdc2 src/ASF/sam/utils/cmsis/sam3x/source/templates/system_sam3x.o
 .debug_info    0x00003017      0xddf src/ASF/sam/utils/syscalls/gcc/syscalls.o
 .debug_info    0x00003df6     0x15a0 src/main.o
 .debug_info    0x00005396      0x6df ../../bibliotheque pour TPs\libRobot.a(robot.o)
 .debug_info    0x00005a75     0x5b8d ../../bibliotheque pour TPs\libTPsIUT.a(libTPIUT.o)

.debug_abbrev   0x00000000     0x13c0
 .debug_abbrev  0x00000000      0x212 src/ASF/common/utils/interrupt/interrupt_sam_nvic.o
 .debug_abbrev  0x00000212      0x1a4 src/ASF/sam/utils/cmsis/sam3x/source/templates/exceptions.o
 .debug_abbrev  0x000003b6      0x1f2 src/ASF/sam/utils/cmsis/sam3x/source/templates/gcc/startup_sam3x.o
 .debug_abbrev  0x000005a8      0x1f4 src/ASF/sam/utils/cmsis/sam3x/source/templates/system_sam3x.o
 .debug_abbrev  0x0000079c      0x264 src/ASF/sam/utils/syscalls/gcc/syscalls.o
 .debug_abbrev  0x00000a00      0x300 src/main.o
 .debug_abbrev  0x00000d00      0x194 ../../bibliotheque pour TPs\libRobot.a(robot.o)
 .debug_abbrev  0x00000e94      0x52c ../../bibliotheque pour TPs\libTPsIUT.a(libTPIUT.o)

.debug_aranges  0x00000000      0x4b0
 .debug_aranges
                0x00000000       0x28 src/ASF/common/utils/interrupt/interrupt_sam_nvic.o
 .debug_aranges
                0x00000028       0x20 src/ASF/sam/utils/cmsis/sam3x/source/templates/exceptions.o
 .debug_aranges
                0x00000048       0x20 src/ASF/sam/utils/cmsis/sam3x/source/templates/gcc/startup_sam3x.o
 .debug_aranges
                0x00000068       0x30 src/ASF/sam/utils/cmsis/sam3x/source/templates/system_sam3x.o
 .debug_aranges
                0x00000098       0x60 src/ASF/sam/utils/syscalls/gcc/syscalls.o
 .debug_aranges
                0x000000f8       0x40 src/main.o
 .debug_aranges
                0x00000138       0x38 ../../bibliotheque pour TPs\libRobot.a(robot.o)
 .debug_aranges
                0x00000170      0x340 ../../bibliotheque pour TPs\libTPsIUT.a(libTPIUT.o)

.debug_ranges   0x00000000      0x490
 .debug_ranges  0x00000000       0x18 src/ASF/common/utils/interrupt/interrupt_sam_nvic.o
 .debug_ranges  0x00000018       0x10 src/ASF/sam/utils/cmsis/sam3x/source/templates/exceptions.o
 .debug_ranges  0x00000028       0x10 src/ASF/sam/utils/cmsis/sam3x/source/templates/gcc/startup_sam3x.o
 .debug_ranges  0x00000038       0x20 src/ASF/sam/utils/cmsis/sam3x/source/templates/system_sam3x.o
 .debug_ranges  0x00000058       0x50 src/ASF/sam/utils/syscalls/gcc/syscalls.o
 .debug_ranges  0x000000a8       0x48 src/main.o
 .debug_ranges  0x000000f0       0x40 ../../bibliotheque pour TPs\libRobot.a(robot.o)
 .debug_ranges  0x00000130      0x360 ../../bibliotheque pour TPs\libTPsIUT.a(libTPIUT.o)

.debug_macro    0x00000000    0x239db
 .debug_macro   0x00000000      0x55a src/ASF/common/utils/interrupt/interrupt_sam_nvic.o
 .debug_macro   0x0000055a      0x8ce src/ASF/common/utils/interrupt/interrupt_sam_nvic.o
 .debug_macro   0x00000e28      0x16d src/ASF/common/utils/interrupt/interrupt_sam_nvic.o
 .debug_macro   0x00000f95      0x644 src/ASF/common/utils/interrupt/interrupt_sam_nvic.o
 .debug_macro   0x000015d9       0x76 src/ASF/common/utils/interrupt/interrupt_sam_nvic.o
 .debug_macro   0x0000164f       0x16 src/ASF/common/utils/interrupt/interrupt_sam_nvic.o
 .debug_macro   0x00001665      0x6e4 src/ASF/common/utils/interrupt/interrupt_sam_nvic.o
 .debug_macro   0x00001d49       0x22 src/ASF/common/utils/interrupt/interrupt_sam_nvic.o
 .debug_macro   0x00001d6b       0x87 src/ASF/common/utils/interrupt/interrupt_sam_nvic.o
 .debug_macro   0x00001df2       0x51 src/ASF/common/utils/interrupt/interrupt_sam_nvic.o
 .debug_macro   0x00001e43       0xef src/ASF/common/utils/interrupt/interrupt_sam_nvic.o
 .debug_macro   0x00001f32       0x6a src/ASF/common/utils/interrupt/interrupt_sam_nvic.o
 .debug_macro   0x00001f9c      0x1df src/ASF/common/utils/interrupt/interrupt_sam_nvic.o
 .debug_macro   0x0000217b       0x20 src/ASF/common/utils/interrupt/interrupt_sam_nvic.o
 .debug_macro   0x0000219b       0x3a src/ASF/common/utils/interrupt/interrupt_sam_nvic.o
 .debug_macro   0x000021d5       0x2d src/ASF/common/utils/interrupt/interrupt_sam_nvic.o
 .debug_macro   0x00002202      0xbb1 src/ASF/common/utils/interrupt/interrupt_sam_nvic.o
 .debug_macro   0x00002db3      0xab6 src/ASF/common/utils/interrupt/interrupt_sam_nvic.o
 .debug_macro   0x00003869      0x569 src/ASF/common/utils/interrupt/interrupt_sam_nvic.o
 .debug_macro   0x00003dd2      0x2b5 src/ASF/common/utils/interrupt/interrupt_sam_nvic.o
 .debug_macro   0x00004087      0x31a src/ASF/common/utils/interrupt/interrupt_sam_nvic.o
 .debug_macro   0x000043a1      0x74f src/ASF/common/utils/interrupt/interrupt_sam_nvic.o
 .debug_macro   0x00004af0       0x82 src/ASF/common/utils/interrupt/interrupt_sam_nvic.o
 .debug_macro   0x00004b72      0x57b src/ASF/common/utils/interrupt/interrupt_sam_nvic.o
 .debug_macro   0x000050ed       0x1c src/ASF/common/utils/interrupt/interrupt_sam_nvic.o
 .debug_macro   0x00005109      0x6b7 src/ASF/common/utils/interrupt/interrupt_sam_nvic.o
 .debug_macro   0x000057c0      0x52d src/ASF/common/utils/interrupt/interrupt_sam_nvic.o
 .debug_macro   0x00005ced       0xbe src/ASF/common/utils/interrupt/interrupt_sam_nvic.o
 .debug_macro   0x00005dab     0x2342 src/ASF/common/utils/interrupt/interrupt_sam_nvic.o
 .debug_macro   0x000080ed      0x85d src/ASF/common/utils/interrupt/interrupt_sam_nvic.o
 .debug_macro   0x0000894a      0xdc9 src/ASF/common/utils/interrupt/interrupt_sam_nvic.o
 .debug_macro   0x00009713       0x7c src/ASF/common/utils/interrupt/interrupt_sam_nvic.o
 .debug_macro   0x0000978f      0x263 src/ASF/common/utils/interrupt/interrupt_sam_nvic.o
 .debug_macro   0x000099f2       0x58 src/ASF/common/utils/interrupt/interrupt_sam_nvic.o
 .debug_macro   0x00009a4a      0x9a7 src/ASF/common/utils/interrupt/interrupt_sam_nvic.o
 .debug_macro   0x0000a3f1      0x248 src/ASF/common/utils/interrupt/interrupt_sam_nvic.o
 .debug_macro   0x0000a639      0x4df src/ASF/common/utils/interrupt/interrupt_sam_nvic.o
 .debug_macro   0x0000ab18      0x6b3 src/ASF/common/utils/interrupt/interrupt_sam_nvic.o
 .debug_macro   0x0000b1cb      0x59f src/ASF/common/utils/interrupt/interrupt_sam_nvic.o
 .debug_macro   0x0000b76a       0x46 src/ASF/common/utils/interrupt/interrupt_sam_nvic.o
 .debug_macro   0x0000b7b0      0x34d src/ASF/common/utils/interrupt/interrupt_sam_nvic.o
 .debug_macro   0x0000bafd      0x28c src/ASF/common/utils/interrupt/interrupt_sam_nvic.o
 .debug_macro   0x0000bd89     0x14d7 src/ASF/common/utils/interrupt/interrupt_sam_nvic.o
 .debug_macro   0x0000d260      0x7ba src/ASF/common/utils/interrupt/interrupt_sam_nvic.o
 .debug_macro   0x0000da1a       0x76 src/ASF/common/utils/interrupt/interrupt_sam_nvic.o
 .debug_macro   0x0000da90       0x82 src/ASF/common/utils/interrupt/interrupt_sam_nvic.o
 .debug_macro   0x0000db12       0x76 src/ASF/common/utils/interrupt/interrupt_sam_nvic.o
 .debug_macro   0x0000db88       0x4c src/ASF/common/utils/interrupt/interrupt_sam_nvic.o
 .debug_macro   0x0000dbd4      0x105 src/ASF/common/utils/interrupt/interrupt_sam_nvic.o
 .debug_macro   0x0000dcd9      0x105 src/ASF/common/utils/interrupt/interrupt_sam_nvic.o
 .debug_macro   0x0000ddde      0x105 src/ASF/common/utils/interrupt/interrupt_sam_nvic.o
 .debug_macro   0x0000dee3       0x88 src/ASF/common/utils/interrupt/interrupt_sam_nvic.o
 .debug_macro   0x0000df6b       0x88 src/ASF/common/utils/interrupt/interrupt_sam_nvic.o
 .debug_macro   0x0000dff3      0x3b4 src/ASF/common/utils/interrupt/interrupt_sam_nvic.o
 .debug_macro   0x0000e3a7       0xb8 src/ASF/common/utils/interrupt/interrupt_sam_nvic.o
 .debug_macro   0x0000e45f       0xb8 src/ASF/common/utils/interrupt/interrupt_sam_nvic.o
 .debug_macro   0x0000e517       0xb8 src/ASF/common/utils/interrupt/interrupt_sam_nvic.o
 .debug_macro   0x0000e5cf       0xb8 src/ASF/common/utils/interrupt/interrupt_sam_nvic.o
 .debug_macro   0x0000e687      0x2b8 src/ASF/common/utils/interrupt/interrupt_sam_nvic.o
 .debug_macro   0x0000e93f      0x125 src/ASF/common/utils/interrupt/interrupt_sam_nvic.o
 .debug_macro   0x0000ea64      0x225 src/ASF/common/utils/interrupt/interrupt_sam_nvic.o
 .debug_macro   0x0000ec89      0x225 src/ASF/common/utils/interrupt/interrupt_sam_nvic.o
 .debug_macro   0x0000eeae       0x2e src/ASF/common/utils/interrupt/interrupt_sam_nvic.o
 .debug_macro   0x0000eedc       0xac src/ASF/common/utils/interrupt/interrupt_sam_nvic.o
 .debug_macro   0x0000ef88      0x14d src/ASF/common/utils/interrupt/interrupt_sam_nvic.o
 .debug_macro   0x0000f0d5       0x7c src/ASF/common/utils/interrupt/interrupt_sam_nvic.o
 .debug_macro   0x0000f151      0x205 src/ASF/common/utils/interrupt/interrupt_sam_nvic.o
 .debug_macro   0x0000f356       0x64 src/ASF/common/utils/interrupt/interrupt_sam_nvic.o
 .debug_macro   0x0000f3ba       0xa6 src/ASF/common/utils/interrupt/interrupt_sam_nvic.o
 .debug_macro   0x0000f460       0x7c src/ASF/common/utils/interrupt/interrupt_sam_nvic.o
 .debug_macro   0x0000f4dc       0x16 src/ASF/common/utils/interrupt/interrupt_sam_nvic.o
 .debug_macro   0x0000f4f2       0x22 src/ASF/common/utils/interrupt/interrupt_sam_nvic.o
 .debug_macro   0x0000f514       0x22 src/ASF/common/utils/interrupt/interrupt_sam_nvic.o
 .debug_macro   0x0000f536      0x115 src/ASF/common/utils/interrupt/interrupt_sam_nvic.o
 .debug_macro   0x0000f64b      0x115 src/ASF/common/utils/interrupt/interrupt_sam_nvic.o
 .debug_macro   0x0000f760      0x115 src/ASF/common/utils/interrupt/interrupt_sam_nvic.o
 .debug_macro   0x0000f875      0x115 src/ASF/common/utils/interrupt/interrupt_sam_nvic.o
 .debug_macro   0x0000f98a       0x1c src/ASF/common/utils/interrupt/interrupt_sam_nvic.o
 .debug_macro   0x0000f9a6       0x2e src/ASF/common/utils/interrupt/interrupt_sam_nvic.o
 .debug_macro   0x0000f9d4       0x22 src/ASF/common/utils/interrupt/interrupt_sam_nvic.o
 .debug_macro   0x0000f9f6       0x1c src/ASF/common/utils/interrupt/interrupt_sam_nvic.o
 .debug_macro   0x0000fa12       0x58 src/ASF/common/utils/interrupt/interrupt_sam_nvic.o
 .debug_macro   0x0000fa6a       0x10 src/ASF/common/utils/interrupt/interrupt_sam_nvic.o
 .debug_macro   0x0000fa7a      0x273 src/ASF/common/utils/interrupt/interrupt_sam_nvic.o
 .debug_macro   0x0000fced      0xd43 src/ASF/common/utils/interrupt/interrupt_sam_nvic.o
 .debug_macro   0x00010a30      0x131 src/ASF/common/utils/interrupt/interrupt_sam_nvic.o
 .debug_macro   0x00010b61       0x58 src/ASF/common/utils/interrupt/interrupt_sam_nvic.o
 .debug_macro   0x00010bb9       0x35 src/ASF/common/utils/interrupt/interrupt_sam_nvic.o
 .debug_macro   0x00010bee       0x9c src/ASF/common/utils/interrupt/interrupt_sam_nvic.o
 .debug_macro   0x00010c8a       0x16 src/ASF/common/utils/interrupt/interrupt_sam_nvic.o
 .debug_macro   0x00010ca0       0x35 src/ASF/common/utils/interrupt/interrupt_sam_nvic.o
 .debug_macro   0x00010cd5      0x353 src/ASF/common/utils/interrupt/interrupt_sam_nvic.o
 .debug_macro   0x00011028       0x10 src/ASF/common/utils/interrupt/interrupt_sam_nvic.o
 .debug_macro   0x00011038       0x58 src/ASF/common/utils/interrupt/interrupt_sam_nvic.o
 .debug_macro   0x00011090       0x1f src/ASF/common/utils/interrupt/interrupt_sam_nvic.o
 .debug_macro   0x000110af       0x43 src/ASF/common/utils/interrupt/interrupt_sam_nvic.o
 .debug_macro   0x000110f2       0x20 src/ASF/common/utils/interrupt/interrupt_sam_nvic.o
 .debug_macro   0x00011112      0x187 src/ASF/common/utils/interrupt/interrupt_sam_nvic.o
 .debug_macro   0x00011299       0x10 src/ASF/common/utils/interrupt/interrupt_sam_nvic.o
 .debug_macro   0x000112a9       0x1c src/ASF/common/utils/interrupt/interrupt_sam_nvic.o
 .debug_macro   0x000112c5       0x52 src/ASF/common/utils/interrupt/interrupt_sam_nvic.o
 .debug_macro   0x00011317       0x40 src/ASF/common/utils/interrupt/interrupt_sam_nvic.o
 .debug_macro   0x00011357       0x10 src/ASF/common/utils/interrupt/interrupt_sam_nvic.o
 .debug_macro   0x00011367       0x40 src/ASF/common/utils/interrupt/interrupt_sam_nvic.o
 .debug_macro   0x000113a7       0xd7 src/ASF/common/utils/interrupt/interrupt_sam_nvic.o
 .debug_macro   0x0001147e       0x16 src/ASF/common/utils/interrupt/interrupt_sam_nvic.o
 .debug_macro   0x00011494      0x18b src/ASF/common/utils/interrupt/interrupt_sam_nvic.o
 .debug_macro   0x0001161f       0x22 src/ASF/common/utils/interrupt/interrupt_sam_nvic.o
 .debug_macro   0x00011641       0x16 src/ASF/common/utils/interrupt/interrupt_sam_nvic.o
 .debug_macro   0x00011657       0x16 src/ASF/common/utils/interrupt/interrupt_sam_nvic.o
 .debug_macro   0x0001166d       0x29 src/ASF/common/utils/interrupt/interrupt_sam_nvic.o
 .debug_macro   0x00011696       0x75 src/ASF/common/utils/interrupt/interrupt_sam_nvic.o
 .debug_macro   0x0001170b      0x3ca src/ASF/common/utils/interrupt/interrupt_sam_nvic.o
 .debug_macro   0x00011ad5       0x3f src/ASF/common/utils/interrupt/interrupt_sam_nvic.o
 .debug_macro   0x00011b14      0x564 src/ASF/sam/utils/cmsis/sam3x/source/templates/exceptions.o
 .debug_macro   0x00012078      0x572 src/ASF/sam/utils/cmsis/sam3x/source/templates/gcc/startup_sam3x.o
 .debug_macro   0x000125ea      0x572 src/ASF/sam/utils/cmsis/sam3x/source/templates/system_sam3x.o
 .debug_macro   0x00012b5c       0x26 src/ASF/sam/utils/cmsis/sam3x/source/templates/system_sam3x.o
 .debug_macro   0x00012b82      0x1d6 src/ASF/sam/utils/syscalls/gcc/syscalls.o
 .debug_macro   0x00012d58       0x52 src/ASF/sam/utils/syscalls/gcc/syscalls.o
 .debug_macro   0x00012daa       0x8d src/ASF/sam/utils/syscalls/gcc/syscalls.o
 .debug_macro   0x00012e37       0x57 src/ASF/sam/utils/syscalls/gcc/syscalls.o
 .debug_macro   0x00012e8e       0x97 src/ASF/sam/utils/syscalls/gcc/syscalls.o
 .debug_macro   0x00012f25       0xf6 src/ASF/sam/utils/syscalls/gcc/syscalls.o
 .debug_macro   0x0001301b       0x4c src/ASF/sam/utils/syscalls/gcc/syscalls.o
 .debug_macro   0x00013067       0x16 src/ASF/sam/utils/syscalls/gcc/syscalls.o
 .debug_macro   0x0001307d       0x10 src/ASF/sam/utils/syscalls/gcc/syscalls.o
 .debug_macro   0x0001308d       0x10 src/ASF/sam/utils/syscalls/gcc/syscalls.o
 .debug_macro   0x0001309d       0x35 src/ASF/sam/utils/syscalls/gcc/syscalls.o
 .debug_macro   0x000130d2      0x122 src/ASF/sam/utils/syscalls/gcc/syscalls.o
 .debug_macro   0x000131f4      0x5ab src/main.o
 .debug_macro   0x0001379f      0x275 src/main.o
 .debug_macro   0x00013a14       0xe4 src/main.o
 .debug_macro   0x00013af8       0x8e src/main.o
 .debug_macro   0x00013b86      0x54d ../../bibliotheque pour TPs\libRobot.a(robot.o)
 .debug_macro   0x000140d3      0x874 ../../bibliotheque pour TPs\libRobot.a(robot.o)
 .debug_macro   0x00014947      0x166 ../../bibliotheque pour TPs\libRobot.a(robot.o)
 .debug_macro   0x00014aad       0x22 ../../bibliotheque pour TPs\libRobot.a(robot.o)
 .debug_macro   0x00014acf       0x44 ../../bibliotheque pour TPs\libRobot.a(robot.o)
 .debug_macro   0x00014b13       0x58 ../../bibliotheque pour TPs\libRobot.a(robot.o)
 .debug_macro   0x00014b6b       0x22 ../../bibliotheque pour TPs\libRobot.a(robot.o)
 .debug_macro   0x00014b8d      0x1df ../../bibliotheque pour TPs\libRobot.a(robot.o)
 .debug_macro   0x00014d6c       0x20 ../../bibliotheque pour TPs\libRobot.a(robot.o)
 .debug_macro   0x00014d8c      0xa7d ../../bibliotheque pour TPs\libRobot.a(robot.o)
 .debug_macro   0x00015809      0x55a ../../bibliotheque pour TPs\libRobot.a(robot.o)
 .debug_macro   0x00015d63      0x1a8 ../../bibliotheque pour TPs\libRobot.a(robot.o)
 .debug_macro   0x00015f0b      0x30b ../../bibliotheque pour TPs\libRobot.a(robot.o)
 .debug_macro   0x00016216      0x709 ../../bibliotheque pour TPs\libRobot.a(robot.o)
 .debug_macro   0x0001691f       0xd6 ../../bibliotheque pour TPs\libRobot.a(robot.o)
 .debug_macro   0x000169f5      0x56c ../../bibliotheque pour TPs\libRobot.a(robot.o)
 .debug_macro   0x00016f61       0x1c ../../bibliotheque pour TPs\libRobot.a(robot.o)
 .debug_macro   0x00016f7d      0x678 ../../bibliotheque pour TPs\libRobot.a(robot.o)
 .debug_macro   0x000175f5      0x51e ../../bibliotheque pour TPs\libRobot.a(robot.o)
 .debug_macro   0x00017b13       0xbe ../../bibliotheque pour TPs\libRobot.a(robot.o)
 .debug_macro   0x00017bd1     0x2333 ../../bibliotheque pour TPs\libRobot.a(robot.o)
 .debug_macro   0x00019f04      0x7d1 ../../bibliotheque pour TPs\libRobot.a(robot.o)
 .debug_macro   0x0001a6d5      0xdbb ../../bibliotheque pour TPs\libRobot.a(robot.o)
 .debug_macro   0x0001b490       0x9a ../../bibliotheque pour TPs\libRobot.a(robot.o)
 .debug_macro   0x0001b52a      0x29c ../../bibliotheque pour TPs\libRobot.a(robot.o)
 .debug_macro   0x0001b7c6       0x58 ../../bibliotheque pour TPs\libRobot.a(robot.o)
 .debug_macro   0x0001b81e      0x999 ../../bibliotheque pour TPs\libRobot.a(robot.o)
 .debug_macro   0x0001c1b7      0x22d ../../bibliotheque pour TPs\libRobot.a(robot.o)
 .debug_macro   0x0001c3e4      0x4b4 ../../bibliotheque pour TPs\libRobot.a(robot.o)
 .debug_macro   0x0001c898      0x64a ../../bibliotheque pour TPs\libRobot.a(robot.o)
 .debug_macro   0x0001cee2      0x590 ../../bibliotheque pour TPs\libRobot.a(robot.o)
 .debug_macro   0x0001d472       0x46 ../../bibliotheque pour TPs\libRobot.a(robot.o)
 .debug_macro   0x0001d4b8      0x33f ../../bibliotheque pour TPs\libRobot.a(robot.o)
 .debug_macro   0x0001d7f7      0x27e ../../bibliotheque pour TPs\libRobot.a(robot.o)
 .debug_macro   0x0001da75     0x14dc ../../bibliotheque pour TPs\libRobot.a(robot.o)
 .debug_macro   0x0001ef51      0x7cf ../../bibliotheque pour TPs\libRobot.a(robot.o)
 .debug_macro   0x0001f720       0x76 ../../bibliotheque pour TPs\libRobot.a(robot.o)
 .debug_macro   0x0001f796       0x82 ../../bibliotheque pour TPs\libRobot.a(robot.o)
 .debug_macro   0x0001f818       0x76 ../../bibliotheque pour TPs\libRobot.a(robot.o)
 .debug_macro   0x0001f88e       0x4c ../../bibliotheque pour TPs\libRobot.a(robot.o)
 .debug_macro   0x0001f8da      0x100 ../../bibliotheque pour TPs\libRobot.a(robot.o)
 .debug_macro   0x0001f9da      0x100 ../../bibliotheque pour TPs\libRobot.a(robot.o)
 .debug_macro   0x0001fada      0x100 ../../bibliotheque pour TPs\libRobot.a(robot.o)
 .debug_macro   0x0001fbda       0x88 ../../bibliotheque pour TPs\libRobot.a(robot.o)
 .debug_macro   0x0001fc62       0x88 ../../bibliotheque pour TPs\libRobot.a(robot.o)
 .debug_macro   0x0001fcea      0x3b4 ../../bibliotheque pour TPs\libRobot.a(robot.o)
 .debug_macro   0x0002009e       0xbe ../../bibliotheque pour TPs\libRobot.a(robot.o)
 .debug_macro   0x0002015c       0xbe ../../bibliotheque pour TPs\libRobot.a(robot.o)
 .debug_macro   0x0002021a       0xbe ../../bibliotheque pour TPs\libRobot.a(robot.o)
 .debug_macro   0x000202d8       0xbe ../../bibliotheque pour TPs\libRobot.a(robot.o)
 .debug_macro   0x00020396      0x2b8 ../../bibliotheque pour TPs\libRobot.a(robot.o)
 .debug_macro   0x0002064e      0x118 ../../bibliotheque pour TPs\libRobot.a(robot.o)
 .debug_macro   0x00020766      0x216 ../../bibliotheque pour TPs\libRobot.a(robot.o)
 .debug_macro   0x0002097c      0x216 ../../bibliotheque pour TPs\libRobot.a(robot.o)
 .debug_macro   0x00020b92       0x2e ../../bibliotheque pour TPs\libRobot.a(robot.o)
 .debug_macro   0x00020bc0       0xac ../../bibliotheque pour TPs\libRobot.a(robot.o)
 .debug_macro   0x00020c6c      0x13e ../../bibliotheque pour TPs\libRobot.a(robot.o)
 .debug_macro   0x00020daa       0x7c ../../bibliotheque pour TPs\libRobot.a(robot.o)
 .debug_macro   0x00020e26      0x1f6 ../../bibliotheque pour TPs\libRobot.a(robot.o)
 .debug_macro   0x0002101c       0x64 ../../bibliotheque pour TPs\libRobot.a(robot.o)
 .debug_macro   0x00021080       0xa6 ../../bibliotheque pour TPs\libRobot.a(robot.o)
 .debug_macro   0x00021126       0x7c ../../bibliotheque pour TPs\libRobot.a(robot.o)
 .debug_macro   0x000211a2       0x16 ../../bibliotheque pour TPs\libRobot.a(robot.o)
 .debug_macro   0x000211b8       0x22 ../../bibliotheque pour TPs\libRobot.a(robot.o)
 .debug_macro   0x000211da       0x22 ../../bibliotheque pour TPs\libRobot.a(robot.o)
 .debug_macro   0x000211fc      0x10c ../../bibliotheque pour TPs\libRobot.a(robot.o)
 .debug_macro   0x00021308      0x10c ../../bibliotheque pour TPs\libRobot.a(robot.o)
 .debug_macro   0x00021414      0x10c ../../bibliotheque pour TPs\libRobot.a(robot.o)
 .debug_macro   0x00021520      0x10c ../../bibliotheque pour TPs\libRobot.a(robot.o)
 .debug_macro   0x0002162c       0x1c ../../bibliotheque pour TPs\libRobot.a(robot.o)
 .debug_macro   0x00021648       0x2e ../../bibliotheque pour TPs\libRobot.a(robot.o)
 .debug_macro   0x00021676       0x22 ../../bibliotheque pour TPs\libRobot.a(robot.o)
 .debug_macro   0x00021698       0x1c ../../bibliotheque pour TPs\libRobot.a(robot.o)
 .debug_macro   0x000216b4       0x58 ../../bibliotheque pour TPs\libRobot.a(robot.o)
 .debug_macro   0x0002170c       0x10 ../../bibliotheque pour TPs\libRobot.a(robot.o)
 .debug_macro   0x0002171c      0x27a ../../bibliotheque pour TPs\libRobot.a(robot.o)
 .debug_macro   0x00021996      0xd34 ../../bibliotheque pour TPs\libRobot.a(robot.o)
 .debug_macro   0x000226ca      0x170 ../../bibliotheque pour TPs\libRobot.a(robot.o)
 .debug_macro   0x0002283a       0x58 ../../bibliotheque pour TPs\libRobot.a(robot.o)
 .debug_macro   0x00022892       0x35 ../../bibliotheque pour TPs\libRobot.a(robot.o)
 .debug_macro   0x000228c7       0x35 ../../bibliotheque pour TPs\libRobot.a(robot.o)
 .debug_macro   0x000228fc      0x29d ../../bibliotheque pour TPs\libRobot.a(robot.o)
 .debug_macro   0x00022b99       0x52 ../../bibliotheque pour TPs\libRobot.a(robot.o)
 .debug_macro   0x00022beb       0x16 ../../bibliotheque pour TPs\libRobot.a(robot.o)
 .debug_macro   0x00022c01       0x43 ../../bibliotheque pour TPs\libRobot.a(robot.o)
 .debug_macro   0x00022c44      0x180 ../../bibliotheque pour TPs\libRobot.a(robot.o)
 .debug_macro   0x00022dc4       0x10 ../../bibliotheque pour TPs\libRobot.a(robot.o)
 .debug_macro   0x00022dd4       0x22 ../../bibliotheque pour TPs\libRobot.a(robot.o)
 .debug_macro   0x00022df6       0xbe ../../bibliotheque pour TPs\libRobot.a(robot.o)
 .debug_macro   0x00022eb4      0x197 ../../bibliotheque pour TPs\libRobot.a(robot.o)
 .debug_macro   0x0002304b       0x22 ../../bibliotheque pour TPs\libRobot.a(robot.o)
 .debug_macro   0x0002306d       0x29 ../../bibliotheque pour TPs\libRobot.a(robot.o)
 .debug_macro   0x00023096       0xe4 ../../bibliotheque pour TPs\libRobot.a(robot.o)
 .debug_macro   0x0002317a      0x63f ../../bibliotheque pour TPs\libTPsIUT.a(libTPIUT.o)
 .debug_macro   0x000237b9       0x4a ../../bibliotheque pour TPs\libTPsIUT.a(libTPIUT.o)
 .debug_macro   0x00023803       0x97 ../../bibliotheque pour TPs\libTPsIUT.a(libTPIUT.o)
 .debug_macro   0x0002389a       0xef ../../bibliotheque pour TPs\libTPsIUT.a(libTPIUT.o)
 .debug_macro   0x00023989       0x52 ../../bibliotheque pour TPs\libTPsIUT.a(libTPIUT.o)

.debug_line     0x00000000     0x6465
 .debug_line    0x00000000      0xb62 src/ASF/common/utils/interrupt/interrupt_sam_nvic.o
 .debug_line    0x00000b62      0xb23 src/ASF/sam/utils/cmsis/sam3x/source/templates/exceptions.o
 .debug_line    0x00001685      0xb6c src/ASF/sam/utils/cmsis/sam3x/source/templates/gcc/startup_sam3x.o
 .debug_line    0x000021f1      0xb9e src/ASF/sam/utils/cmsis/sam3x/source/templates/system_sam3x.o
 .debug_line    0x00002d8f      0x40b src/ASF/sam/utils/syscalls/gcc/syscalls.o
 .debug_line    0x0000319a      0xc38 src/main.o
 .debug_line    0x00003dd2      0x8fe ../../bibliotheque pour TPs\libRobot.a(robot.o)
 .debug_line    0x000046d0     0x1d95 ../../bibliotheque pour TPs\libTPsIUT.a(libTPIUT.o)

.debug_str      0x00000000    0x704d1
 .debug_str     0x00000000    0x5c7db src/ASF/common/utils/interrupt/interrupt_sam_nvic.o
                              0x5cb5d (size before relaxing)
 .debug_str     0x0005c7db       0x64 src/ASF/sam/utils/cmsis/sam3x/source/templates/exceptions.o
                              0x5cb26 (size before relaxing)
 .debug_str     0x0005c83f      0x141 src/ASF/sam/utils/cmsis/sam3x/source/templates/gcc/startup_sam3x.o
                              0x5cc22 (size before relaxing)
 .debug_str     0x0005c980      0x33c src/ASF/sam/utils/cmsis/sam3x/source/templates/system_sam3x.o
                              0x5cdfe (size before relaxing)
 .debug_str     0x0005ccbc      0x779 src/ASF/sam/utils/syscalls/gcc/syscalls.o
                               0x7403 (size before relaxing)
 .debug_str     0x0005d435      0xd28 src/main.o
                              0x5d856 (size before relaxing)
 .debug_str     0x0005e15d     0xfc01 ../../bibliotheque pour TPs\libRobot.a(robot.o)
                              0x5dc95 (size before relaxing)
 .debug_str     0x0006dd5e     0x2773 ../../bibliotheque pour TPs\libTPsIUT.a(libTPIUT.o)
                              0x60909 (size before relaxing)

.debug_frame    0x00000000     0x1d40
 .debug_frame   0x00000000       0x30 src/ASF/common/utils/interrupt/interrupt_sam_nvic.o
 .debug_frame   0x00000030       0x20 src/ASF/sam/utils/cmsis/sam3x/source/templates/exceptions.o
 .debug_frame   0x00000050       0x28 src/ASF/sam/utils/cmsis/sam3x/source/templates/gcc/startup_sam3x.o
 .debug_frame   0x00000078       0x40 src/ASF/sam/utils/cmsis/sam3x/source/templates/system_sam3x.o
 .debug_frame   0x000000b8       0xa8 src/ASF/sam/utils/syscalls/gcc/syscalls.o
 .debug_frame   0x00000160       0xd4 src/main.o
 .debug_frame   0x00000234       0xb4 ../../bibliotheque pour TPs\libRobot.a(robot.o)
 .debug_frame   0x000002e8      0xa00 ../../bibliotheque pour TPs\libTPsIUT.a(libTPIUT.o)
 .debug_frame   0x00000ce8       0x2c c:/program files (x86)/atmel/studio/7.0/toolchain/arm/arm-gnu-toolchain/bin/../lib/gcc/arm-none-eabi/6.3.1/../../../../arm-none-eabi/lib/thumb/v7-m\libc_nano.a(lib_a-init.o)
 .debug_frame   0x00000d14       0x20 c:/program files (x86)/atmel/studio/7.0/toolchain/arm/arm-gnu-toolchain/bin/../lib/gcc/arm-none-eabi/6.3.1/../../../../arm-none-eabi/lib/thumb/v7-m\libc_nano.a(lib_a-memset.o)
 .debug_frame   0x00000d34       0x90 c:/program files (x86)/atmel/studio/7.0/toolchain/arm/arm-gnu-toolchain/bin/../lib/gcc/arm-none-eabi/6.3.1/../../../../arm-none-eabi/lib/thumb/v7-m\libc_nano.a(lib_a-nano-vfprintf_float.o)
 .debug_frame   0x00000dc4       0x60 c:/program files (x86)/atmel/studio/7.0/toolchain/arm/arm-gnu-toolchain/bin/../lib/gcc/arm-none-eabi/6.3.1/../../../../arm-none-eabi/lib/thumb/v7-m\libc_nano.a(lib_a-nano-vfprintf_i.o)
 .debug_frame   0x00000e24       0x74 c:/program files (x86)/atmel/studio/7.0/toolchain/arm/arm-gnu-toolchain/bin/../lib/gcc/arm-none-eabi/6.3.1/../../../../arm-none-eabi/lib/thumb/v7-m\libc_nano.a(lib_a-printf.o)