Archive member included to satisfy reference by file (symbol)

../../bibliotheque pour TPs\libRobot.a(robot.o)
                              src/main.o (initRobot)
../../bibliotheque pour TPs\libTPsIUT.a(libTPIUT.o)
                              src/main.o (initCarte)
c:/program files (x86)/atmel/studio/7.0/toolchain/arm/arm-gnu-toolchain/bin/../lib/gcc/arm-none-eabi/6.3.1/../../../../arm-none-eabi/lib/thumb/v7-m\libc_nano.a(lib_a-exit.o)
                              c:/program files (x86)/atmel/studio/7.0/toolchain/arm/arm-gnu-toolchain/bin/../lib/gcc/arm-none-eabi/6.3.1/../../../../arm-none-eabi/lib/thumb/v7-m/crt0.o (exit)
c:/program files (x86)/atmel/studio/7.0/toolchain/arm/arm-gnu-toolchain/bin/../lib/gcc/arm-none-eabi/6.3.1/../../../../arm-none-eabi/lib/thumb/v7-m\libc_nano.a(lib_a-impure.o)
                              c:/program files (x86)/atmel/studio/7.0/toolchain/arm/arm-gnu-toolchain/bin/../lib/gcc/arm-none-eabi/6.3.1/../../../../arm-none-eabi/lib/thumb/v7-m\libc_nano.a(lib_a-exit.o) (_global_impure_ptr)
c:/program files (x86)/atmel/studio/7.0/toolchain/arm/arm-gnu-toolchain/bin/../lib/gcc/arm-none-eabi/6.3.1/../../../../arm-none-eabi/lib/thumb/v7-m\libc_nano.a(lib_a-init.o)
                              c:/program files (x86)/atmel/studio/7.0/toolchain/arm/arm-gnu-toolchain/bin/../lib/gcc/arm-none-eabi/6.3.1/../../../../arm-none-eabi/lib/thumb/v7-m/crt0.o (__libc_init_array)
c:/program files (x86)/atmel/studio/7.0/toolchain/arm/arm-gnu-toolchain/bin/../lib/gcc/arm-none-eabi/6.3.1/../../../../arm-none-eabi/lib/thumb/v7-m\libc_nano.a(lib_a-memset.o)
                              c:/program files (x86)/atmel/studio/7.0/toolchain/arm/arm-gnu-toolchain/bin/../lib/gcc/arm-none-eabi/6.3.1/../../../../arm-none-eabi/lib/thumb/v7-m/crt0.o (memset)
c:/program files (x86)/atmel/studio/7.0/toolchain/arm/arm-gnu-toolchain/bin/../lib/gcc/arm-none-eabi/6.3.1/../../../../arm-none-eabi/lib/thumb/v7-m\libc_nano.a(lib_a-nano-vfprintf_float.o)
                              (_printf_float)
c:/program files (x86)/atmel/studio/7.0/toolchain/arm/arm-gnu-toolchain/bin/../lib/gcc/arm-none-eabi/6.3.1/../../../../arm-none-eabi/lib/thumb/v7-m\libc_nano.a(lib_a-nano-vfprintf_i.o)
                              c:/program files (x86)/atmel/studio/7.0/toolchain/arm/arm-gnu-toolchain/bin/../lib/gcc/arm-none-eabi/6.3.1/../../../../arm-none-eabi/lib/thumb/v7-m\libc_nano.a(lib_a-nano-vfprintf_float.o) (_printf_common)
c:/program files (x86)/atmel/studio/7.0/toolchain/arm/arm-gnu-toolchain/bin/../lib/gcc/arm-none-eabi/6.3.1/../../../../arm-none-eabi/lib/thumb/v7-m\libc_nano.a(lib_a-printf.o)
                              src/ASF/sam/utils/syscalls/gcc/syscalls.o (iprintf)
c:/program files (x86)/atmel/studio/7.0/toolchain/arm/arm-gnu-toolchain/bin/../lib/gcc/arm-none-eabi/6.3.1/../../../../arm-none-eabi/lib/thumb/v7-m\libc_nano.a(lib_a-puts.o)
                              ../../bibliotheque pour TPs\libRobot.a(robot.o) (puts)
c:/program files (x86)/atmel/studio/7.0/toolchain/arm/arm-gnu-toolchain/bin/../lib/gcc/arm-none-eabi/6.3.1/../../../../arm-none-eabi/lib/thumb/v7-m\libc_nano.a(lib_a-setbuf.o)
                              ../../bibliotheque pour TPs\libTPsIUT.a(libTPIUT.o) (setbuf)
c:/program files (x86)/atmel/studio/7.0/toolchain/arm/arm-gnu-toolchain/bin/../lib/gcc/arm-none-eabi/6.3.1/../../../../arm-none-eabi/lib/thumb/v7-m\libc_nano.a(lib_a-setvbuf.o)
                              c:/program files (x86)/atmel/studio/7.0/toolchain/arm/arm-gnu-toolchain/bin/../lib/gcc/arm-none-eabi/6.3.1/../../../../arm-none-eabi/lib/thumb/v7-m\libc_nano.a(lib_a-setbuf.o) (setvbuf)
c:/program files (x86)/atmel/studio/7.0/toolchain/arm/arm-gnu-toolchain/bin/../lib/gcc/arm-none-eabi/6.3.1/../../../../arm-none-eabi/lib/thumb/v7-m\libc_nano.a(lib_a-strlen.o)
                              c:/program files (x86)/atmel/studio/7.0/toolchain/arm/arm-gnu-toolchain/bin/../lib/gcc/arm-none-eabi/6.3.1/../../../../arm-none-eabi/lib/thumb/v7-m\libc_nano.a(lib_a-nano-vfprintf_float.o) (strlen)
c:/program files (x86)/atmel/studio/7.0/toolchain/arm/arm-gnu-toolchain/bin/../lib/gcc/arm-none-eabi/6.3.1/../../../../arm-none-eabi/lib/thumb/v7-m\libc_nano.a(lib_a-wbuf.o)
                              c:/program files (x86)/atmel/studio/7.0/toolchain/arm/arm-gnu-toolchain/bin/../lib/gcc/arm-none-eabi/6.3.1/../../../../arm-none-eabi/lib/thumb/v7-m\libc_nano.a(lib_a-puts.o) (__swbuf_r)
c:/program files (x86)/atmel/studio/7.0/toolchain/arm/arm-gnu-toolchain/bin/../lib/gcc/arm-none-eabi/6.3.1/../../../../arm-none-eabi/lib/thumb/v7-m\libc_nano.a(lib_a-wsetup.o)
                              c:/program files (x86)/atmel/studio/7.0/toolchain/arm/arm-gnu-toolchain/bin/../lib/gcc/arm-none-eabi/6.3.1/../../../../arm-none-eabi/lib/thumb/v7-m\libc_nano.a(lib_a-puts.o) (__swsetup_r)
c:/program files (x86)/atmel/studio/7.0/toolchain/arm/arm-gnu-toolchain/bin/../lib/gcc/arm-none-eabi/6.3.1/../../../../arm-none-eabi/lib/thumb/v7-m\libc_nano.a(lib_a-dtoa.o)
[...]
Memory Configuration

Name             Origin             Length             Attributes
rom              0x00080000         0x00080000         xr
sram0            0x20000000         0x00010000         xrw
sram1            0x20080000         0x00008000         xrw
ram              0x20070000         0x00018000         xrw
*default*        0x00000000         0xffffffff

Linker script and memory map

LOAD c:/program files (x86)/atmel/studio/7.0/toolchain/arm/arm-gnu-toolchain/bin/../lib/gcc/arm-none-eabi/6.3.1/thumb/v7-m/crti.o
LOAD c:/program files (x86)/atmel/studio/7.0/toolchain/arm/arm-gnu-toolchain/bin/../lib/gcc/arm-none-eabi/6.3.1/thumb/v7-m/crtbegin.o
LOAD c:/program files (x86)/atmel/studio/7.0/toolchain/arm/arm-gnu-toolchain/bin/../lib/gcc/arm-none-eabi/6.3.1/../../../../arm-none-eabi/lib/thumb/v7-m/crt0.o
LOAD src/ASF/common/utils/interrupt/interrupt_sam_nvic.o
LOAD src/ASF/sam/utils/cmsis/sam3x/source/templates/exceptions.o
LOAD src/ASF/sam/utils/cmsis/sam3x/source/templates/gcc/startup_sam3x.o
LOAD src/ASF/sam/utils/cmsis/sam3x/source/templates/system_sam3x.o
LOAD src/ASF/sam/utils/syscalls/gcc/syscalls.o
LOAD src/main.o
START GROUP
LOAD ../src/ASF/thirdparty/CMSIS/Lib/GCC\libarm_cortexM3l_math.a
LOAD c:/program files (x86)/atmel/studio/7.0/toolchain/arm/arm-gnu-toolchain/bin/../lib/gcc/arm-none-eabi/6.3.1/../../../../arm-none-eabi/lib/thumb/v7-m\libm.a
LOAD ../../bibliotheque pour TPs\libRobot.a
LOAD ../../bibliotheque pour TPs\libTPsIUT.a
END GROUP
LOAD c:/program files (x86)/atmel/studio/7.0/toolchain/arm/arm-gnu-toolchain/bin/../lib/gcc/arm-none-eabi/6.3.1/../../../../arm-none-eabi/lib/thumb/v7-m\libc_nano.a
START GROUP
LOAD c:/program files (x86)/atmel/studio/7.0/toolchain/arm/arm-gnu-toolchain/bin/../lib/gcc/arm-none-eabi/6.3.1/thumb/v7-m\libgcc.a
LOAD c:/program files (x86)/atmel/studio/7.0/toolchain/arm/arm-gnu-toolchain/bin/../lib/gcc/arm-none-eabi/6.3.1/../../../../arm-none-eabi/lib/thumb/v7-m\libc_nano.a
END GROUP
START GROUP
LOAD c:/program files (x86)/atmel/studio/7.0/toolchain/arm/arm-gnu-toolchain/bin/../lib/gcc/arm-none-eabi/6.3.1/thumb/v7-m\libgcc.a
LOAD c:/program files (x86)/atmel/studio/7.0/toolchain/arm/arm-gnu-toolchain/bin/../lib/gcc/arm-none-eabi/6.3.1/../../../../arm-none-eabi/lib/thumb/v7-m\libc_nano.a
END GROUP
LOAD c:/program files (x86)/atmel/studio/7.0/toolchain/arm/arm-gnu-toolchain/bin/../lib/gcc/arm-none-eabi/6.3.1/thumb/v7-m/crtend.o
LOAD c:/program files (x86)/atmel/studio/7.0/toolchain/arm/arm-gnu-toolchain/bin/../lib/gcc/arm-none-eabi/6.3.1/thumb/v7-m/crtn.o
                0x00002000                __stack_size__ = DEFINED (__stack_size__)?__stack_size__:0x2000
                0x20087ffc                __ram_end__ = ((ORIGIN (ram) + LENGTH (ram)) - 0x4)

.text           0x00080000     0x5df0
                0x00080000                . = ALIGN (0x4)
                0x00080000                _sfixed = .
 *(.vectors .vectors.*)
 .vectors       0x00080000       0xf4 src/ASF/sam/utils/cmsis/sam3x/source/templates/gcc/startup_sam3x.o
                0x00080000                exception_table
 *(.text .text.* .gnu.linkonce.t.*)
 .text          0x000800f4       0x6c c:/program files (x86)/atmel/studio/7.0/toolchain/arm/arm-gnu-toolchain/bin/../lib/gcc/arm-none-eabi/6.3.1/thumb/v7-m/crtbegin.o
 .text.Dummy_Handler
                0x00080160        0x2 src/ASF/sam/utils/cmsis/sam3x/source/templates/exceptions.o
                0x00080160                DACC_Handler
                0x00080160                DebugMon_Handler
                0x00080160                DMAC_Handler
                0x00080160                TRNG_Handler
                0x00080160                HardFault_Handler
                0x00080160                SysTick_Handler
                0x00080160                USART3_Handler
                0x00080160                TWI1_Handler
                0x00080160                PendSV_Handler
                0x00080160                NMI_Handler
                0x00080160                SMC_Handler
                0x00080160                USART0_Handler
                0x00080160                RTT_Handler
                0x00080160                EFC1_Handler
                0x00080160                RTC_Handler
                0x00080160                UsageFault_Handler
                0x00080160                WDT_Handler
                0x00080160                CAN0_Handler
                0x00080160                HSMCI_Handler
                0x00080160                Dummy_Handler
                0x00080160                TWI0_Handler
                0x00080160                USART1_Handler
                0x00080160                SSC_Handler
                0x00080160                EFC0_Handler
                0x00080160                PMC_Handler
                0x00080160                CAN1_Handler
                0x00080160                MemManage_Handler
                0x00080160                SUPC_Handler
                0x00080160                SVC_Handler
                0x00080160                USART2_Handler
                0x00080160                EMAC_Handler
                0x00080160                UART_Handler
                0x00080160                BusFault_Handler
                0x00080160                RSTC_Handler
                0x00080160                UOTGHS_Handler
                0x00080160                SPI0_Handler
 *fill*         0x00080162        0x2 
 .text.Reset_Handler
                0x00080164       0x98 src/ASF/sam/utils/cmsis/sam3x/source/templates/gcc/startup_sam3x.o
                0x00080164                Reset_Handler
 .text._sbrk    0x000801fc       0x38 src/ASF/sam/utils/syscalls/gcc/syscalls.o
                0x000801fc                _sbrk
 .text._close   0x00080234        0x6 src/ASF/sam/utils/syscalls/gcc/syscalls.o
                0x00080234                _close
 .text._fstat   0x0008023a        0xa src/ASF/sam/utils/syscalls/gcc/syscalls.o
                0x0008023a                _fstat
 .text._isatty  0x00080244        0x4 src/ASF/sam/utils/syscalls/gcc/syscalls.o
                0x00080244                _isatty
 .text._lseek   0x00080248        0x4 src/ASF/sam/utils/syscalls/gcc/syscalls.o
                0x00080248                _lseek
 .text.resetMoteurLent
                0x0008024c       0xc8 src/main.o
                0x0008024c                resetMoteurLent
 .text.init     0x00080314      0x134 src/main.o
                0x00080314                init
 .text.positionnerMoteurLent
                0x00080448      0x120 src/main.o
                0x00080448                positionnerMoteurLent
 .text.bougerMoteurAvecVitesse
                0x00080568       0x50 src/main.o
                0x00080568                bougerMoteurAvecVitesse
 .text.main     0x000805b8      0x2c4 src/main.o
                0x000805b8                main
 .text.initMoteur
                0x0008087c       0x60 ../../bibliotheque pour TPs\libRobot.a(robot.o)
                0x0008087c                initMoteur
 .text.initRobot
                0x000808dc       0x24 ../../bibliotheque pour TPs\libRobot.a(robot.o)
                0x000808dc                initRobot
 .text.positionnerMoteur
                0x00080900       0xd4 ../../bibliotheque pour TPs\libRobot.a(robot.o)
                0x00080900                positionnerMoteur
 *fill*         0x000809d4        0x4 
 .text._additif
                0x000809d8       0xd4 ../../bibliotheque pour TPs\libRobot.a(robot.o)
                0x000809d8                _additif
 .text._ignorer_IT
                0x00080aac        0x4 ../../bibliotheque pour TPs\libTPsIUT.a(libTPIUT.o)
                0x00080aac                _ignorer_IT
 .text.pwm_clocks_generate
                0x00080ab0       0x90 ../../bibliotheque pour TPs\libTPsIUT.a(libTPIUT.o)
 .text.initCarte
                0x00080b40       0xd4 ../../bibliotheque pour TPs\libTPsIUT.a(libTPIUT.o)
                0x00080b40                initCarte
 .text.uart_init
                0x00080c14       0x48 ../../bibliotheque pour TPs\libTPsIUT.a(libTPIUT.o)
                0x00080c14                uart_init
 .text.uart_read
                0x00080c5c       0x14 ../../bibliotheque pour TPs\libTPsIUT.a(libTPIUT.o)
                0x00080c5c                uart_read
 .text.uart_write
                0x00080c70       0x10 ../../bibliotheque pour TPs\libTPsIUT.a(libTPIUT.o)
                0x00080c70                uart_write
 .text.pio_set_peripheral
                0x00080c80       0x40 ../../bibliotheque pour TPs\libTPsIUT.a(libTPIUT.o)
                0x00080c80                pio_set_peripheral
 .text.pio_set_input
                0x00080cc0       0x34 ../../bibliotheque pour TPs\libTPsIUT.a(libTPIUT.o)
                0x00080cc0                pio_set_input
 .text.pio_configure_interrupt
                0x00080cf4       0x30 ../../bibliotheque pour TPs\libTPsIUT.a(libTPIUT.o)
                0x00080cf4                pio_configure_interrupt
 .text.pio_set_output
                0x00080d24       0x28 ../../bibliotheque pour TPs\libTPsIUT.a(libTPIUT.o)
                0x00080d24                pio_set_output
 .text.pio_configure
                0x00080d4c       0x88 ../../bibliotheque pour TPs\libTPsIUT.a(libTPIUT.o)
                0x00080d4c                pio_configure
 .text.configureConsole
                0x00080dd4       0x74 ../../bibliotheque pour TPs\libTPsIUT.a(libTPIUT.o)
                0x00080dd4                configureConsole
 .text._read    0x00080e48       0x38 ../../bibliotheque pour TPs\libTPsIUT.a(libTPIUT.o)
                0x00080e48                _read
 .text._write   0x00080e80       0x38 ../../bibliotheque pour TPs\libTPsIUT.a(libTPIUT.o)
                0x00080e80                _write
 .text.allumerPeriph
                0x00080eb8       0xcc ../../bibliotheque pour TPs\libTPsIUT.a(libTPIUT.o)
                0x00080eb8                allumerPeriph
 .text.eteindrePeriph
                0x00080f84       0xb8 ../../bibliotheque pour TPs\libTPsIUT.a(libTPIUT.o)
                0x00080f84                eteindrePeriph
 .text._renvoieLigne
                0x0008103c       0x44 ../../bibliotheque pour TPs\libTPsIUT.a(libTPIUT.o)
                0x0008103c                _renvoieLigne
 .text.programmerLigne
                0x00081080       0x6c ../../bibliotheque pour TPs\libTPsIUT.a(libTPIUT.o)
                0x00081080                programmerLigne
 .text.activerFiltrageLigne
                0x000810ec       0x60 ../../bibliotheque pour TPs\libTPsIUT.a(libTPIUT.o)
                0x000810ec                activerFiltrageLigne
 .text.ecrireLigne
                0x0008114c       0x64 ../../bibliotheque pour TPs\libTPsIUT.a(libTPIUT.o)
                0x0008114c                ecrireLigne
 .text.lireLigne
                0x000811b0       0x54 ../../bibliotheque pour TPs\libTPsIUT.a(libTPIUT.o)
                0x000811b0                lireLigne
 .text._chercheITLibre
                0x00081204       0x30 ../../bibliotheque pour TPs\libTPsIUT.a(libTPIUT.o)
                0x00081204                _chercheITLibre
 .text.PIOA_Handler
                0x00081234       0x54 ../../bibliotheque pour TPs\libTPsIUT.a(libTPIUT.o)
                0x00081234                PIOA_Handler
 .text.PIOB_Handler
                0x00081288       0x54 ../../bibliotheque pour TPs\libTPsIUT.a(libTPIUT.o)
                0x00081288                PIOB_Handler
 .text.PIOC_Handler
                0x000812dc       0x54 ../../bibliotheque pour TPs\libTPsIUT.a(libTPIUT.o)
                0x000812dc                PIOC_Handler
 .text.PIOD_Handler
                0x00081330       0x54 ../../bibliotheque pour TPs\libTPsIUT.a(libTPIUT.o)
                0x00081330                PIOD_Handler
 .text.timerModeDelai
                0x00081384       0x94 ../../bibliotheque pour TPs\libTPsIUT.a(libTPIUT.o)
                0x00081384                timerModeDelai
 .text.timerModeDeclenchement
                0x00081418       0x94 ../../bibliotheque pour TPs\libTPsIUT.a(libTPIUT.o)
                0x00081418                timerModeDeclenchement
 .text.lancerTimer
                0x000814ac       0x3c ../../bibliotheque pour TPs\libTPsIUT.a(libTPIUT.o)
                0x000814ac                lancerTimer
 .text.arreterTimer
                0x000814e8       0x3c ../../bibliotheque pour TPs\libTPsIUT.a(libTPIUT.o)
                0x000814e8                arreterTimer
 .text.testerEtatTimer
                0x00081524       0x6c ../../bibliotheque pour TPs\libTPsIUT.a(libTPIUT.o)
                0x00081524                testerEtatTimer
 .text.autoriserITTimer
                0x00081590       0xe8 ../../bibliotheque pour TPs\libTPsIUT.a(libTPIUT.o)
                0x00081590                autoriserITTimer
 .text.TC0_Handler
                0x00081678       0x60 ../../bibliotheque pour TPs\libTPsIUT.a(libTPIUT.o)
                0x00081678                TC0_Handler
 .text.TC1_Handler
                0x000816d8       0x60 ../../bibliotheque pour TPs\libTPsIUT.a(libTPIUT.o)
                0x000816d8                TC1_Handler
 .text.TC2_Handler
                0x00081738       0x60 ../../bibliotheque pour TPs\libTPsIUT.a(libTPIUT.o)
                0x00081738                TC2_Handler
 .text.TC3_Handler
                0x00081798       0x64 ../../bibliotheque pour TPs\libTPsIUT.a(libTPIUT.o)
                0x00081798                TC3_Handler
 .text.TC4_Handler
                0x000817fc       0x64 ../../bibliotheque pour TPs\libTPsIUT.a(libTPIUT.o)
                0x000817fc                TC4_Handler
 .text.TC5_Handler
                0x00081860       0x64 ../../bibliotheque pour TPs\libTPsIUT.a(libTPIUT.o)
                0x00081860                TC5_Handler
 .text.TC6_Handler
                0x000818c4       0x64 ../../bibliotheque pour TPs\libTPsIUT.a(libTPIUT.o)
                0x000818c4                TC6_Handler
 .text.TC7_Handler
                0x00081928       0x64 ../../bibliotheque pour TPs\libTPsIUT.a(libTPIUT.o)
                0x00081928                TC7_Handler
 .text.TC8_Handler
                0x0008198c       0x64 ../../bibliotheque pour TPs\libTPsIUT.a(libTPIUT.o)
                0x0008198c                TC8_Handler
 .text.initConvAN
                0x000819f0       0x94 ../../bibliotheque pour TPs\libTPsIUT.a(libTPIUT.o)
                0x000819f0                initConvAN
 .text.declenchementConvAN
                0x00081a84       0x50 ../../bibliotheque pour TPs\libTPsIUT.a(libTPIUT.o)
                0x00081a84                declenchementConvAN
 .text.choisirEntreeConvAN
                0x00081ad4       0x44 ../../bibliotheque pour TPs\libTPsIUT.a(libTPIUT.o)
                0x00081ad4                choisirEntreeConvAN
 .text.lancerConversionAN
                0x00081b18        0xc ../../bibliotheque pour TPs\libTPsIUT.a(libTPIUT.o)
                0x00081b18                lancerConversionAN
 .text.lireValeurConvAN
                0x00081b24       0x30 ../../bibliotheque pour TPs\libTPsIUT.a(libTPIUT.o)
                0x00081b24                lireValeurConvAN
 .text.lireTensionConvAN
                0x00081b54       0x80 ../../bibliotheque pour TPs\libTPsIUT.a(libTPIUT.o)
                0x00081b54                lireTensionConvAN
 .text.testerEtatConvAN
                0x00081bd4       0x94 ../../bibliotheque pour TPs\libTPsIUT.a(libTPIUT.o)
                0x00081bd4                testerEtatConvAN
 .text.ADC_Handler
                0x00081c68       0x58 ../../bibliotheque pour TPs\libTPsIUT.a(libTPIUT.o)
                0x00081c68                ADC_Handler
 .text.pwm_channel_init
                0x00081cc0      0x10c ../../bibliotheque pour TPs\libTPsIUT.a(libTPIUT.o)
                0x00081cc0                pwm_channel_init
 .text.initGeneSignal
                0x00081dcc       0xc4 ../../bibliotheque pour TPs\libTPsIUT.a(libTPIUT.o)
                0x00081dcc                initGeneSignal
 .text.definirHorlogeA
                0x00081e90       0x8c ../../bibliotheque pour TPs\libTPsIUT.a(libTPIUT.o)
                0x00081e90                definirHorlogeA
 .text.modifierSeuilGeneSignal
                0x00081f1c       0x7c ../../bibliotheque pour TPs\libTPsIUT.a(libTPIUT.o)
                0x00081f1c                modifierSeuilGeneSignal
 .text._freq_horloge
                0x00081f98       0x30 ../../bibliotheque pour TPs\libTPsIUT.a(libTPIUT.o)
                0x00081f98                _freq_horloge
 .text.freqGeneSignal
                0x00081fc8       0x64 ../../bibliotheque pour TPs\libTPsIUT.a(libTPIUT.o)
                0x00081fc8                freqGeneSignal
 .text.relais_IT_pwm
                0x0008202c       0x58 ../../bibliotheque pour TPs\libTPsIUT.a(libTPIUT.o)
                0x0008202c                relais_IT_pwm
 .text.PWM_Handler
                0x00082084       0x10 ../../bibliotheque pour TPs\libTPsIUT.a(libTPIUT.o)
                0x00082084                PWM_Handler
 .text.__libc_init_array
                0x00082094       0x48 c:/program files (x86)/atmel/studio/7.0/toolchain/arm/arm-gnu-toolchain/bin/../lib/gcc/arm-none-eabi/6.3.1/../../../../arm-none-eabi/lib/thumb/v7-m\libc_nano.a(lib_a-init.o)
                0x00082094                __libc_init_array
 .text.memset   0x000820dc       0x10 c:/program files (x86)/atmel/studio/7.0/toolchain/arm/arm-gnu-toolchain/bin/../lib/gcc/arm-none-eabi/6.3.1/../../../../arm-none-eabi/lib/thumb/v7-m\libc_nano.a(lib_a-memset.o)
                0x000820dc                memset
 .text.__cvt    0x000820ec       0xb8 c:/program files (x86)/atmel/studio/7.0/toolchain/arm/arm-gnu-toolchain/bin/../lib/gcc/arm-none-eabi/6.3.1/../../../../arm-none-eabi/lib/thumb/v7-m\libc_nano.a(lib_a-nano-vfprintf_float.o)
                0x000820ec                __cvt
 .text.__exponent
                0x000821a4       0x6a c:/program files (x86)/atmel/studio/7.0/toolchain/arm/arm-gnu-toolchain/bin/../lib/gcc/arm-none-eabi/6.3.1/../../../../arm-none-eabi/lib/thumb/v7-m\libc_nano.a(lib_a-nano-vfprintf_float.o)
                0x000821a4                __exponent
 *fill*         0x0008220e        0x2 
 .text._printf_float
                0x00082210      0x470 c:/program files (x86)/atmel/studio/7.0/toolchain/arm/arm-gnu-toolchain/bin/../lib/gcc/arm-none-eabi/6.3.1/../../../../arm-none-eabi/lib/thumb/v7-m\libc_nano.a(lib_a-nano-vfprintf_float.o)
                0x00082210                _printf_float
 .text._printf_common
                0x00082680       0xee c:/program files (x86)/atmel/studio/7.0/toolchain/arm/arm-gnu-toolchain/bin/../lib/gcc/arm-none-eabi/6.3.1/../../../../arm-none-eabi/lib/thumb/v7-m\libc_nano.a(lib_a-nano-vfprintf_i.o)
                0x00082680                _printf_common
 *fill*         0x0008276e        0x2 
 .text._printf_i
                0x00082770      0x240 c:/program files (x86)/atmel/studio/7.0/toolchain/arm/arm-gnu-toolchain/bin/../lib/gcc/arm-none-eabi/6.3.1/../../../../arm-none-eabi/lib/thumb/v7-m\libc_nano.a(lib_a-nano-vfprintf_i.o)
                0x00082770                _printf_i
 .text.printf   0x000829b0       0x30 c:/program files (x86)/atmel/studio/7.0/toolchain/arm/arm-gnu-toolchain/bin/../lib/gcc/arm-none-eabi/6.3.1/../../../../arm-none-eabi/lib/thumb/v7-m\libc_nano.a(lib_a-printf.o)
                0x000829b0                iprintf
                0x000829b0                printf
 .text._puts_r  0x000829e0       0xb8 c:/program files (x86)/atmel/studio/7.0/toolchain/arm/arm-gnu-toolchain/bin/../lib/gcc/arm-none-eabi/6.3.1/../../../../arm-none-eabi/lib/thumb/v7-m\libc_nano.a(lib_a-puts.o)
                0x000829e0                _puts_r
 .text.puts     0x00082a98       0x10 c:/program files (x86)/atmel/studio/7.0/toolchain/arm/arm-gnu-toolchain/bin/../lib/gcc/arm-none-eabi/6.3.1/../../../../arm-none-eabi/lib/thumb/v7-m\libc_nano.a(lib_a-puts.o)
                0x00082a98                puts
 .text.setbuf   0x00082aa8       0x10 c:/program files (x86)/atmel/studio/7.0/toolchain/arm/arm-gnu-toolchain/bin/../lib/gcc/arm-none-eabi/6.3.1/../../../../arm-none-eabi/lib/thumb/v7-m\libc_nano.a(lib_a-setbuf.o)
                0x00082aa8                setbuf
 .text.setvbuf  0x00082ab8      0x15c c:/program files (x86)/atmel/studio/7.0/toolchain/arm/arm-gnu-toolchain/bin/../lib/gcc/arm-none-eabi/6.3.1/../../../../arm-none-eabi/lib/thumb/v7-m\libc_nano.a(lib_a-setvbuf.o)
                0x00082ab8                setvbuf
 .text          0x00082c14       0x10 c:/program files (x86)/atmel/studio/7.0/toolchain/arm/arm-gnu-toolchain/bin/../lib/gcc/arm-none-eabi/6.3.1/../../../../arm-none-eabi/lib/thumb/v7-m\libc_nano.a(lib_a-strlen.o)
                0x00082c14                strlen
 .text.__swbuf_r
                0x00082c24       0xa4 c:/program files (x86)/atmel/studio/7.0/toolchain/arm/arm-gnu-toolchain/bin/../lib/gcc/arm-none-eabi/6.3.1/../../../../arm-none-eabi/lib/thumb/v7-m\libc_nano.a(lib_a-wbuf.o)
                0x00082c24                __swbuf_r
 .text.__swsetup_r
                0x00082cc8       0xdc c:/program files (x86)/atmel/studio/7.0/toolchain/arm/arm-gnu-toolchain/bin/../lib/gcc/arm-none-eabi/6.3.1/../../../../arm-none-eabi/lib/thumb/v7-m\libc_nano.a(lib_a-wsetup.o)
                0x00082cc8                __swsetup_r
 .text.quorem   0x00082da4      0x118 c:/program files (x86)/atmel/studio/7.0/toolchain/arm/arm-gnu-toolchain/bin/../lib/gcc/arm-none-eabi/6.3.1/../../../../arm-none-eabi/lib/thumb/v7-m\libc_nano.a(lib_a-dtoa.o)
 *fill*         0x00082ebc        0x4 
 .text._dtoa_r  0x00082ec0      0xba8 c:/program files (x86)/atmel/studio/7.0/toolchain/arm/arm-gnu-toolchain/bin/../lib/gcc/arm-none-eabi/6.3.1/../../../../arm-none-eabi/lib/thumb/v7-m\libc_nano.a(lib_a-dtoa.o)
                0x00082ec0                _dtoa_r
 .text.__sflush_r
                0x00083a68      0x110 c:/program files (x86)/atmel/studio/7.0/toolchain/arm/arm-gnu-toolchain/bin/../lib/gcc/arm-none-eabi/6.3.1/../../../../arm-none-eabi/lib/thumb/v7-m\libc_nano.a(lib_a-fflush.o)
                0x00083a68                __sflush_r
 .text._fflush_r
                0x00083b78       0x54 c:/program files (x86)/atmel/studio/7.0/toolchain/arm/arm-gnu-toolchain/bin/../lib/gcc/arm-none-eabi/6.3.1/../../../../arm-none-eabi/lib/thumb/v7-m\libc_nano.a(lib_a-fflush.o)
                0x00083b78                _fflush_r
 .text._cleanup_r
                0x00083bcc        0xc c:/program files (x86)/atmel/studio/7.0/toolchain/arm/arm-gnu-toolchain/bin/../lib/gcc/arm-none-eabi/6.3.1/../../../../arm-none-eabi/lib/thumb/v7-m\libc_nano.a(lib_a-findfp.o)
                0x00083bcc                _cleanup_r
 .text.std.isra.0
                0x00083bd8       0x48 c:/program files (x86)/atmel/studio/7.0/toolchain/arm/arm-gnu-toolchain/bin/../lib/gcc/arm-none-eabi/6.3.1/../../../../arm-none-eabi/lib/thumb/v7-m\libc_nano.a(lib_a-findfp.o)
 .text.__sfmoreglue
                0x00083c20       0x2c c:/program files (x86)/atmel/studio/7.0/toolchain/arm/arm-gnu-toolchain/bin/../lib/gcc/arm-none-eabi/6.3.1/../../../../arm-none-eabi/lib/thumb/v7-m\libc_nano.a(lib_a-findfp.o)
                0x00083c20                __sfmoreglue
 .text.__sinit  0x00083c4c       0x60 c:/program files (x86)/atmel/studio/7.0/toolchain/arm/arm-gnu-toolchain/bin/../lib/gcc/arm-none-eabi/6.3.1/../../../../arm-none-eabi/lib/thumb/v7-m\libc_nano.a(lib_a-findfp.o)
                0x00083c4c                __sinit
 .text.__sfp    0x00083cac       0x78 c:/program files (x86)/atmel/studio/7.0/toolchain/arm/arm-gnu-toolchain/bin/../lib/gcc/arm-none-eabi/6.3.1/../../../../arm-none-eabi/lib/thumb/v7-m\libc_nano.a(lib_a-findfp.o)
                0x00083cac                __sfp
 .text._fwalk_reent
                0x00083d24       0x3c c:/program files (x86)/atmel/studio/7.0/toolchain/arm/arm-gnu-toolchain/bin/../lib/gcc/arm-none-eabi/6.3.1/../../../../arm-none-eabi/lib/thumb/v7-m\libc_nano.a(lib_a-fwalk.o)
                0x00083d24                _fwalk_reent
 .text._localeconv_r
                0x00083d60       0x1c c:/program files (x86)/atmel/studio/7.0/toolchain/arm/arm-gnu-toolchain/bin/../lib/gcc/arm-none-eabi/6.3.1/../../../../arm-none-eabi/lib/thumb/v7-m\libc_nano.a(lib_a-localeconv.o)
                0x00083d60                _localeconv_r
 .text.__swhatbuf_r
                0x00083d7c       0x48 c:/program files (x86)/atmel/studio/7.0/toolchain/arm/arm-gnu-toolchain/bin/../lib/gcc/arm-none-eabi/6.3.1/../../../../arm-none-eabi/lib/thumb/v7-m\libc_nano.a(lib_a-makebuf.o)
                0x00083d7c                __swhatbuf_r
 .text.__smakebuf_r
                0x00083dc4       0x80 c:/program files (x86)/atmel/studio/7.0/toolchain/arm/arm-gnu-toolchain/bin/../lib/gcc/arm-none-eabi/6.3.1/../../../../arm-none-eabi/lib/thumb/v7-m\libc_nano.a(lib_a-makebuf.o)
                0x00083dc4                __smakebuf_r
 .text.malloc   0x00083e44       0x10 c:/program files (x86)/atmel/studio/7.0/toolchain/arm/arm-gnu-toolchain/bin/../lib/gcc/arm-none-eabi/6.3.1/../../../../arm-none-eabi/lib/thumb/v7-m\libc_nano.a(lib_a-malloc.o)
                0x00083e44                malloc
 .text.memchr   0x00083e54       0x1c c:/program files (x86)/atmel/studio/7.0/toolchain/arm/arm-gnu-toolchain/bin/../lib/gcc/arm-none-eabi/6.3.1/../../../../arm-none-eabi/lib/thumb/v7-m\libc_nano.a(lib_a-memchr-stub.o)
                0x00083e54                memchr
 .text.memcpy   0x00083e70       0x16 c:/program files (x86)/atmel/studio/7.0/toolchain/arm/arm-gnu-toolchain/bin/../lib/gcc/arm-none-eabi/6.3.1/../../../../arm-none-eabi/lib/thumb/v7-m\libc_nano.a(lib_a-memcpy-stub.o)
                0x00083e70                memcpy
 .text._Balloc  0x00083e86       0x68 c:/program files (x86)/atmel/studio/7.0/toolchain/arm/arm-gnu-toolchain/bin/../lib/gcc/arm-none-eabi/6.3.1/../../../../arm-none-eabi/lib/thumb/v7-m\libc_nano.a(lib_a-mprec.o)
                0x00083e86                _Balloc
 .text._Bfree   0x00083eee       0x2e c:/program files (x86)/atmel/studio/7.0/toolchain/arm/arm-gnu-toolchain/bin/../lib/gcc/arm-none-eabi/6.3.1/../../../../arm-none-eabi/lib/thumb/v7-m\libc_nano.a(lib_a-mprec.o)
                0x00083eee                _Bfree
 .text.__multadd
                0x00083f1c       0x76 c:/program files (x86)/atmel/studio/7.0/toolchain/arm/arm-gnu-toolchain/bin/../lib/gcc/arm-none-eabi/6.3.1/../../../../arm-none-eabi/lib/thumb/v7-m\libc_nano.a(lib_a-mprec.o)
                0x00083f1c                __multadd
 .text.__hi0bits
                0x00083f92       0x3e c:/program files (x86)/atmel/studio/7.0/toolchain/arm/arm-gnu-toolchain/bin/../lib/gcc/arm-none-eabi/6.3.1/../../../../arm-none-eabi/lib/thumb/v7-m\libc_nano.a(lib_a-mprec.o)
                0x00083f92                __hi0bits
 .text.__lo0bits
                0x00083fd0       0x5e c:/program files (x86)/atmel/studio/7.0/toolchain/arm/arm-gnu-toolchain/bin/../lib/gcc/arm-none-eabi/6.3.1/../../../../arm-none-eabi/lib/thumb/v7-m\libc_nano.a(lib_a-mprec.o)
                0x00083fd0                __lo0bits
 .text.__i2b    0x0008402e       0x12 c:/program files (x86)/atmel/studio/7.0/toolchain/arm/arm-gnu-toolchain/bin/../lib/gcc/arm-none-eabi/6.3.1/../../../../arm-none-eabi/lib/thumb/v7-m\libc_nano.a(lib_a-mprec.o)
                0x0008402e                __i2b
 .text.__multiply
                0x00084040      0x118 c:/program files (x86)/atmel/studio/7.0/toolchain/arm/arm-gnu-toolchain/bin/../lib/gcc/arm-none-eabi/6.3.1/../../../../arm-none-eabi/lib/thumb/v7-m\libc_nano.a(lib_a-mprec.o)
                0x00084040                __multiply
 .text.__pow5mult
                0x00084158       0x9c c:/program files (x86)/atmel/studio/7.0/toolchain/arm/arm-gnu-toolchain/bin/../lib/gcc/arm-none-eabi/6.3.1/../../../../arm-none-eabi/lib/thumb/v7-m\libc_nano.a(lib_a-mprec.o)
                0x00084158                __pow5mult
 .text.__lshift
                0x000841f4       0xa2 c:/program files (x86)/atmel/studio/7.0/toolchain/arm/arm-gnu-toolchain/bin/../lib/gcc/arm-none-eabi/6.3.1/../../../../arm-none-eabi/lib/thumb/v7-m\libc_nano.a(lib_a-mprec.o)
                0x000841f4                __lshift
 .text.__mcmp   0x00084296       0x34 c:/program files (x86)/atmel/studio/7.0/toolchain/arm/arm-gnu-toolchain/bin/../lib/gcc/arm-none-eabi/6.3.1/../../../../arm-none-eabi/lib/thumb/v7-m\libc_nano.a(lib_a-mprec.o)
                0x00084296                __mcmp
 .text.__mdiff  0x000842ca       0xbe c:/program files (x86)/atmel/studio/7.0/toolchain/arm/arm-gnu-toolchain/bin/../lib/gcc/arm-none-eabi/6.3.1/../../../../arm-none-eabi/lib/thumb/v7-m\libc_nano.a(lib_a-mprec.o)
                0x000842ca                __mdiff
 .text.__d2b    0x00084388       0x9e c:/program files (x86)/atmel/studio/7.0/toolchain/arm/arm-gnu-toolchain/bin/../lib/gcc/arm-none-eabi/6.3.1/../../../../arm-none-eabi/lib/thumb/v7-m\libc_nano.a(lib_a-mprec.o)
                0x00084388                __d2b
 .text._calloc_r
                0x00084426       0x1c c:/program files (x86)/atmel/studio/7.0/toolchain/arm/arm-gnu-toolchain/bin/../lib/gcc/arm-none-eabi/6.3.1/../../../../arm-none-eabi/lib/thumb/v7-m\libc_nano.a(lib_a-nano-callocr.o)
                0x00084426                _calloc_r
 *fill*         0x00084442        0x2 
 .text._free_r  0x00084444       0x98 c:/program files (x86)/atmel/studio/7.0/toolchain/arm/arm-gnu-toolchain/bin/../lib/gcc/arm-none-eabi/6.3.1/../../../../arm-none-eabi/lib/thumb/v7-m\libc_nano.a(lib_a-nano-freer.o)
                0x00084444                _free_r
 .text._malloc_r
                0x000844dc       0xbc c:/program files (x86)/atmel/studio/7.0/toolchain/arm/arm-gnu-toolchain/bin/../lib/gcc/arm-none-eabi/6.3.1/../../../../arm-none-eabi/lib/thumb/v7-m\libc_nano.a(lib_a-nano-mallocr.o)
                0x000844dc                _malloc_r
 .text.__sfputc_r
                0x00084598       0x2c c:/program files (x86)/atmel/studio/7.0/toolchain/arm/arm-gnu-toolchain/bin/../lib/gcc/arm-none-eabi/6.3.1/../../../../arm-none-eabi/lib/thumb/v7-m\libc_nano.a(lib_a-nano-vfprintf.o)
 .text.__sfputs_r
                0x000845c4       0x24 c:/program files (x86)/atmel/studio/7.0/toolchain/arm/arm-gnu-toolchain/bin/../lib/gcc/arm-none-eabi/6.3.1/../../../../arm-none-eabi/lib/thumb/v7-m\libc_nano.a(lib_a-nano-vfprintf.o)
                0x000845c4                __sfputs_r
 .text._vfprintf_r
                0x000845e8      0x22c c:/program files (x86)/atmel/studio/7.0/toolchain/arm/arm-gnu-toolchain/bin/../lib/gcc/arm-none-eabi/6.3.1/../../../../arm-none-eabi/lib/thumb/v7-m\libc_nano.a(lib_a-nano-vfprintf.o)
                0x000845e8                _vfprintf_r
                0x000845e8                _vfiprintf_r
 .text._sbrk_r  0x00084814       0x20 c:/program files (x86)/atmel/studio/7.0/toolchain/arm/arm-gnu-toolchain/bin/../lib/gcc/arm-none-eabi/6.3.1/../../../../arm-none-eabi/lib/thumb/v7-m\libc_nano.a(lib_a-sbrkr.o)
                0x00084814                _sbrk_r
 .text.__sread  0x00084834       0x22 c:/program files (x86)/atmel/studio/7.0/toolchain/arm/arm-gnu-toolchain/bin/../lib/gcc/arm-none-eabi/6.3.1/../../../../arm-none-eabi/lib/thumb/v7-m\libc_nano.a(lib_a-stdio.o)
                0x00084834                __sread
 .text.__swrite
                0x00084856       0x38 c:/program files (x86)/atmel/studio/7.0/toolchain/arm/arm-gnu-toolchain/bin/../lib/gcc/arm-none-eabi/6.3.1/../../../../arm-none-eabi/lib/thumb/v7-m\libc_nano.a(lib_a-stdio.o)
                0x00084856                __swrite
 .text.__sseek  0x0008488e       0x24 c:/program files (x86)/atmel/studio/7.0/toolchain/arm/arm-gnu-toolchain/bin/../lib/gcc/arm-none-eabi/6.3.1/../../../../arm-none-eabi/lib/thumb/v7-m\libc_nano.a(lib_a-stdio.o)
                0x0008488e                __sseek
 .text.__sclose
                0x000848b2        0x8 c:/program files (x86)/atmel/studio/7.0/toolchain/arm/arm-gnu-toolchain/bin/../lib/gcc/arm-none-eabi/6.3.1/../../../../arm-none-eabi/lib/thumb/v7-m\libc_nano.a(lib_a-stdio.o)
                0x000848b2                __sclose
 *fill*         0x000848ba        0x2 
 .text._write_r
                0x000848bc       0x24 c:/program files (x86)/atmel/studio/7.0/toolchain/arm/arm-gnu-toolchain/bin/../lib/gcc/arm-none-eabi/6.3.1/../../../../arm-none-eabi/lib/thumb/v7-m\libc_nano.a(lib_a-writer.o)
                0x000848bc                _write_r
 .text._close_r
                0x000848e0       0x20 c:/program files (x86)/atmel/studio/7.0/toolchain/arm/arm-gnu-toolchain/bin/../lib/gcc/arm-none-eabi/6.3.1/../../../../arm-none-eabi/lib/thumb/v7-m\libc_nano.a(lib_a-closer.o)
                0x000848e0                _close_r
 .text._fstat_r
                0x00084900       0x24 c:/program files (x86)/atmel/studio/7.0/toolchain/arm/arm-gnu-toolchain/bin/../lib/gcc/arm-none-eabi/6.3.1/../../../../arm-none-eabi/lib/thumb/v7-m\libc_nano.a(lib_a-fstatr.o)
                0x00084900                _fstat_r
 .text._isatty_r
                0x00084924       0x20 c:/program files (x86)/atmel/studio/7.0/toolchain/arm/arm-gnu-toolchain/bin/../lib/gcc/arm-none-eabi/6.3.1/../../../../arm-none-eabi/lib/thumb/v7-m\libc_nano.a(lib_a-isattyr.o)
                0x00084924                _isatty_r
 .text._lseek_r
                0x00084944       0x24 c:/program files (x86)/atmel/studio/7.0/toolchain/arm/arm-gnu-toolchain/bin/../lib/gcc/arm-none-eabi/6.3.1/../../../../arm-none-eabi/lib/thumb/v7-m\libc_nano.a(lib_a-lseekr.o)
                0x00084944                _lseek_r
 .text.__ascii_mbtowc
                0x00084968       0x24 c:/program files (x86)/atmel/studio/7.0/toolchain/arm/arm-gnu-toolchain/bin/../lib/gcc/arm-none-eabi/6.3.1/../../../../arm-none-eabi/lib/thumb/v7-m\libc_nano.a(lib_a-mbtowc_r.o)
                0x00084968                __ascii_mbtowc
 .text.__malloc_lock
                0x0008498c        0x2 c:/program files (x86)/atmel/studio/7.0/toolchain/arm/arm-gnu-toolchain/bin/../lib/gcc/arm-none-eabi/6.3.1/../../../../arm-none-eabi/lib/thumb/v7-m\libc_nano.a(lib_a-mlock.o)
                0x0008498c                __malloc_lock
 .text.__malloc_unlock
                0x0008498e        0x2 c:/program files (x86)/atmel/studio/7.0/toolchain/arm/arm-gnu-toolchain/bin/../lib/gcc/arm-none-eabi/6.3.1/../../../../arm-none-eabi/lib/thumb/v7-m\libc_nano.a(lib_a-mlock.o)
                0x0008498e                __malloc_unlock
 .text._read_r  0x00084990       0x24 c:/program files (x86)/atmel/studio/7.0/toolchain/arm/arm-gnu-toolchain/bin/../lib/gcc/arm-none-eabi/6.3.1/../../../../arm-none-eabi/lib/thumb/v7-m\libc_nano.a(lib_a-readr.o)
                0x00084990                _read_r
 .text.__ascii_wctomb
                0x000849b4       0x1a c:/program files (x86)/atmel/studio/7.0/toolchain/arm/arm-gnu-toolchain/bin/../lib/gcc/arm-none-eabi/6.3.1/../../../../arm-none-eabi/lib/thumb/v7-m\libc_nano.a(lib_a-wctomb_r.o)
                0x000849b4                __ascii_wctomb
 *fill*         0x000849ce        0x2 
 .text          0x000849d0      0x370 c:/program files (x86)/atmel/studio/7.0/toolchain/arm/arm-gnu-toolchain/bin/../lib/gcc/arm-none-eabi/6.3.1/thumb/v7-m\libgcc.a(_arm_addsubdf3.o)
                0x000849d0                __aeabi_drsub
                0x000849d8                __aeabi_dsub
                0x000849d8                __subdf3
                0x000849dc                __aeabi_dadd
                0x000849dc                __adddf3
                0x00084c54                __floatunsidf
                0x00084c54                __aeabi_ui2d
                0x00084c74                __floatsidf
                0x00084c74                __aeabi_i2d
                0x00084c98                __aeabi_f2d
                0x00084c98                __extendsfdf2
                0x00084cd4                __floatundidf
                0x00084cd4                __aeabi_ul2d
                0x00084ce4                __floatdidf
                0x00084ce4                __aeabi_l2d
 .text          0x00084d40      0x424 c:/program files (x86)/atmel/studio/7.0/toolchain/arm/arm-gnu-toolchain/bin/../lib/gcc/arm-none-eabi/6.3.1/thumb/v7-m\libgcc.a(_arm_muldivdf3.o)
                0x00084d40                __aeabi_dmul
                0x00084d40                __muldf3
                0x00084f94                __divdf3
                0x00084f94                __aeabi_ddiv
 .text          0x00085164      0x110 c:/program files (x86)/atmel/studio/7.0/toolchain/arm/arm-gnu-toolchain/bin/../lib/gcc/arm-none-eabi/6.3.1/thumb/v7-m\libgcc.a(_arm_cmpdf2.o)
                0x00085164                __gtdf2
                0x00085164                __gedf2
                0x0008516c                __ltdf2
                0x0008516c                __ledf2
                0x00085174                __nedf2
                0x00085174                __eqdf2
                0x00085174                __cmpdf2
                0x000851f0                __aeabi_cdrcmple
                0x00085200                __aeabi_cdcmpeq
                0x00085200                __aeabi_cdcmple
                0x00085210                __aeabi_dcmpeq
                0x00085224                __aeabi_dcmplt
                0x00085238                __aeabi_dcmple
                0x0008524c                __aeabi_dcmpge
                0x00085260                __aeabi_dcmpgt
 .text          0x00085274       0x2c c:/program files (x86)/atmel/studio/7.0/toolchain/arm/arm-gnu-toolchain/bin/../lib/gcc/arm-none-eabi/6.3.1/thumb/v7-m\libgcc.a(_arm_unorddf2.o)
                0x00085274                __unorddf2
                0x00085274                __aeabi_dcmpun
 .text          0x000852a0       0x50 c:/program files (x86)/atmel/studio/7.0/toolchain/arm/arm-gnu-toolchain/bin/../lib/gcc/arm-none-eabi/6.3.1/thumb/v7-m\libgcc.a(_arm_fixdfsi.o)
                0x000852a0                __aeabi_d2iz
                0x000852a0                __fixdfsi
 .text          0x000852f0      0x21c c:/program files (x86)/atmel/studio/7.0/toolchain/arm/arm-gnu-toolchain/bin/../lib/gcc/arm-none-eabi/6.3.1/thumb/v7-m\libgcc.a(_arm_addsubsf3.o)
                0x000852f0                __aeabi_frsub
                0x000852f8                __subsf3
                0x000852f8                __aeabi_fsub
                0x000852fc                __aeabi_fadd
                0x000852fc                __addsf3
                0x0008545c                __aeabi_ui2f
                0x0008545c                __floatunsisf
                0x00085464                __aeabi_i2f
                0x00085464                __floatsisf
                0x00085480                __aeabi_ul2f
                0x00085480                __floatundisf
                0x00085490                __aeabi_l2f
                0x00085490                __floatdisf
 .text          0x0008550c      0x2a0 c:/program files (x86)/atmel/studio/7.0/toolchain/arm/arm-gnu-toolchain/bin/../lib/gcc/arm-none-eabi/6.3.1/thumb/v7-m\libgcc.a(_arm_muldivsf3.o)
                0x0008550c                __mulsf3
                0x0008550c                __aeabi_fmul
                0x00085674                __aeabi_fdiv
                0x00085674                __divsf3
 .text          0x000857ac       0xec c:/program files (x86)/atmel/studio/7.0/toolchain/arm/arm-gnu-toolchain/bin/../lib/gcc/arm-none-eabi/6.3.1/thumb/v7-m\libgcc.a(_arm_cmpsf2.o)
                0x000857ac                __gesf2
                0x000857ac                __gtsf2
                0x000857b4                __lesf2
                0x000857b4                __ltsf2
                0x000857bc                __nesf2
                0x000857bc                __eqsf2
                0x000857bc                __cmpsf2
                0x0008581c                __aeabi_cfrcmple
                0x00085824                __aeabi_cfcmpeq
                0x00085824                __aeabi_cfcmple
                0x00085834                __aeabi_fcmpeq
                0x00085848                __aeabi_fcmplt
                0x0008585c                __aeabi_fcmple
                0x00085870                __aeabi_fcmpge
                0x00085884                __aeabi_fcmpgt
 .text          0x00085898       0x4c c:/program files (x86)/atmel/studio/7.0/toolchain/arm/arm-gnu-toolchain/bin/../lib/gcc/arm-none-eabi/6.3.1/thumb/v7-m\libgcc.a(_arm_fixsfsi.o)
                0x00085898                __aeabi_f2iz
                0x00085898                __fixsfsi
 .text          0x000858e4       0x40 c:/program files (x86)/atmel/studio/7.0/toolchain/arm/arm-gnu-toolchain/bin/../lib/gcc/arm-none-eabi/6.3.1/thumb/v7-m\libgcc.a(_arm_fixunssfsi.o)
                0x000858e4                __fixunssfsi
                0x000858e4                __aeabi_f2uiz
 *(.glue_7t)
 .glue_7t       0x00085924        0x0 linker stubs
 *(.glue_7)
 .glue_7        0x00085924        0x0 linker stubs
 *(.rodata .rodata* .gnu.linkonce.r.*)
 .rodata        0x00085924       0x50 src/main.o
 .rodata.bougerMoteurAvecVitesse.str1.4
                0x00085974        0xe src/main.o
 *fill*         0x00085982        0x2 
 .rodata.main.str1.4
                0x00085984       0x30 src/main.o
                                 0x34 (size before relaxing)
 .rodata.positionnerMoteurLent.str1.4
                0x000859b4        0x6 src/main.o
 *fill*         0x000859ba        0x2 
 .rodata.str1.4
                0x000859bc       0x30 ../../bibliotheque pour TPs\libRobot.a(robot.o)
                                 0x2e (size before relaxing)
 .rodata        0x000859ec      0x120 ../../bibliotheque pour TPs\libTPsIUT.a(libTPIUT.o)
 .rodata._global_impure_ptr
                0x00085b0c        0x4 c:/program files (x86)/atmel/studio/7.0/toolchain/arm/arm-gnu-toolchain/bin/../lib/gcc/arm-none-eabi/6.3.1/../../../../arm-none-eabi/lib/thumb/v7-m\libc_nano.a(lib_a-impure.o)
                0x00085b0c                _global_impure_ptr
 .rodata._printf_float.str1.1
                0x00085b10       0x12 c:/program files (x86)/atmel/studio/7.0/toolchain/arm/arm-gnu-toolchain/bin/../lib/gcc/arm-none-eabi/6.3.1/../../../../arm-none-eabi/lib/thumb/v7-m\libc_nano.a(lib_a-nano-vfprintf_float.o)
 .rodata._printf_i.str1.1
                0x00085b22       0x22 c:/program files (x86)/atmel/studio/7.0/toolchain/arm/arm-gnu-toolchain/bin/../lib/gcc/arm-none-eabi/6.3.1/../../../../arm-none-eabi/lib/thumb/v7-m\libc_nano.a(lib_a-nano-vfprintf_i.o)
 .rodata._dtoa_r.str1.1
                0x00085b44        0xd c:/program files (x86)/atmel/studio/7.0/toolchain/arm/arm-gnu-toolchain/bin/../lib/gcc/arm-none-eabi/6.3.1/../../../../arm-none-eabi/lib/thumb/v7-m\libc_nano.a(lib_a-dtoa.o)
                                  0xf (size before relaxing)
 *fill*         0x00085b51        0x3 
 .rodata.__sf_fake_stderr
                0x00085b54       0x20 c:/program files (x86)/atmel/studio/7.0/toolchain/arm/arm-gnu-toolchain/bin/../lib/gcc/arm-none-eabi/6.3.1/../../../../arm-none-eabi/lib/thumb/v7-m\libc_nano.a(lib_a-findfp.o)
                0x00085b54                __sf_fake_stderr
 .rodata.__sf_fake_stdin
                0x00085b74       0x20 c:/program files (x86)/atmel/studio/7.0/toolchain/arm/arm-gnu-toolchain/bin/../lib/gcc/arm-none-eabi/6.3.1/../../../../arm-none-eabi/lib/thumb/v7-m\libc_nano.a(lib_a-findfp.o)
                0x00085b74                __sf_fake_stdin
 .rodata.__sf_fake_stdout
                0x00085b94       0x20 c:/program files (x86)/atmel/studio/7.0/toolchain/arm/arm-gnu-toolchain/bin/../lib/gcc/arm-none-eabi/6.3.1/../../../../arm-none-eabi/lib/thumb/v7-m\libc_nano.a(lib_a-findfp.o)
                0x00085b94                __sf_fake_stdout
 *fill*         0x00085bb4        0x4 
 .rodata.__mprec_bigtens
                0x00085bb8       0x28 c:/program files (x86)/atmel/studio/7.0/toolchain/arm/arm-gnu-toolchain/bin/../lib/gcc/arm-none-eabi/6.3.1/../../../../arm-none-eabi/lib/thumb/v7-m\libc_nano.a(lib_a-mprec.o)
                0x00085bb8                __mprec_bigtens
 .rodata.__mprec_tens
                0x00085be0       0xc8 c:/program files (x86)/atmel/studio/7.0/toolchain/arm/arm-gnu-toolchain/bin/../lib/gcc/arm-none-eabi/6.3.1/../../../../arm-none-eabi/lib/thumb/v7-m\libc_nano.a(lib_a-mprec.o)
                0x00085be0                __mprec_tens
 .rodata.p05.6047
                0x00085ca8        0xc c:/program files (x86)/atmel/studio/7.0/toolchain/arm/arm-gnu-toolchain/bin/../lib/gcc/arm-none-eabi/6.3.1/../../../../arm-none-eabi/lib/thumb/v7-m\libc_nano.a(lib_a-mprec.o)
 .rodata._vfprintf_r.str1.1
                0x00085cb4       0x11 c:/program files (x86)/atmel/studio/7.0/toolchain/arm/arm-gnu-toolchain/bin/../lib/gcc/arm-none-eabi/6.3.1/../../../../arm-none-eabi/lib/thumb/v7-m\libc_nano.a(lib_a-nano-vfprintf.o)
 .rodata._setlocale_r.str1.1
                0x00085cc5        0x8 c:/program files (x86)/atmel/studio/7.0/toolchain/arm/arm-gnu-toolchain/bin/../lib/gcc/arm-none-eabi/6.3.1/../../../../arm-none-eabi/lib/thumb/v7-m\libc_nano.a(lib_a-locale.o)
                                  0x9 (size before relaxing)
 .rodata.str1.1
                0x00085ccd        0x2 c:/program files (x86)/atmel/studio/7.0/toolchain/arm/arm-gnu-toolchain/bin/../lib/gcc/arm-none-eabi/6.3.1/../../../../arm-none-eabi/lib/thumb/v7-m\libc_nano.a(lib_a-locale.o)
 .rodata._ctype_
                0x00085ccf      0x101 c:/program files (x86)/atmel/studio/7.0/toolchain/arm/arm-gnu-toolchain/bin/../lib/gcc/arm-none-eabi/6.3.1/../../../../arm-none-eabi/lib/thumb/v7-m\libc_nano.a(lib_a-ctype_.o)
                0x00085ccf                _ctype_
 *(.ARM.extab* .gnu.linkonce.armextab.*)
                0x00085dd0                . = ALIGN (0x4)
 *(.init)
 .init          0x00085dd0        0x4 c:/program files (x86)/atmel/studio/7.0/toolchain/arm/arm-gnu-toolchain/bin/../lib/gcc/arm-none-eabi/6.3.1/thumb/v7-m/crti.o
                0x00085dd0                _init
 .init          0x00085dd4        0x8 c:/program files (x86)/atmel/studio/7.0/toolchain/arm/arm-gnu-toolchain/bin/../lib/gcc/arm-none-eabi/6.3.1/thumb/v7-m/crtn.o
                0x00085ddc                . = ALIGN (0x4)
                0x00085ddc                __preinit_array_start = .
 *(.preinit_array)
                0x00085ddc                __preinit_array_end = .
                0x00085ddc                . = ALIGN (0x4)
                0x00085ddc                __init_array_start = .
 *(SORT(.init_array.*))
 *(.init_array)
 .init_array    0x00085ddc        0x4 c:/program files (x86)/atmel/studio/7.0/toolchain/arm/arm-gnu-toolchain/bin/../lib/gcc/arm-none-eabi/6.3.1/thumb/v7-m/crtbegin.o
                0x00085de0                __init_array_end = .
                0x00085de0                . = ALIGN (0x4)
 *crtbegin.o(.ctors)
 *(EXCLUDE_FILE(*crtend.o) .ctors)
 *(SORT(.ctors.*))
 *crtend.o(.ctors)
                0x00085de0                . = ALIGN (0x4)
 *(.fini)
 .fini          0x00085de0        0x4 c:/program files (x86)/atmel/studio/7.0/toolchain/arm/arm-gnu-toolchain/bin/../lib/gcc/arm-none-eabi/6.3.1/thumb/v7-m/crti.o
                0x00085de0                _fini
 .fini          0x00085de4        0x8 c:/program files (x86)/atmel/studio/7.0/toolchain/arm/arm-gnu-toolchain/bin/../lib/gcc/arm-none-eabi/6.3.1/thumb/v7-m/crtn.o
                0x00085dec                . = ALIGN (0x4)
                0x00085dec                __fini_array_start = .
 *(.fini_array)
 .fini_array    0x00085dec        0x4 c:/program files (x86)/atmel/studio/7.0/toolchain/arm/arm-gnu-toolchain/bin/../lib/gcc/arm-none-eabi/6.3.1/thumb/v7-m/crtbegin.o
 *(SORT(.fini_array.*))
                0x00085df0                __fini_array_end = .
 *crtbegin.o(.dtors)
 *(EXCLUDE_FILE(*crtend.o) .dtors)
 *(SORT(.dtors.*))
 *crtend.o(.dtors)
                0x00085df0                . = ALIGN (0x4)
                0x00085df0                _efixed = .
                [!provide]                PROVIDE (__exidx_start, .)

.vfp11_veneer   0x00085df0        0x0
 .vfp11_veneer  0x00085df0        0x0 linker stubs

.v4_bx          0x00085df0        0x0
 .v4_bx         0x00085df0        0x0 linker stubs

.iplt           0x00085df0        0x0
 .iplt          0x00085df0        0x0 c:/program files (x86)/atmel/studio/7.0/toolchain/arm/arm-gnu-toolchain/bin/../lib/gcc/arm-none-eabi/6.3.1/thumb/v7-m/crtbegin.o

.eh_frame       0x00085df0        0x0
 .eh_frame      0x00085df0        0x0 c:/program files (x86)/atmel/studio/7.0/toolchain/arm/arm-gnu-toolchain/bin/../lib/gcc/arm-none-eabi/6.3.1/thumb/v7-m/crtbegin.o

.rel.dyn        0x00085df0        0x0
 .rel.iplt      0x00085df0        0x0 c:/program files (x86)/atmel/studio/7.0/toolchain/arm/arm-gnu-toolchain/bin/../lib/gcc/arm-none-eabi/6.3.1/thumb/v7-m/crtbegin.o

.jcr            0x00085df0        0x0
 .jcr           0x00085df0        0x0 c:/program files (x86)/atmel/studio/7.0/toolchain/arm/arm-gnu-toolchain/bin/../lib/gcc/arm-none-eabi/6.3.1/thumb/v7-m/crtbegin.o

.igot.plt       0x00085df0        0x0
 .igot.plt      0x00085df0        0x0 c:/program files (x86)/atmel/studio/7.0/toolchain/arm/arm-gnu-toolchain/bin/../lib/gcc/arm-none-eabi/6.3.1/thumb/v7-m/crtbegin.o

.ARM.exidx
 *(.ARM.exidx* .gnu.linkonce.armexidx.*)
                [!provide]                PROVIDE (__exidx_end, .)
                0x00085df0                . = ALIGN (0x4)
                0x00085df0                _etext = .

.relocate       0x20070000      0x38c load address 0x00085df0
                0x20070000                . = ALIGN (0x4)
                0x20070000                _srelocate = .
 *(.ramfunc .ramfunc.*)
 .ramfunc       0x20070000      0x12c src/ASF/sam/utils/cmsis/sam3x/source/templates/system_sam3x.o
                0x20070000                SystemInit
                0x200700a4                system_init_flash
 *(.data .data.*)
 .data.g_interrupt_enabled
                0x2007012c        0x1 src/ASF/common/utils/interrupt/interrupt_sam_nvic.o
                0x2007012c                g_interrupt_enabled
 *fill*         0x2007012d        0x3 
 .data.SystemCoreClock
                0x20070130        0x4 src/ASF/sam/utils/cmsis/sam3x/source/templates/system_sam3x.o
                0x20070130                SystemCoreClock
 .data          0x20070134       0x64 ../../bibliotheque pour TPs\libRobot.a(robot.o)
                0x20070134                _ports
                0x20070148                _lignes
                0x2007015c                _genes
                0x20070170                _angles_min
                0x20070184                _angles_max
 .data          0x20070198       0x24 ../../bibliotheque pour TPs\libTPsIUT.a(libTPIUT.o)
                0x20070198                canauxTimers
 .data._impure_ptr
                0x200701bc        0x4 c:/program files (x86)/atmel/studio/7.0/toolchain/arm/arm-gnu-toolchain/bin/../lib/gcc/arm-none-eabi/6.3.1/../../../../arm-none-eabi/lib/thumb/v7-m\libc_nano.a(lib_a-impure.o)
                0x200701bc                _impure_ptr
 .data.impure_data
                0x200701c0       0x60 c:/program files (x86)/atmel/studio/7.0/toolchain/arm/arm-gnu-toolchain/bin/../lib/gcc/arm-none-eabi/6.3.1/../../../../arm-none-eabi/lib/thumb/v7-m\libc_nano.a(lib_a-impure.o)
 .data.__global_locale
                0x20070220      0x16c c:/program files (x86)/atmel/studio/7.0/toolchain/arm/arm-gnu-toolchain/bin/../lib/gcc/arm-none-eabi/6.3.1/../../../../arm-none-eabi/lib/thumb/v7-m\libc_nano.a(lib_a-locale.o)
                0x20070220                __global_locale
                0x2007038c                . = ALIGN (0x4)
                0x2007038c                _erelocate = .

.bss            0x2007038c      0x2c4 load address 0x0008617c
                0x2007038c                . = ALIGN (0x4)
                0x2007038c                _sbss = .
                0x2007038c                _szero = .
 *(.bss .bss.*)
 .bss           0x2007038c       0x1c c:/program files (x86)/atmel/studio/7.0/toolchain/arm/arm-gnu-toolchain/bin/../lib/gcc/arm-none-eabi/6.3.1/thumb/v7-m/crtbegin.o
 .bss.heap.5297
                0x200703a8        0x4 src/ASF/sam/utils/syscalls/gcc/syscalls.o
 .bss.indicePos
                0x200703ac       0x14 src/main.o
                0x200703ac                indicePos
 .bss.isInterrompu
                0x200703c0        0x4 src/main.o
                0x200703c0                isInterrompu
 .bss.prevAngle
                0x200703c4       0x14 src/main.o
                0x200703c4                prevAngle
 .bss           0x200703d8      0x258 ../../bibliotheque pour TPs\libTPsIUT.a(libTPIUT.o)
 .bss.__malloc_free_list
                0x20070630        0x4 c:/program files (x86)/atmel/studio/7.0/toolchain/arm/arm-gnu-toolchain/bin/../lib/gcc/arm-none-eabi/6.3.1/../../../../arm-none-eabi/lib/thumb/v7-m\libc_nano.a(lib_a-nano-mallocr.o)
                0x20070630                __malloc_free_list
 .bss.__malloc_sbrk_start
                0x20070634        0x4 c:/program files (x86)/atmel/studio/7.0/toolchain/arm/arm-gnu-toolchain/bin/../lib/gcc/arm-none-eabi/6.3.1/../../../../arm-none-eabi/lib/thumb/v7-m\libc_nano.a(lib_a-nano-mallocr.o)
                0x20070634                __malloc_sbrk_start
 *(COMMON)
 COMMON         0x20070638       0x14 ../../bibliotheque pour TPs\libRobot.a(robot.o)
                0x20070638                _positions_moteurs
 COMMON         0x2007064c        0x4 c:/program files (x86)/atmel/studio/7.0/toolchain/arm/arm-gnu-toolchain/bin/../lib/gcc/arm-none-eabi/6.3.1/../../../../arm-none-eabi/lib/thumb/v7-m\libc_nano.a(lib_a-reent.o)
                0x2007064c                errno
                0x20070650                . = ALIGN (0x4)
                0x20070650                _ebss = .
                0x20070650                _ezero = .

.stack          0x20070650     0x2000 load address 0x00086440
                0x20070650                . = ALIGN (0x8)
                0x20070650                _sstack = .
                0x20072650                . = (. + __stack_size__)
 *fill*         0x20070650     0x2000 
                0x20072650                . = ALIGN (0x8)
                0x20072650                _estack = .
                0x20072650                . = ALIGN (0x4)
                0x20072650                _end = .
OUTPUT(ModeleTP.elf elf32-littlearm)

.ARM.attributes
                0x00000000       0x29
 .ARM.attributes
                0x00000000       0x1d c:/program files (x86)/atmel/studio/7.0/toolchain/arm/arm-gnu-toolchain/bin/../lib/gcc/arm-none-eabi/6.3.1/thumb/v7-m/crti.o
 .ARM.attributes
                0x0000001d       0x2d c:/program files (x86)/atmel/studio/7.0/toolchain/arm/arm-gnu-toolchain/bin/../lib/gcc/arm-none-eabi/6.3.1/thumb/v7-m/crtbegin.o
 .ARM.attributes
                0x0000004a       0x33 src/ASF/common/utils/interrupt/interrupt_sam_nvic.o
 .ARM.attributes
                0x0000007d       0x33 src/ASF/sam/utils/cmsis/sam3x/source/templates/exceptions.o
 .ARM.attributes
                0x000000b0       0x33 src/ASF/sam/utils/cmsis/sam3x/source/templates/gcc/startup_sam3x.o
 .ARM.attributes
                0x000000e3       0x33 src/ASF/sam/utils/cmsis/sam3x/source/templates/system_sam3x.o
 .ARM.attributes
                0x00000116       0x33 src/ASF/sam/utils/syscalls/gcc/syscalls.o
 .ARM.attributes
                0x00000149       0x33 src/main.o
 .ARM.attributes
                0x0000017c       0x33 ../../bibliotheque pour TPs\libRobot.a(robot.o)
 .ARM.attributes
                0x000001af       0x33 ../../bibliotheque pour TPs\libTPsIUT.a(libTPIUT.o)
 .ARM.attributes
                0x000001e2       0x2d c:/program files (x86)/atmel/studio/7.0/toolchain/arm/arm-gnu-toolchain/bin/../lib/gcc/arm-none-eabi/6.3.1/../../../../arm-none-eabi/lib/thumb/v7-m\libc_nano.a(lib_a-impure.o)
 .ARM.attributes
                0x0000020f       0x2d c:/program files (x86)/atmel/studio/7.0/toolchain/arm/arm-gnu-toolchain/bin/../lib/gcc/arm-none-eabi/6.3.1/../../../../arm-none-eabi/lib/thumb/v7-m\libc_nano.a(lib_a-init.o)
 .ARM.attributes
                0x0000023c       0x2d c:/program files (x86)/atmel/studio/7.0/toolchain/arm/arm-gnu-toolchain/bin/../lib/gcc/arm-none-eabi/6.3.1/../../../../arm-none-eabi/lib/thumb/v7-m\libc_nano.a(lib_a-memset.o)
 .ARM.attributes
                0x00000269       0x2d c:/program files (x86)/atmel/studio/7.0/toolchain/arm/arm-gnu-toolchain/bin/../lib/gcc/arm-none-eabi/6.3.1/../../../../arm-none-eabi/lib/thumb/v7-m\libc_nano.a(lib_a-nano-vfprintf_float.o)
 .ARM.attributes
                0x00000296       0x2d c:/program files (x86)/atmel/studio/7.0/toolchain/arm/arm-gnu-toolchain/bin/../lib/gcc/arm-none-eabi/6.3.1/../../../../arm-none-eabi/lib/thumb/v7-m\libc_nano.a(lib_a-nano-vfprintf_i.o)
 .ARM.attributes
                0x000002c3       0x2d c:/program files (x86)/atmel/studio/7.0/toolchain/arm/arm-gnu-toolchain/bin/../lib/gcc/arm-none-eabi/6.3.1/../../../../arm-none-eabi/lib/thumb/v7-m\libc_nano.a(lib_a-printf.o)
 .ARM.attributes
                0x000002f0       0x2d c:/program files (x86)/atmel/studio/7.0/toolchain/arm/arm-gnu-toolchain/bin/../lib/gcc/arm-none-eabi/6.3.1/../../../../arm-none-eabi/lib/thumb/v7-m\libc_nano.a(lib_a-puts.o)
 .ARM.attributes
                0x0000031d       0x2d c:/program files (x86)/atmel/studio/7.0/toolchain/arm/arm-gnu-toolchain/bin/../lib/gcc/arm-none-eabi/6.3.1/../../../../arm-none-eabi/lib/thumb/v7-m\libc_nano.a(lib_a-setbuf.o)
 .ARM.attributes
                0x0000034a       0x2d c:/program files (x86)/atmel/studio/7.0/toolchain/arm/arm-gnu-toolchain/bin/../lib/gcc/arm-none-eabi/6.3.1/../../../../arm-none-eabi/lib/thumb/v7-m\libc_nano.a(lib_a-setvbuf.o)
 .ARM.attributes
                0x00000377       0x17 c:/program files (x86)/atmel/studio/7.0/toolchain/arm/arm-gnu-toolchain/bin/../lib/gcc/arm-none-eabi/6.3.1/../../../../arm-none-eabi/lib/thumb/v7-m\libc_nano.a(lib_a-strlen.o)
 .ARM.attributes
                0x0000038e       0x2d c:/program files (x86)/atmel/studio/7.0/toolchain/arm/arm-gnu-toolchain/bin/../lib/gcc/arm-none-eabi/6.3.1/../../../../arm-none-eabi/lib/thumb/v7-m\libc_nano.a(lib_a-wbuf.o)
 .ARM.attributes
                0x000003bb       0x2d c:/program files (x86)/atmel/studio/7.0/toolchain/arm/arm-gnu-toolchain/bin/../lib/gcc/arm-none-eabi/6.3.1/../../../../arm-none-eabi/lib/thumb/v7-m\libc_nano.a(lib_a-wsetup.o)
 .ARM.attributes
                0x000003e8       0x2d c:/program files (x86)/atmel/studio/7.0/toolchain/arm/arm-gnu-toolchain/bin/../lib/gcc/arm-none-eabi/6.3.1/../../../../arm-none-eabi/lib/thumb/v7-m\libc_nano.a(lib_a-dtoa.o)
 .ARM.attributes
                0x00000415       0x2d c:/program files (x86)/atmel/studio/7.0/toolchain/arm/arm-gnu-toolchain/bin/../lib/gcc/arm-none-eabi/6.3.1/../../../../arm-none-eabi/lib/thumb/v7-m\libc_nano.a(lib_a-fflush.o)
 .ARM.attributes
                0x00000442       0x2d c:/program files (x86)/atmel/studio/7.0/toolchain/arm/arm-gnu-toolchain/bin/../lib/gcc/arm-none-eabi/6.3.1/../../../../arm-none-eabi/lib/thumb/v7-m\libc_nano.a(lib_a-findfp.o)
 .ARM.attributes
                0x0000046f       0x2d c:/program files (x86)/atmel/studio/7.0/toolchain/arm/arm-gnu-toolchain/bin/../lib/gcc/arm-none-eabi/6.3.1/../../../../arm-none-eabi/lib/thumb/v7-m\libc_nano.a(lib_a-fwalk.o)
 .ARM.attributes
                0x0000049c       0x2d c:/program files (x86)/atmel/studio/7.0/toolchain/arm/arm-gnu-toolchain/bin/../lib/gcc/arm-none-eabi/6.3.1/../../../../arm-none-eabi/lib/thumb/v7-m\libc_nano.a(lib_a-localeconv.o)
 .ARM.attributes
                0x000004c9       0x2d c:/program files (x86)/atmel/studio/7.0/toolchain/arm/arm-gnu-toolchain/bin/../lib/gcc/arm-none-eabi/6.3.1/../../../../arm-none-eabi/lib/thumb/v7-m\libc_nano.a(lib_a-makebuf.o)
 .ARM.attributes
                0x000004f6       0x2d c:/program files (x86)/atmel/studio/7.0/toolchain/arm/arm-gnu-toolchain/bin/../lib/gcc/arm-none-eabi/6.3.1/../../../../arm-none-eabi/lib/thumb/v7-m\libc_nano.a(lib_a-malloc.o)
 .ARM.attributes
                0x00000523       0x2d c:/program files (x86)/atmel/studio/7.0/toolchain/arm/arm-gnu-toolchain/bin/../lib/gcc/arm-none-eabi/6.3.1/../../../../arm-none-eabi/lib/thumb/v7-m\libc_nano.a(lib_a-memchr-stub.o)
 .ARM.attributes
                0x00000550       0x2d c:/program files (x86)/atmel/studio/7.0/toolchain/arm/arm-gnu-toolchain/bin/../lib/gcc/arm-none-eabi/6.3.1/../../../../arm-none-eabi/lib/thumb/v7-m\libc_nano.a(lib_a-memcpy-stub.o)
 .ARM.attributes
                0x0000057d       0x2d c:/program files (x86)/atmel/studio/7.0/toolchain/arm/arm-gnu-toolchain/bin/../lib/gcc/arm-none-eabi/6.3.1/../../../../arm-none-eabi/lib/thumb/v7-m\libc_nano.a(lib_a-mprec.o)
 .ARM.attributes
                0x000005aa       0x2d c:/program files (x86)/atmel/studio/7.0/toolchain/arm/arm-gnu-toolchain/bin/../lib/gcc/arm-none-eabi/6.3.1/../../../../arm-none-eabi/lib/thumb/v7-m\libc_nano.a(lib_a-nano-callocr.o)
 .ARM.attributes
                0x000005d7       0x2d c:/program files (x86)/atmel/studio/7.0/toolchain/arm/arm-gnu-toolchain/bin/../lib/gcc/arm-none-eabi/6.3.1/../../../../arm-none-eabi/lib/thumb/v7-m\libc_nano.a(lib_a-nano-freer.o)
 .ARM.attributes
                0x00000604       0x2d c:/program files (x86)/atmel/studio/7.0/toolchain/arm/arm-gnu-toolchain/bin/../lib/gcc/arm-none-eabi/6.3.1/../../../../arm-none-eabi/lib/thumb/v7-m\libc_nano.a(lib_a-nano-mallocr.o)
 .ARM.attributes
                0x00000631       0x2d c:/program files (x86)/atmel/studio/7.0/toolchain/arm/arm-gnu-toolchain/bin/../lib/gcc/arm-none-eabi/6.3.1/../../../../arm-none-eabi/lib/thumb/v7-m\libc_nano.a(lib_a-nano-vfprintf.o)
 .ARM.attributes
                0x0000065e       0x2d c:/program files (x86)/atmel/studio/7.0/toolchain/arm/arm-gnu-toolchain/bin/../lib/gcc/arm-none-eabi/6.3.1/../../../../arm-none-eabi/lib/thumb/v7-m\libc_nano.a(lib_a-sbrkr.o)
 .ARM.attributes
                0x0000068b       0x2d c:/program files (x86)/atmel/studio/7.0/toolchain/arm/arm-gnu-toolchain/bin/../lib/gcc/arm-none-eabi/6.3.1/../../../../arm-none-eabi/lib/thumb/v7-m\libc_nano.a(lib_a-stdio.o)
 .ARM.attributes
                0x000006b8       0x2d c:/program files (x86)/atmel/studio/7.0/toolchain/arm/arm-gnu-toolchain/bin/../lib/gcc/arm-none-eabi/6.3.1/../../../../arm-none-eabi/lib/thumb/v7-m\libc_nano.a(lib_a-writer.o)
 .ARM.attributes
                0x000006e5       0x2d c:/program files (x86)/atmel/studio/7.0/toolchain/arm/arm-gnu-toolchain/bin/../lib/gcc/arm-none-eabi/6.3.1/../../../../arm-none-eabi/lib/thumb/v7-m\libc_nano.a(lib_a-closer.o)
 .ARM.attributes
                0x00000712       0x2d c:/program files (x86)/atmel/studio/7.0/toolchain/arm/arm-gnu-toolchain/bin/../lib/gcc/arm-none-eabi/6.3.1/../../../../arm-none-eabi/lib/thumb/v7-m\libc_nano.a(lib_a-fstatr.o)
 .ARM.attributes
                0x0000073f       0x2d c:/program files (x86)/atmel/studio/7.0/toolchain/arm/arm-gnu-toolchain/bin/../lib/gcc/arm-none-eabi/6.3.1/../../../../arm-none-eabi/lib/thumb/v7-m\libc_nano.a(lib_a-isattyr.o)
 .ARM.attributes
                0x0000076c       0x2d c:/program files (x86)/atmel/studio/7.0/toolchain/arm/arm-gnu-toolchain/bin/../lib/gcc/arm-none-eabi/6.3.1/../../../../arm-none-eabi/lib/thumb/v7-m\libc_nano.a(lib_a-locale.o)
 .ARM.attributes
                0x00000799       0x2d c:/program files (x86)/atmel/studio/7.0/toolchain/arm/arm-gnu-toolchain/bin/../lib/gcc/arm-none-eabi/6.3.1/../../../../arm-none-eabi/lib/thumb/v7-m\libc_nano.a(lib_a-lseekr.o)
 .ARM.attributes
                0x000007c6       0x2d c:/program files (x86)/atmel/studio/7.0/toolchain/arm/arm-gnu-toolchain/bin/../lib/gcc/arm-none-eabi/6.3.1/../../../../arm-none-eabi/lib/thumb/v7-m\libc_nano.a(lib_a-mbtowc_r.o)
 .ARM.attributes
                0x000007f3       0x2d c:/program files (x86)/atmel/studio/7.0/toolchain/arm/arm-gnu-toolchain/bin/../lib/gcc/arm-none-eabi/6.3.1/../../../../arm-none-eabi/lib/thumb/v7-m\libc_nano.a(lib_a-mlock.o)
 .ARM.attributes
                0x00000820       0x2d c:/program files (x86)/atmel/studio/7.0/toolchain/arm/arm-gnu-toolchain/bin/../lib/gcc/arm-none-eabi/6.3.1/../../../../arm-none-eabi/lib/thumb/v7-m\libc_nano.a(lib_a-readr.o)
 .ARM.attributes
                0x0000084d       0x2d c:/program files (x86)/atmel/studio/7.0/toolchain/arm/arm-gnu-toolchain/bin/../lib/gcc/arm-none-eabi/6.3.1/../../../../arm-none-eabi/lib/thumb/v7-m\libc_nano.a(lib_a-reent.o)
 .ARM.attributes
                0x0000087a       0x2d c:/program files (x86)/atmel/studio/7.0/toolchain/arm/arm-gnu-toolchain/bin/../lib/gcc/arm-none-eabi/6.3.1/../../../../arm-none-eabi/lib/thumb/v7-m\libc_nano.a(lib_a-wctomb_r.o)
 .ARM.attributes
                0x000008a7       0x2d c:/program files (x86)/atmel/studio/7.0/toolchain/arm/arm-gnu-toolchain/bin/../lib/gcc/arm-none-eabi/6.3.1/../../../../arm-none-eabi/lib/thumb/v7-m\libc_nano.a(lib_a-ctype_.o)
 .ARM.attributes
                0x000008d4       0x1d c:/program files (x86)/atmel/studio/7.0/toolchain/arm/arm-gnu-toolchain/bin/../lib/gcc/arm-none-eabi/6.3.1/thumb/v7-m\libgcc.a(_arm_addsubdf3.o)
 .ARM.attributes
                0x000008f1       0x1d c:/program files (x86)/atmel/studio/7.0/toolchain/arm/arm-gnu-toolchain/bin/../lib/gcc/arm-none-eabi/6.3.1/thumb/v7-m\libgcc.a(_arm_muldivdf3.o)
 .ARM.attributes
                0x0000090e       0x1d c:/program files (x86)/atmel/studio/7.0/toolchain/arm/arm-gnu-toolchain/bin/../lib/gcc/arm-none-eabi/6.3.1/thumb/v7-m\libgcc.a(_arm_cmpdf2.o)
 .ARM.attributes
                0x0000092b       0x1d c:/program files (x86)/atmel/studio/7.0/toolchain/arm/arm-gnu-toolchain/bin/../lib/gcc/arm-none-eabi/6.3.1/thumb/v7-m\libgcc.a(_arm_unorddf2.o)
 .ARM.attributes
                0x00000948       0x1d c:/program files (x86)/atmel/studio/7.0/toolchain/arm/arm-gnu-toolchain/bin/../lib/gcc/arm-none-eabi/6.3.1/thumb/v7-m\libgcc.a(_arm_fixdfsi.o)
 .ARM.attributes
                0x00000965       0x1d c:/program files (x86)/atmel/studio/7.0/toolchain/arm/arm-gnu-toolchain/bin/../lib/gcc/arm-none-eabi/6.3.1/thumb/v7-m\libgcc.a(_arm_addsubsf3.o)
 .ARM.attributes
                0x00000982       0x1d c:/program files (x86)/atmel/studio/7.0/toolchain/arm/arm-gnu-toolchain/bin/../lib/gcc/arm-none-eabi/6.3.1/thumb/v7-m\libgcc.a(_arm_muldivsf3.o)
 .ARM.attributes
                0x0000099f       0x1d c:/program files (x86)/atmel/studio/7.0/toolchain/arm/arm-gnu-toolchain/bin/../lib/gcc/arm-none-eabi/6.3.1/thumb/v7-m\libgcc.a(_arm_cmpsf2.o)
 .ARM.attributes
                0x000009bc       0x1d c:/program files (x86)/atmel/studio/7.0/toolchain/arm/arm-gnu-toolchain/bin/../lib/gcc/arm-none-eabi/6.3.1/thumb/v7-m\libgcc.a(_arm_fixsfsi.o)
 .ARM.attributes
                0x000009d9       0x1d c:/program files (x86)/atmel/studio/7.0/toolchain/arm/arm-gnu-toolchain/bin/../lib/gcc/arm-none-eabi/6.3.1/thumb/v7-m\libgcc.a(_arm_fixunssfsi.o)
 .ARM.attributes
                0x000009f6       0x1d c:/program files (x86)/atmel/studio/7.0/toolchain/arm/arm-gnu-toolchain/bin/../lib/gcc/arm-none-eabi/6.3.1/thumb/v7-m/crtn.o

.comment        0x00000000       0xb4
 .comment       0x00000000       0x59 src/ASF/common/utils/interrupt/interrupt_sam_nvic.o
                                 0x5a (size before relaxing)
 .comment       0x00000059       0x5a src/ASF/sam/utils/cmsis/sam3x/source/templates/exceptions.o
 .comment       0x00000059       0x5a src/ASF/sam/utils/cmsis/sam3x/source/templates/gcc/startup_sam3x.o
 .comment       0x00000059       0x5a src/ASF/sam/utils/cmsis/sam3x/source/templates/system_sam3x.o
 .comment       0x00000059       0x5a src/ASF/sam/utils/syscalls/gcc/syscalls.o
 .comment       0x00000059       0x5a src/main.o
 .comment       0x00000059       0x5b ../../bibliotheque pour TPs\libRobot.a(robot.o)
                                 0x5c (size before relaxing)
 .comment       0x000000b4       0x5c ../../bibliotheque pour TPs\libTPsIUT.a(libTPIUT.o)

.debug_info     0x00000000     0xb889
 .debug_info    0x00000000      0xb01 src/ASF/common/utils/interrupt/interrupt_sam_nvic.o
 .debug_info    0x00000b01      0xa39 src/ASF/sam/utils/cmsis/sam3x/source/templates/exceptions.o
 .debug_info    0x0000153a      0xd1b src/ASF/sam/utils/cmsis/sam3x/source/templates/gcc/startup_sam3x.o
 .debug_info    0x00002255      0xdc2 src/ASF/sam/utils/cmsis/sam3x/source/templates/system_sam3x.o
 .debug_info    0x00003017      0xddf src/ASF/sam/utils/syscalls/gcc/syscalls.o
 .debug_info    0x00003df6     0x1827 src/main.o
 .debug_info    0x0000561d      0x6df ../../bibliotheque pour TPs\libRobot.a(robot.o)
 .debug_info    0x00005cfc     0x5b8d ../../bibliotheque pour TPs\libTPsIUT.a(libTPIUT.o)

.debug_abbrev   0x00000000     0x13cc
 .debug_abbrev  0x00000000      0x212 src/ASF/common/utils/interrupt/interrupt_sam_nvic.o
 .debug_abbrev  0x00000212      0x1a4 src/ASF/sam/utils/cmsis/sam3x/source/templates/exceptions.o
 .debug_abbrev  0x000003b6      0x1f2 src/ASF/sam/utils/cmsis/sam3x/source/templates/gcc/startup_sam3x.o
 .debug_abbrev  0x000005a8      0x1f4 src/ASF/sam/utils/cmsis/sam3x/source/templates/system_sam3x.o
 .debug_abbrev  0x0000079c      0x264 src/ASF/sam/utils/syscalls/gcc/syscalls.o
 .debug_abbrev  0x00000a00      0x30c src/main.o
 .debug_abbrev  0x00000d0c      0x194 ../../bibliotheque pour TPs\libRobot.a(robot.o)
 .debug_abbrev  0x00000ea0      0x52c ../../bibliotheque pour TPs\libTPsIUT.a(libTPIUT.o)

.debug_aranges  0x00000000      0x4b8
 .debug_aranges
                0x00000000       0x28 src/ASF/common/utils/interrupt/interrupt_sam_nvic.o
 .debug_aranges
                0x00000028       0x20 src/ASF/sam/utils/cmsis/sam3x/source/templates/exceptions.o
 .debug_aranges
                0x00000048       0x20 src/ASF/sam/utils/cmsis/sam3x/source/templates/gcc/startup_sam3x.o
 .debug_aranges
                0x00000068       0x30 src/ASF/sam/utils/cmsis/sam3x/source/templates/system_sam3x.o
 .debug_aranges
                0x00000098       0x60 src/ASF/sam/utils/syscalls/gcc/syscalls.o
 .debug_aranges
                0x000000f8       0x48 src/main.o
 .debug_aranges
                0x00000140       0x38 ../../bibliotheque pour TPs\libRobot.a(robot.o)
 .debug_aranges
                0x00000178      0x340 ../../bibliotheque pour TPs\libTPsIUT.a(libTPIUT.o)

.debug_ranges   0x00000000      0x498
 .debug_ranges  0x00000000       0x18 src/ASF/common/utils/interrupt/interrupt_sam_nvic.o
 .debug_ranges  0x00000018       0x10 src/ASF/sam/utils/cmsis/sam3x/source/templates/exceptions.o
 .debug_ranges  0x00000028       0x10 src/ASF/sam/utils/cmsis/sam3x/source/templates/gcc/startup_sam3x.o
 .debug_ranges  0x00000038       0x20 src/ASF/sam/utils/cmsis/sam3x/source/templates/system_sam3x.o
 .debug_ranges  0x00000058       0x50 src/ASF/sam/utils/syscalls/gcc/syscalls.o
 .debug_ranges  0x000000a8       0x50 src/main.o
 .debug_ranges  0x000000f8       0x40 ../../bibliotheque pour TPs\libRobot.a(robot.o)
 .debug_ranges  0x00000138      0x360 ../../bibliotheque pour TPs\libTPsIUT.a(libTPIUT.o)

.debug_macro    0x00000000    0x239e1
 .debug_macro   0x00000000      0x55a src/ASF/common/utils/interrupt/interrupt_sam_nvic.o
 .debug_macro   0x0000055a      0x8ce src/ASF/common/utils/interrupt/interrupt_sam_nvic.o
 .debug_macro   0x00000e28      0x16d src/ASF/common/utils/interrupt/interrupt_sam_nvic.o
 .debug_macro   0x00000f95      0x644 src/ASF/common/utils/interrupt/interrupt_sam_nvic.o
 .debug_macro   0x000015d9       0x76 src/ASF/common/utils/interrupt/interrupt_sam_nvic.o
 .debug_macro   0x0000164f       0x16 src/ASF/common/utils/interrupt/interrupt_sam_nvic.o
 .debug_macro   0x00001665      0x6e4 src/ASF/common/utils/interrupt/interrupt_sam_nvic.o
 .debug_macro   0x00001d49       0x22 src/ASF/common/utils/interrupt/interrupt_sam_nvic.o
 .debug_macro   0x00001d6b       0x87 src/ASF/common/utils/interrupt/interrupt_sam_nvic.o
 .debug_macro   0x00001df2       0x51 src/ASF/common/utils/interrupt/interrupt_sam_nvic.o
 .debug_macro   0x00001e43       0xef src/ASF/common/utils/interrupt/interrupt_sam_nvic.o
 .debug_macro   0x00001f32       0x6a src/ASF/common/utils/interrupt/interrupt_sam_nvic.o
 .debug_macro   0x00001f9c      0x1df src/ASF/common/utils/interrupt/interrupt_sam_nvic.o
 .debug_macro   0x0000217b       0x20 src/ASF/common/utils/interrupt/interrupt_sam_nvic.o
 .debug_macro   0x0000219b       0x3a src/ASF/common/utils/interrupt/interrupt_sam_nvic.o
 .debug_macro   0x000021d5       0x2d src/ASF/common/utils/interrupt/interrupt_sam_nvic.o
 .debug_macro   0x00002202      0xbb1 src/ASF/common/utils/interrupt/interrupt_sam_nvic.o
 .debug_macro   0x00002db3      0xab6 src/ASF/common/utils/interrupt/interrupt_sam_nvic.o
 .debug_macro   0x00003869      0x569 src/ASF/common/utils/interrupt/interrupt_sam_nvic.o
 .debug_macro   0x00003dd2      0x2b5 src/ASF/common/utils/interrupt/interrupt_sam_nvic.o
 .debug_macro   0x00004087      0x31a src/ASF/common/utils/interrupt/interrupt_sam_nvic.o
 .debug_macro   0x000043a1      0x74f src/ASF/common/utils/interrupt/interrupt_sam_nvic.o
 .debug_macro   0x00004af0       0x82 src/ASF/common/utils/interrupt/interrupt_sam_nvic.o
 .debug_macro   0x00004b72      0x57b src/ASF/common/utils/interrupt/interrupt_sam_nvic.o
 .debug_macro   0x000050ed       0x1c src/ASF/common/utils/interrupt/interrupt_sam_nvic.o
 .debug_macro   0x00005109      0x6b7 src/ASF/common/utils/interrupt/interrupt_sam_nvic.o
 .debug_macro   0x000057c0      0x52d src/ASF/common/utils/interrupt/interrupt_sam_nvic.o
 .debug_macro   0x00005ced       0xbe src/ASF/common/utils/interrupt/interrupt_sam_nvic.o
 .debug_macro   0x00005dab     0x2342 src/ASF/common/utils/interrupt/interrupt_sam_nvic.o
 .debug_macro   0x000080ed      0x85d src/ASF/common/utils/interrupt/interrupt_sam_nvic.o
 .debug_macro   0x0000894a      0xdc9 src/ASF/common/utils/interrupt/interrupt_sam_nvic.o
 .debug_macro   0x00009713       0x7c src/ASF/common/utils/interrupt/interrupt_sam_nvic.o
 .debug_macro   0x0000978f      0x263 src/ASF/common/utils/interrupt/interrupt_sam_nvic.o
 .debug_macro   0x000099f2       0x58 src/ASF/common/utils/interrupt/interrupt_sam_nvic.o
 .debug_macro   0x00009a4a      0x9a7 src/ASF/common/utils/interrupt/interrupt_sam_nvic.o
 .debug_macro   0x0000a3f1      0x248 src/ASF/common/utils/interrupt/interrupt_sam_nvic.o
 .debug_macro   0x0000a639      0x4df src/ASF/common/utils/interrupt/interrupt_sam_nvic.o
 .debug_macro   0x0000ab18      0x6b3 src/ASF/common/utils/interrupt/interrupt_sam_nvic.o
 .debug_macro   0x0000b1cb      0x59f src/ASF/common/utils/interrupt/interrupt_sam_nvic.o
 .debug_macro   0x0000b76a       0x46 src/ASF/common/utils/interrupt/interrupt_sam_nvic.o
 .debug_macro   0x0000b7b0      0x34d src/ASF/common/utils/interrupt/interrupt_sam_nvic.o
 .debug_macro   0x0000bafd      0x28c src/ASF/common/utils/interrupt/interrupt_sam_nvic.o
 .debug_macro   0x0000bd89     0x14d7 src/ASF/common/utils/interrupt/interrupt_sam_nvic.o
 .debug_macro   0x0000d260      0x7ba src/ASF/common/utils/interrupt/interrupt_sam_nvic.o
 .debug_macro   0x0000da1a       0x76 src/ASF/common/utils/interrupt/interrupt_sam_nvic.o
 .debug_macro   0x0000da90       0x82 src/ASF/common/utils/interrupt/interrupt_sam_nvic.o
 .debug_macro   0x0000db12       0x76 src/ASF/common/utils/interrupt/interrupt_sam_nvic.o
 .debug_macro   0x0000db88       0x4c src/ASF/common/utils/interrupt/interrupt_sam_nvic.o
 .debug_macro   0x0000dbd4      0x105 src/ASF/common/utils/interrupt/interrupt_sam_nvic.o
 .debug_macro   0x0000dcd9      0x105 src/ASF/common/utils/interrupt/interrupt_sam_nvic.o
 .debug_macro   0x0000ddde      0x105 src/ASF/common/utils/interrupt/interrupt_sam_nvic.o
 .debug_macro   0x0000dee3       0x88 src/ASF/common/utils/interrupt/interrupt_sam_nvic.o
 .debug_macro   0x0000df6b       0x88 src/ASF/common/utils/interrupt/interrupt_sam_nvic.o
 .debug_macro   0x0000dff3      0x3b4 src/ASF/common/utils/interrupt/interrupt_sam_nvic.o
 .debug_macro   0x0000e3a7       0xb8 src/ASF/common/utils/interrupt/interrupt_sam_nvic.o
 .debug_macro   0x0000e45f       0xb8 src/ASF/common/utils/interrupt/interrupt_sam_nvic.o
 .debug_macro   0x0000e517       0xb8 src/ASF/common/utils/interrupt/interrupt_sam_nvic.o
 .debug_macro   0x0000e5cf       0xb8 src/ASF/common/utils/interrupt/interrupt_sam_nvic.o
 .debug_macro   0x0000e687      0x2b8 src/ASF/common/utils/interrupt/interrupt_sam_nvic.o
 .debug_macro   0x0000e93f      0x125 src/ASF/common/utils/interrupt/interrupt_sam_nvic.o
 .debug_macro   0x0000ea64      0x225 src/ASF/common/utils/interrupt/interrupt_sam_nvic.o
 .debug_macro   0x0000ec89      0x225 src/ASF/common/utils/interrupt/interrupt_sam_nvic.o
 .debug_macro   0x0000eeae       0x2e src/ASF/common/utils/interrupt/interrupt_sam_nvic.o
 .debug_macro   0x0000eedc       0xac src/ASF/common/utils/interrupt/interrupt_sam_nvic.o
 .debug_macro   0x0000ef88      0x14d src/ASF/common/utils/interrupt/interrupt_sam_nvic.o
 .debug_macro   0x0000f0d5       0x7c src/ASF/common/utils/interrupt/interrupt_sam_nvic.o
 .debug_macro   0x0000f151      0x205 src/ASF/common/utils/interrupt/interrupt_sam_nvic.o
 .debug_macro   0x0000f356       0x64 src/ASF/common/utils/interrupt/interrupt_sam_nvic.o
 .debug_macro   0x0000f3ba       0xa6 src/ASF/common/utils/interrupt/interrupt_sam_nvic.o
 .debug_macro   0x0000f460       0x7c src/ASF/common/utils/interrupt/interrupt_sam_nvic.o
 .debug_macro   0x0000f4dc       0x16 src/ASF/common/utils/interrupt/interrupt_sam_nvic.o
 .debug_macro   0x0000f4f2       0x22 src/ASF/common/utils/interrupt/interrupt_sam_nvic.o
 .debug_macro   0x0000f514       0x22 src/ASF/common/utils/interrupt/interrupt_sam_nvic.o
 .debug_macro   0x0000f536      0x115 src/ASF/common/utils/interrupt/interrupt_sam_nvic.o
 .debug_macro   0x0000f64b      0x115 src/ASF/common/utils/interrupt/interrupt_sam_nvic.o
 .debug_macro   0x0000f760      0x115 src/ASF/common/utils/interrupt/interrupt_sam_nvic.o
 .debug_macro   0x0000f875      0x115 src/ASF/common/utils/interrupt/interrupt_sam_nvic.o
 .debug_macro   0x0000f98a       0x1c src/ASF/common/utils/interrupt/interrupt_sam_nvic.o
 .debug_macro   0x0000f9a6       0x2e src/ASF/common/utils/interrupt/interrupt_sam_nvic.o
 .debug_macro   0x0000f9d4       0x22 src/ASF/common/utils/interrupt/interrupt_sam_nvic.o
 .debug_macro   0x0000f9f6       0x1c src/ASF/common/utils/interrupt/interrupt_sam_nvic.o
 .debug_macro   0x0000fa12       0x58 src/ASF/common/utils/interrupt/interrupt_sam_nvic.o
 .debug_macro   0x0000fa6a       0x10 src/ASF/common/utils/interrupt/interrupt_sam_nvic.o
 .debug_macro   0x0000fa7a      0x273 src/ASF/common/utils/interrupt/interrupt_sam_nvic.o
 .debug_macro   0x0000fced      0xd43 src/ASF/common/utils/interrupt/interrupt_sam_nvic.o
 .debug_macro   0x00010a30      0x131 src/ASF/common/utils/interrupt/interrupt_sam_nvic.o
 .debug_macro   0x00010b61       0x58 src/ASF/common/utils/interrupt/interrupt_sam_nvic.o
 .debug_macro   0x00010bb9       0x35 src/ASF/common/utils/interrupt/interrupt_sam_nvic.o
 .debug_macro   0x00010bee       0x9c src/ASF/common/utils/interrupt/interrupt_sam_nvic.o
 .debug_macro   0x00010c8a       0x16 src/ASF/common/utils/interrupt/interrupt_sam_nvic.o
 .debug_macro   0x00010ca0       0x35 src/ASF/common/utils/interrupt/interrupt_sam_nvic.o
 .debug_macro   0x00010cd5      0x353 src/ASF/common/utils/interrupt/interrupt_sam_nvic.o
 .debug_macro   0x00011028       0x10 src/ASF/common/utils/interrupt/interrupt_sam_nvic.o
 .debug_macro   0x00011038       0x58 src/ASF/common/utils/interrupt/interrupt_sam_nvic.o
 .debug_macro   0x00011090       0x1f src/ASF/common/utils/interrupt/interrupt_sam_nvic.o
 .debug_macro   0x000110af       0x43 src/ASF/common/utils/interrupt/interrupt_sam_nvic.o
 .debug_macro   0x000110f2       0x20 src/ASF/common/utils/interrupt/interrupt_sam_nvic.o
 .debug_macro   0x00011112      0x187 src/ASF/common/utils/interrupt/interrupt_sam_nvic.o
 .debug_macro   0x00011299       0x10 src/ASF/common/utils/interrupt/interrupt_sam_nvic.o
 .debug_macro   0x000112a9       0x1c src/ASF/common/utils/interrupt/interrupt_sam_nvic.o
 .debug_macro   0x000112c5       0x52 src/ASF/common/utils/interrupt/interrupt_sam_nvic.o
 .debug_macro   0x00011317       0x40 src/ASF/common/utils/interrupt/interrupt_sam_nvic.o
 .debug_macro   0x00011357       0x10 src/ASF/common/utils/interrupt/interrupt_sam_nvic.o
 .debug_macro   0x00011367       0x40 src/ASF/common/utils/interrupt/interrupt_sam_nvic.o
 .debug_macro   0x000113a7       0xd7 src/ASF/common/utils/interrupt/interrupt_sam_nvic.o
 .debug_macro   0x0001147e       0x16 src/ASF/common/utils/interrupt/interrupt_sam_nvic.o
 .debug_macro   0x00011494      0x18b src/ASF/common/utils/interrupt/interrupt_sam_nvic.o
 .debug_macro   0x0001161f       0x22 src/ASF/common/utils/interrupt/interrupt_sam_nvic.o
 .debug_macro   0x00011641       0x16 src/ASF/common/utils/interrupt/interrupt_sam_nvic.o
 .debug_macro   0x00011657       0x16 src/ASF/common/utils/interrupt/interrupt_sam_nvic.o
 .debug_macro   0x0001166d       0x29 src/ASF/common/utils/interrupt/interrupt_sam_nvic.o
 .debug_macro   0x00011696       0x75 src/ASF/common/utils/interrupt/interrupt_sam_nvic.o
 .debug_macro   0x0001170b      0x3ca src/ASF/common/utils/interrupt/interrupt_sam_nvic.o
 .debug_macro   0x00011ad5       0x3f src/ASF/common/utils/interrupt/interrupt_sam_nvic.o
 .debug_macro   0x00011b14      0x564 src/ASF/sam/utils/cmsis/sam3x/source/templates/exceptions.o
 .debug_macro   0x00012078      0x572 src/ASF/sam/utils/cmsis/sam3x/source/templates/gcc/startup_sam3x.o
 .debug_macro   0x000125ea      0x572 src/ASF/sam/utils/cmsis/sam3x/source/templates/system_sam3x.o
 .debug_macro   0x00012b5c       0x26 src/ASF/sam/utils/cmsis/sam3x/source/templates/system_sam3x.o
 .debug_macro   0x00012b82      0x1d6 src/ASF/sam/utils/syscalls/gcc/syscalls.o
 .debug_macro   0x00012d58       0x52 src/ASF/sam/utils/syscalls/gcc/syscalls.o
 .debug_macro   0x00012daa       0x8d src/ASF/sam/utils/syscalls/gcc/syscalls.o
 .debug_macro   0x00012e37       0x57 src/ASF/sam/utils/syscalls/gcc/syscalls.o
 .debug_macro   0x00012e8e       0x97 src/ASF/sam/utils/syscalls/gcc/syscalls.o
 .debug_macro   0x00012f25       0xf6 src/ASF/sam/utils/syscalls/gcc/syscalls.o
 .debug_macro   0x0001301b       0x4c src/ASF/sam/utils/syscalls/gcc/syscalls.o
 .debug_macro   0x00013067       0x16 src/ASF/sam/utils/syscalls/gcc/syscalls.o
 .debug_macro   0x0001307d       0x10 src/ASF/sam/utils/syscalls/gcc/syscalls.o
 .debug_macro   0x0001308d       0x10 src/ASF/sam/utils/syscalls/gcc/syscalls.o
 .debug_macro   0x0001309d       0x35 src/ASF/sam/utils/syscalls/gcc/syscalls.o
 .debug_macro   0x000130d2      0x122 src/ASF/sam/utils/syscalls/gcc/syscalls.o
 .debug_macro   0x000131f4      0x5b1 src/main.o
 .debug_macro   0x000137a5      0x275 src/main.o
 .debug_macro   0x00013a1a       0xe4 src/main.o
 .debug_macro   0x00013afe       0x8e src/main.o
 .debug_macro   0x00013b8c      0x54d ../../bibliotheque pour TPs\libRobot.a(robot.o)
 .debug_macro   0x000140d9      0x874 ../../bibliotheque pour TPs\libRobot.a(robot.o)
 .debug_macro   0x0001494d      0x166 ../../bibliotheque pour TPs\libRobot.a(robot.o)
 .debug_macro   0x00014ab3       0x22 ../../bibliotheque pour TPs\libRobot.a(robot.o)
 .debug_macro   0x00014ad5       0x44 ../../bibliotheque pour TPs\libRobot.a(robot.o)
 .debug_macro   0x00014b19       0x58 ../../bibliotheque pour TPs\libRobot.a(robot.o)
 .debug_macro   0x00014b71       0x22 ../../bibliotheque pour TPs\libRobot.a(robot.o)
 .debug_macro   0x00014b93      0x1df ../../bibliotheque pour TPs\libRobot.a(robot.o)
 .debug_macro   0x00014d72       0x20 ../../bibliotheque pour TPs\libRobot.a(robot.o)
 .debug_macro   0x00014d92      0xa7d ../../bibliotheque pour TPs\libRobot.a(robot.o)
 .debug_macro   0x0001580f      0x55a ../../bibliotheque pour TPs\libRobot.a(robot.o)
 .debug_macro   0x00015d69      0x1a8 ../../bibliotheque pour TPs\libRobot.a(robot.o)
 .debug_macro   0x00015f11      0x30b ../../bibliotheque pour TPs\libRobot.a(robot.o)
 .debug_macro   0x0001621c      0x709 ../../bibliotheque pour TPs\libRobot.a(robot.o)
 .debug_macro   0x00016925       0xd6 ../../bibliotheque pour TPs\libRobot.a(robot.o)
 .debug_macro   0x000169fb      0x56c ../../bibliotheque pour TPs\libRobot.a(robot.o)
 .debug_macro   0x00016f67       0x1c ../../bibliotheque pour TPs\libRobot.a(robot.o)
 .debug_macro   0x00016f83      0x678 ../../bibliotheque pour TPs\libRobot.a(robot.o)
 .debug_macro   0x000175fb      0x51e ../../bibliotheque pour TPs\libRobot.a(robot.o)
 .debug_macro   0x00017b19       0xbe ../../bibliotheque pour TPs\libRobot.a(robot.o)
 .debug_macro   0x00017bd7     0x2333 ../../bibliotheque pour TPs\libRobot.a(robot.o)
 .debug_macro   0x00019f0a      0x7d1 ../../bibliotheque pour TPs\libRobot.a(robot.o)
 .debug_macro   0x0001a6db      0xdbb ../../bibliotheque pour TPs\libRobot.a(robot.o)
 .debug_macro   0x0001b496       0x9a ../../bibliotheque pour TPs\libRobot.a(robot.o)
 .debug_macro   0x0001b530      0x29c ../../bibliotheque pour TPs\libRobot.a(robot.o)
 .debug_macro   0x0001b7cc       0x58 ../../bibliotheque pour TPs\libRobot.a(robot.o)
 .debug_macro   0x0001b824      0x999 ../../bibliotheque pour TPs\libRobot.a(robot.o)
 .debug_macro   0x0001c1bd      0x22d ../../bibliotheque pour TPs\libRobot.a(robot.o)
 .debug_macro   0x0001c3ea      0x4b4 ../../bibliotheque pour TPs\libRobot.a(robot.o)
 .debug_macro   0x0001c89e      0x64a ../../bibliotheque pour TPs\libRobot.a(robot.o)
 .debug_macro   0x0001cee8      0x590 ../../bibliotheque pour TPs\libRobot.a(robot.o)
 .debug_macro   0x0001d478       0x46 ../../bibliotheque pour TPs\libRobot.a(robot.o)
 .debug_macro   0x0001d4be      0x33f ../../bibliotheque pour TPs\libRobot.a(robot.o)
 .debug_macro   0x0001d7fd      0x27e ../../bibliotheque pour TPs\libRobot.a(robot.o)
 .debug_macro   0x0001da7b     0x14dc ../../bibliotheque pour TPs\libRobot.a(robot.o)
 .debug_macro   0x0001ef57      0x7cf ../../bibliotheque pour TPs\libRobot.a(robot.o)
 .debug_macro   0x0001f726       0x76 ../../bibliotheque pour TPs\libRobot.a(robot.o)
 .debug_macro   0x0001f79c       0x82 ../../bibliotheque pour TPs\libRobot.a(robot.o)
 .debug_macro   0x0001f81e       0x76 ../../bibliotheque pour TPs\libRobot.a(robot.o)
 .debug_macro   0x0001f894       0x4c ../../bibliotheque pour TPs\libRobot.a(robot.o)
 .debug_macro   0x0001f8e0      0x100 ../../bibliotheque pour TPs\libRobot.a(robot.o)
 .debug_macro   0x0001f9e0      0x100 ../../bibliotheque pour TPs\libRobot.a(robot.o)
 .debug_macro   0x0001fae0      0x100 ../../bibliotheque pour TPs\libRobot.a(robot.o)
 .debug_macro   0x0001fbe0       0x88 ../../bibliotheque pour TPs\libRobot.a(robot.o)
 .debug_macro   0x0001fc68       0x88 ../../bibliotheque pour TPs\libRobot.a(robot.o)
 .debug_macro   0x0001fcf0      0x3b4 ../../bibliotheque pour TPs\libRobot.a(robot.o)
 .debug_macro   0x000200a4       0xbe ../../bibliotheque pour TPs\libRobot.a(robot.o)
 .debug_macro   0x00020162       0xbe ../../bibliotheque pour TPs\libRobot.a(robot.o)
 .debug_macro   0x00020220       0xbe ../../bibliotheque pour TPs\libRobot.a(robot.o)
 .debug_macro   0x000202de       0xbe ../../bibliotheque pour TPs\libRobot.a(robot.o)
 .debug_macro   0x0002039c      0x2b8 ../../bibliotheque pour TPs\libRobot.a(robot.o)
 .debug_macro   0x00020654      0x118 ../../bibliotheque pour TPs\libRobot.a(robot.o)
 .debug_macro   0x0002076c      0x216 ../../bibliotheque pour TPs\libRobot.a(robot.o)
 .debug_macro   0x00020982      0x216 ../../bibliotheque pour TPs\libRobot.a(robot.o)
 .debug_macro   0x00020b98       0x2e ../../bibliotheque pour TPs\libRobot.a(robot.o)
 .debug_macro   0x00020bc6       0xac ../../bibliotheque pour TPs\libRobot.a(robot.o)
 .debug_macro   0x00020c72      0x13e ../../bibliotheque pour TPs\libRobot.a(robot.o)
 .debug_macro   0x00020db0       0x7c ../../bibliotheque pour TPs\libRobot.a(robot.o)
 .debug_macro   0x00020e2c      0x1f6 ../../bibliotheque pour TPs\libRobot.a(robot.o)
 .debug_macro   0x00021022       0x64 ../../bibliotheque pour TPs\libRobot.a(robot.o)
 .debug_macro   0x00021086       0xa6 ../../bibliotheque pour TPs\libRobot.a(robot.o)
 .debug_macro   0x0002112c       0x7c ../../bibliotheque pour TPs\libRobot.a(robot.o)
 .debug_macro   0x000211a8       0x16 ../../bibliotheque pour TPs\libRobot.a(robot.o)
 .debug_macro   0x000211be       0x22 ../../bibliotheque pour TPs\libRobot.a(robot.o)
 .debug_macro   0x000211e0       0x22 ../../bibliotheque pour TPs\libRobot.a(robot.o)
 .debug_macro   0x00021202      0x10c ../../bibliotheque pour TPs\libRobot.a(robot.o)
 .debug_macro   0x0002130e      0x10c ../../bibliotheque pour TPs\libRobot.a(robot.o)
 .debug_macro   0x0002141a      0x10c ../../bibliotheque pour TPs\libRobot.a(robot.o)
 .debug_macro   0x00021526      0x10c ../../bibliotheque pour TPs\libRobot.a(robot.o)
 .debug_macro   0x00021632       0x1c ../../bibliotheque pour TPs\libRobot.a(robot.o)
 .debug_macro   0x0002164e       0x2e ../../bibliotheque pour TPs\libRobot.a(robot.o)
 .debug_macro   0x0002167c       0x22 ../../bibliotheque pour TPs\libRobot.a(robot.o)
 .debug_macro   0x0002169e       0x1c ../../bibliotheque pour TPs\libRobot.a(robot.o)
 .debug_macro   0x000216ba       0x58 ../../bibliotheque pour TPs\libRobot.a(robot.o)
 .debug_macro   0x00021712       0x10 ../../bibliotheque pour TPs\libRobot.a(robot.o)
 .debug_macro   0x00021722      0x27a ../../bibliotheque pour TPs\libRobot.a(robot.o)
 .debug_macro   0x0002199c      0xd34 ../../bibliotheque pour TPs\libRobot.a(robot.o)
 .debug_macro   0x000226d0      0x170 ../../bibliotheque pour TPs\libRobot.a(robot.o)
 .debug_macro   0x00022840       0x58 ../../bibliotheque pour TPs\libRobot.a(robot.o)
 .debug_macro   0x00022898       0x35 ../../bibliotheque pour TPs\libRobot.a(robot.o)
 .debug_macro   0x000228cd       0x35 ../../bibliotheque pour TPs\libRobot.a(robot.o)
 .debug_macro   0x00022902      0x29d ../../bibliotheque pour TPs\libRobot.a(robot.o)
 .debug_macro   0x00022b9f       0x52 ../../bibliotheque pour TPs\libRobot.a(robot.o)
 .debug_macro   0x00022bf1       0x16 ../../bibliotheque pour TPs\libRobot.a(robot.o)
 .debug_macro   0x00022c07       0x43 ../../bibliotheque pour TPs\libRobot.a(robot.o)
 .debug_macro   0x00022c4a      0x180 ../../bibliotheque pour TPs\libRobot.a(robot.o)
 .debug_macro   0x00022dca       0x10 ../../bibliotheque pour TPs\libRobot.a(robot.o)
 .debug_macro   0x00022dda       0x22 ../../bibliotheque pour TPs\libRobot.a(robot.o)
 .debug_macro   0x00022dfc       0xbe ../../bibliotheque pour TPs\libRobot.a(robot.o)
 .debug_macro   0x00022eba      0x197 ../../bibliotheque pour TPs\libRobot.a(robot.o)
 .debug_macro   0x00023051       0x22 ../../bibliotheque pour TPs\libRobot.a(robot.o)
 .debug_macro   0x00023073       0x29 ../../bibliotheque pour TPs\libRobot.a(robot.o)
 .debug_macro   0x0002309c       0xe4 ../../bibliotheque pour TPs\libRobot.a(robot.o)
 .debug_macro   0x00023180      0x63f ../../bibliotheque pour TPs\libTPsIUT.a(libTPIUT.o)
 .debug_macro   0x000237bf       0x4a ../../bibliotheque pour TPs\libTPsIUT.a(libTPIUT.o)
 .debug_macro   0x00023809       0x97 ../../bibliotheque pour TPs\libTPsIUT.a(libTPIUT.o)
 .debug_macro   0x000238a0       0xef ../../bibliotheque pour TPs\libTPsIUT.a(libTPIUT.o)
 .debug_macro   0x0002398f       0x52 ../../bibliotheque pour TPs\libTPsIUT.a(libTPIUT.o)

.debug_line     0x00000000     0x6495
 .debug_line    0x00000000      0xb62 src/ASF/common/utils/interrupt/interrupt_sam_nvic.o
 .debug_line    0x00000b62      0xb23 src/ASF/sam/utils/cmsis/sam3x/source/templates/exceptions.o
 .debug_line    0x00001685      0xb6c src/ASF/sam/utils/cmsis/sam3x/source/templates/gcc/startup_sam3x.o
 .debug_line    0x000021f1      0xb9e src/ASF/sam/utils/cmsis/sam3x/source/templates/system_sam3x.o
 .debug_line    0x00002d8f      0x40b src/ASF/sam/utils/syscalls/gcc/syscalls.o
 .debug_line    0x0000319a      0xc68 src/main.o
 .debug_line    0x00003e02      0x8fe ../../bibliotheque pour TPs\libRobot.a(robot.o)
 .debug_line    0x00004700     0x1d95 ../../bibliotheque pour TPs\libTPsIUT.a(libTPIUT.o)

.debug_str      0x00000000    0x70541
 .debug_str     0x00000000    0x5c7db src/ASF/common/utils/interrupt/interrupt_sam_nvic.o
                              0x5cb5d (size before relaxing)
 .debug_str     0x0005c7db       0x64 src/ASF/sam/utils/cmsis/sam3x/source/templates/exceptions.o
                              0x5cb26 (size before relaxing)
 .debug_str     0x0005c83f      0x141 src/ASF/sam/utils/cmsis/sam3x/source/templates/gcc/startup_sam3x.o
                              0x5cc22 (size before relaxing)
 .debug_str     0x0005c980      0x33c src/ASF/sam/utils/cmsis/sam3x/source/templates/system_sam3x.o
                              0x5cdfe (size before relaxing)
 .debug_str     0x0005ccbc      0x779 src/ASF/sam/utils/syscalls/gcc/syscalls.o
                               0x7403 (size before relaxing)
 .debug_str     0x0005d435      0xdab src/main.o
                              0x5d8e0 (size before relaxing)
 .debug_str     0x0005e1e0     0xfc01 ../../bibliotheque pour TPs\libRobot.a(robot.o)
                              0x5dc95 (size before relaxing)
 .debug_str     0x0006dde1     0x2760 ../../bibliotheque pour TPs\libTPsIUT.a(libTPIUT.o)
                              0x60909 (size before relaxing)

.debug_frame    0x00000000     0x1d6c
 .debug_frame   0x00000000       0x30 src/ASF/common/utils/interrupt/interrupt_sam_nvic.o
 .debug_frame   0x00000030       0x20 src/ASF/sam/utils/cmsis/sam3x/source/templates/exceptions.o
 .debug_frame   0x00000050       0x28 src/ASF/sam/utils/cmsis/sam3x/source/templates/gcc/startup_sam3x.o
 .debug_frame   0x00000078       0x40 src/ASF/sam/utils/cmsis/sam3x/source/templates/system_sam3x.o
 .debug_frame   0x000000b8       0xa8 src/ASF/sam/utils/syscalls/gcc/syscalls.o
 .debug_frame   0x00000160      0x100 src/main.o
 .debug_frame   0x00000260       0xb4 ../../bibliotheque pour TPs\libRobot.a(robot.o)
 .debug_frame   0x00000314      0xa00 ../../bibliotheque pour TPs\libTPsIUT.a(libTPIUT.o)
 .debug_frame   0x00000d14       0x2c c:/program files (x86)/atmel/studio/7.0/toolchain/arm/arm-gnu-toolchain/bin/../lib/gcc/arm-none-eabi/6.3.1/../../../../arm-none-eabi/lib/thumb/v7-m\libc_nano.a(lib_a-init.o)
 .debug_frame   0x00000d40       0x20 c:/program files (x86)/atmel/studio/7.0/toolchain/arm/arm-gnu-toolchain/bin/../lib/gcc/arm-none-eabi/6.3.1/../../../../arm-none-eabi/lib/thumb/v7-m\libc_nano.a(lib_a-memset.o)
 .debug_frame   0x00000d60       0x90 c:/program files (x86)/atmel/studio/7.0/toolchain/arm/arm-gnu-toolchain/bin/../lib/gcc/arm-none-eabi/6.3.1/../../../../arm-none-eabi/lib/thumb/v7-m\libc_nano.a(lib_a-nano-vfprintf_float.o)
 .debug_frame   0x00000df0       0x60 c:/program files (x86)/atmel/studio/7.0/toolchain/arm/arm-gnu-toolchain/bin/../lib/gcc/arm-none-eabi/6.3.1/../../../../arm-none-eabi/lib/thumb/v7-m\libc_nano.a(lib_a-nano-vfprintf_i.o)